Archive member included because of file (symbol)

c:/coocox/coide/bin/arm-2011.03-coocox/bin/../lib/gcc/arm-none-eabi/4.5.2/../../../../arm-none-eabi/lib/thumb2\libm.a(lib_a-s_sin.o)
                              ..\obj\main.o (sin)
c:/coocox/coide/bin/arm-2011.03-coocox/bin/../lib/gcc/arm-none-eabi/4.5.2/../../../../arm-none-eabi/lib/thumb2\libm.a(lib_a-e_rem_pio2.o)
                              c:/coocox/coide/bin/arm-2011.03-coocox/bin/../lib/gcc/arm-none-eabi/4.5.2/../../../../arm-none-eabi/lib/thumb2\libm.a(lib_a-s_sin.o) (__ieee754_rem_pio2)
c:/coocox/coide/bin/arm-2011.03-coocox/bin/../lib/gcc/arm-none-eabi/4.5.2/../../../../arm-none-eabi/lib/thumb2\libm.a(lib_a-k_cos.o)
                              c:/coocox/coide/bin/arm-2011.03-coocox/bin/../lib/gcc/arm-none-eabi/4.5.2/../../../../arm-none-eabi/lib/thumb2\libm.a(lib_a-s_sin.o) (__kernel_cos)
c:/coocox/coide/bin/arm-2011.03-coocox/bin/../lib/gcc/arm-none-eabi/4.5.2/../../../../arm-none-eabi/lib/thumb2\libm.a(lib_a-k_rem_pio2.o)
                              c:/coocox/coide/bin/arm-2011.03-coocox/bin/../lib/gcc/arm-none-eabi/4.5.2/../../../../arm-none-eabi/lib/thumb2\libm.a(lib_a-e_rem_pio2.o) (__kernel_rem_pio2)
c:/coocox/coide/bin/arm-2011.03-coocox/bin/../lib/gcc/arm-none-eabi/4.5.2/../../../../arm-none-eabi/lib/thumb2\libm.a(lib_a-k_sin.o)
                              c:/coocox/coide/bin/arm-2011.03-coocox/bin/../lib/gcc/arm-none-eabi/4.5.2/../../../../arm-none-eabi/lib/thumb2\libm.a(lib_a-s_sin.o) (__kernel_sin)
c:/coocox/coide/bin/arm-2011.03-coocox/bin/../lib/gcc/arm-none-eabi/4.5.2/../../../../arm-none-eabi/lib/thumb2\libm.a(lib_a-s_fabs.o)
                              c:/coocox/coide/bin/arm-2011.03-coocox/bin/../lib/gcc/arm-none-eabi/4.5.2/../../../../arm-none-eabi/lib/thumb2\libm.a(lib_a-e_rem_pio2.o) (fabs)
c:/coocox/coide/bin/arm-2011.03-coocox/bin/../lib/gcc/arm-none-eabi/4.5.2/../../../../arm-none-eabi/lib/thumb2\libm.a(lib_a-s_floor.o)
                              c:/coocox/coide/bin/arm-2011.03-coocox/bin/../lib/gcc/arm-none-eabi/4.5.2/../../../../arm-none-eabi/lib/thumb2\libm.a(lib_a-k_rem_pio2.o) (floor)
c:/coocox/coide/bin/arm-2011.03-coocox/bin/../lib/gcc/arm-none-eabi/4.5.2/../../../../arm-none-eabi/lib/thumb2\libm.a(lib_a-s_scalbn.o)
                              c:/coocox/coide/bin/arm-2011.03-coocox/bin/../lib/gcc/arm-none-eabi/4.5.2/../../../../arm-none-eabi/lib/thumb2\libm.a(lib_a-k_rem_pio2.o) (scalbn)
c:/coocox/coide/bin/arm-2011.03-coocox/bin/../lib/gcc/arm-none-eabi/4.5.2/../../../../arm-none-eabi/lib/thumb2\libm.a(lib_a-s_copysign.o)
                              c:/coocox/coide/bin/arm-2011.03-coocox/bin/../lib/gcc/arm-none-eabi/4.5.2/../../../../arm-none-eabi/lib/thumb2\libm.a(lib_a-s_scalbn.o) (copysign)
c:/coocox/coide/bin/arm-2011.03-coocox/bin/../lib/gcc/arm-none-eabi/4.5.2/thumb2\libgcc.a(_divsi3.o)
                              c:/coocox/coide/bin/arm-2011.03-coocox/bin/../lib/gcc/arm-none-eabi/4.5.2/../../../../arm-none-eabi/lib/thumb2\libm.a(lib_a-k_rem_pio2.o) (__aeabi_idiv)
c:/coocox/coide/bin/arm-2011.03-coocox/bin/../lib/gcc/arm-none-eabi/4.5.2/thumb2\libgcc.a(_dvmd_tls.o)
                              c:/coocox/coide/bin/arm-2011.03-coocox/bin/../lib/gcc/arm-none-eabi/4.5.2/thumb2\libgcc.a(_divsi3.o) (__aeabi_idiv0)
c:/coocox/coide/bin/arm-2011.03-coocox/bin/../lib/gcc/arm-none-eabi/4.5.2/thumb2\libgcc.a(_arm_addsubdf3.o)
                              ..\obj\main.o (__aeabi_dsub)
c:/coocox/coide/bin/arm-2011.03-coocox/bin/../lib/gcc/arm-none-eabi/4.5.2/thumb2\libgcc.a(_arm_muldivdf3.o)
                              ..\obj\main.o (__aeabi_dmul)
c:/coocox/coide/bin/arm-2011.03-coocox/bin/../lib/gcc/arm-none-eabi/4.5.2/thumb2\libgcc.a(_arm_cmpdf2.o)
                              c:/coocox/coide/bin/arm-2011.03-coocox/bin/../lib/gcc/arm-none-eabi/4.5.2/../../../../arm-none-eabi/lib/thumb2\libm.a(lib_a-e_rem_pio2.o) (__aeabi_dcmpeq)
c:/coocox/coide/bin/arm-2011.03-coocox/bin/../lib/gcc/arm-none-eabi/4.5.2/thumb2\libgcc.a(_arm_fixdfsi.o)
                              ..\obj\TextStrings.o (__aeabi_d2iz)
c:/coocox/coide/bin/arm-2011.03-coocox/bin/../lib/gcc/arm-none-eabi/4.5.2/thumb2\libgcc.a(_arm_truncdfsf2.o)
                              ..\obj\main.o (__aeabi_d2f)
c:/coocox/coide/bin/arm-2011.03-coocox/bin/../lib/gcc/arm-none-eabi/4.5.2/thumb2\libgcc.a(_arm_addsubsf3.o)
                              ..\obj\main.o (__aeabi_fsub)
c:/coocox/coide/bin/arm-2011.03-coocox/bin/../lib/gcc/arm-none-eabi/4.5.2/thumb2\libgcc.a(_arm_muldivsf3.o)
                              ..\obj\main.o (__aeabi_fmul)
c:/coocox/coide/bin/arm-2011.03-coocox/bin/../lib/gcc/arm-none-eabi/4.5.2/thumb2\libgcc.a(_arm_cmpsf2.o)
                              ..\obj\main.o (__aeabi_fcmpeq)
c:/coocox/coide/bin/arm-2011.03-coocox/bin/../lib/gcc/arm-none-eabi/4.5.2/thumb2\libgcc.a(_arm_fixsfsi.o)
                              ..\obj\main.o (__aeabi_f2iz)
[...]
Memory Configuration

Name             Origin             Length             Attributes
bootay           0x08000000         0x00004000         xr
flash_allocate   0x08004000         0x00004000         xr
rom              0x08008000         0x000f8000         xr
ram              0x20000000         0x00020000         xrw
ram1             0x10000000         0x00010000         xrw
*default*        0x00000000         0xffffffff

Linker script and memory map

                0x20020000                _eram = 0x20020000

.isr_vector     0x08000000      0x188
                0x08000000                . = ALIGN (0x4)
 *(.isr_vector)
 .isr_vector    0x08000000      0x188 ..\obj\startup_stm32f4xx.o
                0x08000000                g_pfnVectors
                0x08000188                . = ALIGN (0x4)

.flash_reserve  0x08004000        0x0
                0x08004000                . = ALIGN (0x4)
 *(.flash_reserve)
                0x08004000                . = ALIGN (0x4)

.text           0x08008000    0xf7580
 *(.text*)
 .text.Default_Reset_Handler
                0x08008000       0x64 ..\obj\startup_stm32f4xx.o
                0x08008000                Default_Reset_Handler
                0x08008000                Reset_Handler
 .text.Default_Handler
                0x08008064        0x8 ..\obj\startup_stm32f4xx.o
                0x08008064                RTC_Alarm_IRQHandler
                0x08008064                HASH_RNG_IRQHandler
                0x08008064                EXTI2_IRQHandler
                0x08008064                TIM8_CC_IRQHandler
                0x08008064                DebugMon_Handler
                0x08008064                TIM1_CC_IRQHandler
                0x08008064                DMA2_Stream5_IRQHandler
                0x08008064                HardFault_Handler
                0x08008064                DMA1_Stream5_IRQHandler
                0x08008064                SysTick_Handler
                0x08008064                PVD_IRQHandler
                0x08008064                SDIO_IRQHandler
                0x08008064                TAMP_STAMP_IRQHandler
                0x08008064                PendSV_Handler
                0x08008064                NMI_Handler
                0x08008064                CAN2_RX1_IRQHandler
                0x08008064                EXTI3_IRQHandler
                0x08008064                TIM8_TRG_COM_TIM14_IRQHandler
                0x08008064                TIM1_UP_TIM10_IRQHandler
                0x08008064                TIM8_UP_TIM13_IRQHandler
                0x08008064                I2C3_ER_IRQHandler
                0x08008064                EXTI0_IRQHandler
                0x08008064                I2C2_EV_IRQHandler
                0x08008064                DMA1_Stream2_IRQHandler
                0x08008064                CAN1_RX0_IRQHandler
                0x08008064                FPU_IRQHandler
                0x08008064                OTG_HS_WKUP_IRQHandler
                0x08008064                UsageFault_Handler
                0x08008064                CAN2_SCE_IRQHandler
                0x08008064                DMA2_Stream2_IRQHandler
                0x08008064                SPI1_IRQHandler
                0x08008064                TIM1_BRK_TIM9_IRQHandler
                0x08008064                DCMI_IRQHandler
                0x08008064                CAN2_RX0_IRQHandler
                0x08008064                DMA2_Stream3_IRQHandler
                0x08008064                USART6_IRQHandler
                0x08008064                USART3_IRQHandler
                0x08008064                CRYP_IRQHandler
                0x08008064                CAN1_RX1_IRQHandler
                0x08008064                UART5_IRQHandler
                0x08008064                DMA2_Stream0_IRQHandler
                0x08008064                TIM4_IRQHandler
                0x08008064                I2C1_EV_IRQHandler
                0x08008064                DMA1_Stream6_IRQHandler
                0x08008064                DMA1_Stream1_IRQHandler
                0x08008064                UART4_IRQHandler
                0x08008064                TIM3_IRQHandler
                0x08008064                RCC_IRQHandler
                0x08008064                TIM8_BRK_TIM12_IRQHandler
                0x08008064                EXTI15_10_IRQHandler
                0x08008064                ADC_IRQHandler
                0x08008064                DMA1_Stream7_IRQHandler
                0x08008064                CAN2_TX_IRQHandler
                0x08008064                TIM5_IRQHandler
                0x08008064                DMA2_Stream7_IRQHandler
                0x08008064                I2C3_EV_IRQHandler
                0x08008064                EXTI9_5_IRQHandler
                0x08008064                RTC_WKUP_IRQHandler
                0x08008064                ETH_WKUP_IRQHandler
                0x08008064                SPI2_IRQHandler
                0x08008064                OTG_HS_EP1_IN_IRQHandler
                0x08008064                MemManage_Handler
                0x08008064                DMA1_Stream0_IRQHandler
                0x08008064                CAN1_TX_IRQHandler
                0x08008064                SVC_Handler
                0x08008064                EXTI4_IRQHandler
                0x08008064                FSMC_IRQHandler
                0x08008064                ETH_IRQHandler
                0x08008064                OTG_HS_EP1_OUT_IRQHandler
                0x08008064                WWDG_IRQHandler
                0x08008064                TIM2_IRQHandler
                0x08008064                OTG_FS_WKUP_IRQHandler
                0x08008064                TIM1_TRG_COM_TIM11_IRQHandler
                0x08008064                OTG_HS_IRQHandler
                0x08008064                EXTI1_IRQHandler
                0x08008064                USART2_IRQHandler
                0x08008064                I2C2_ER_IRQHandler
                0x08008064                DMA2_Stream1_IRQHandler
                0x08008064                CAN1_SCE_IRQHandler
                0x08008064                FLASH_IRQHandler
                0x08008064                DMA2_Stream4_IRQHandler
                0x08008064                BusFault_Handler
                0x08008064                USART1_IRQHandler
                0x08008064                OTG_FS_IRQHandler
                0x08008064                SPI3_IRQHandler
                0x08008064                DMA1_Stream4_IRQHandler
                0x08008064                I2C1_ER_IRQHandler
                0x08008064                DMA2_Stream6_IRQHandler
                0x08008064                DMA1_Stream3_IRQHandler
 .text.NVIC_EnableIRQ
                0x0800806c       0x34 ..\obj\main.o
 .text.main     0x080080a0     0x59f8 ..\obj\main.o
                0x080080a0                main
 .text.DropGate
                0x0800da98      0x574 ..\obj\main.o
                0x0800da98                DropGate
 .text.DoReactionGame
                0x0800e00c      0x924 ..\obj\main.o
                0x0800e00c                DoReactionGame
 .text.LightTestCycle
                0x0800e930      0x320 ..\obj\main.o
                0x0800e930                LightTestCycle
 .text.ReadLightExitControlInput
                0x0800ec50      0x290 ..\obj\main.o
                0x0800ec50                ReadLightExitControlInput
 .text.ValidateUUIDMask
                0x0800eee0      0x1a8 ..\obj\main.o
                0x0800eee0                ValidateUUIDMask
 .text.CheckSensor
                0x0800f088       0x64 ..\obj\main.o
                0x0800f088                CheckSensor
 .text.GetTimeFromTicks
                0x0800f0ec       0xe0 ..\obj\main.o
                0x0800f0ec                GetTimeFromTicks
 .text.GetTimeString
                0x0800f1cc      0x10c ..\obj\main.o
                0x0800f1cc                GetTimeString
 .text.GetTimesString
                0x0800f2d8      0x27c ..\obj\main.o
                0x0800f2d8                GetTimesString
 .text.CalculateSpeed
                0x0800f554       0xcc ..\obj\main.o
                0x0800f554                CalculateSpeed
 .text.ProcessElapsedTimer
                0x0800f620       0x8c ..\obj\main.o
                0x0800f620                ProcessElapsedTimer
 .text.ProcessTimeAndSpeed
                0x0800f6ac      0x2c8 ..\obj\main.o
                0x0800f6ac                ProcessTimeAndSpeed
 .text.DoTimeAndDisabled
                0x0800f974       0xcc ..\obj\main.o
                0x0800f974                DoTimeAndDisabled
 .text.DoTimeAndSpeed
                0x0800fa40      0x4dc ..\obj\main.o
                0x0800fa40                DoTimeAndSpeed
 .text.DoSpeedAndDisabled
                0x0800ff1c      0x1b8 ..\obj\main.o
                0x0800ff1c                DoSpeedAndDisabled
 .text.DoSprintTimer
                0x080100d4      0x590 ..\obj\main.o
                0x080100d4                DoSprintTimer
 .text.CopyTimerHistoryDown
                0x08010664      0x238 ..\obj\main.o
                0x08010664                CopyTimerHistoryDown
 .text.AddTimeToTimerHistory
                0x0801089c       0xa8 ..\obj\main.o
                0x0801089c                AddTimeToTimerHistory
 .text.InitPorts
                0x08010944      0x468 ..\obj\main.o
                0x08010944                InitPorts
 .text.InitClocks
                0x08010dac       0x18 ..\obj\main.o
                0x08010dac                InitClocks
 .text.InitAudio
                0x08010dc4       0x28 ..\obj\main.o
                0x08010dc4                InitAudio
 .text.InitLCD  0x08010dec       0xe0 ..\obj\main.o
                0x08010dec                InitLCD
 .text.DefineCustomCharacters
                0x08010ecc      0x150 ..\obj\main.o
                0x08010ecc                DefineCustomCharacters
 .text.PlayRaiseGateAnimation
                0x0801101c      0x378 ..\obj\main.o
                0x0801101c                PlayRaiseGateAnimation
 .text.PlayDropGateAnimation
                0x08011394      0x3d8 ..\obj\main.o
                0x08011394                PlayDropGateAnimation
 .text.WriteLCD_Command
                0x0801176c       0x70 ..\obj\main.o
                0x0801176c                WriteLCD_Command
 .text.WriteLCD_Data
                0x080117dc       0x78 ..\obj\main.o
                0x080117dc                WriteLCD_Data
 .text.WriteLCD_Line
                0x08011854       0x60 ..\obj\main.o
                0x08011854                WriteLCD_Line
 .text.WriteLCD_LineCentered
                0x080118b4       0xac ..\obj\main.o
                0x080118b4                WriteLCD_LineCentered
 .text.UpdateLCD
                0x08011960       0xe8 ..\obj\main.o
                0x08011960                UpdateLCD
 .text.StartTimers
                0x08011a48       0xe8 ..\obj\main.o
                0x08011a48                StartTimers
 .text.TIM7_IRQHandler
                0x08011b30       0xa8 ..\obj\main.o
                0x08011b30                TIM7_IRQHandler
 .text.TIM6_DAC_IRQHandler
                0x08011bd8      0x46c ..\obj\main.o
                0x08011bd8                TIM6_DAC_IRQHandler
 .text.PulseSolenoid
                0x08012044       0x58 ..\obj\main.o
                0x08012044                PulseSolenoid
 .text.StartGatePowerOffTimer
                0x0801209c       0x38 ..\obj\main.o
                0x0801209c                StartGatePowerOffTimer
 .text.SetGatePowerOff
                0x080120d4       0x38 ..\obj\main.o
                0x080120d4                SetGatePowerOff
 .text.SetGatePowerOn
                0x0801210c       0x38 ..\obj\main.o
                0x0801210c                SetGatePowerOn
 .text.ShortDelay
                0x08012144       0x2c ..\obj\main.o
                0x08012144                ShortDelay
 .text.Delay    0x08012170       0x24 ..\obj\main.o
                0x08012170                Delay
 .text.GetRandomNumber
                0x08012194       0x68 ..\obj\main.o
 .text.SetAttenuator
                0x080121fc       0x64 ..\obj\main.o
                0x080121fc                SetAttenuator
 .text.PlaySilence
                0x08012260       0xa0 ..\obj\main.o
                0x08012260                PlaySilence
 .text.PlayTone
                0x08012300      0x110 ..\obj\main.o
                0x08012300                PlayTone
 .text.PlaySample24khz
                0x08012410      0x134 ..\obj\main.o
                0x08012410                PlaySample24khz
 .text.PrintElapsedTime
                0x08012544       0xec ..\obj\main.o
                0x08012544                PrintElapsedTime
 .text.PlayGateUpTones
                0x08012630       0xb0 ..\obj\main.o
                0x08012630                PlayGateUpTones
 .text.ReadInputs
                0x080126e0      0x254 ..\obj\main.o
                0x080126e0                ReadInputs
 .text.WaitForButtonUp
                0x08012934       0x28 ..\obj\main.o
                0x08012934                WaitForButtonUp
 .text.BatteryLevel
                0x0801295c      0x20c ..\obj\main.o
                0x0801295c                BatteryLevel
 .text.ReadBatteryCondition
                0x08012b68       0x38 ..\obj\main.o
                0x08012b68                ReadBatteryCondition
 .text.PlayTimeOrPercent
                0x08012ba0     0x10d0 ..\obj\main.o
                0x08012ba0                PlayTimeOrPercent
 .text.PlaySpeed
                0x08013c70      0x700 ..\obj\main.o
                0x08013c70                PlaySpeed
 .text.PlayDigit
                0x08014370      0x134 ..\obj\main.o
                0x08014370                PlayDigit
 .text.ClearContexts
                0x080144a4       0xa8 ..\obj\main.o
                0x080144a4                ClearContexts
 .text.InitMenus
                0x0801454c      0xc90 ..\obj\main.o
                0x0801454c                InitMenus
 .text.SetGateMenuState
                0x080151dc       0x88 ..\obj\main.o
                0x080151dc                SetGateMenuState
 .text.ClearTimingHistories
                0x08015264      0x16c ..\obj\main.o
                0x08015264                ClearTimingHistories
 .text.SaveEverythingToFlashMemory
                0x080153d0      0x750 ..\obj\main.o
                0x080153d0                SaveEverythingToFlashMemory
 .text.ReadEverythingFromFlashMemory
                0x08015b20      0x5fc ..\obj\main.o
                0x08015b20                ReadEverythingFromFlashMemory
 .text.GetFlashSector
                0x0801611c      0x158 ..\obj\main.o
                0x0801611c                GetFlashSector
 .text.ItemCopy
                0x08016274       0xa0 ..\obj\main.o
                0x08016274                ItemCopy
 .text.SetMenuText
                0x08016314       0x3c ..\obj\main.o
                0x08016314                SetMenuText
 .text.InitTextStrings
                0x08016350       0xa8 ..\obj\TextStrings.o
                0x08016350                InitTextStrings
 .text.DecryptString
                0x080163f8       0xf0 ..\obj\TextStrings.o
                0x080163f8                DecryptString
 .text.RCC_PLLI2SCmd
                0x080164e8       0x20 ..\obj\stm32f4xx_rcc.o
                0x080164e8                RCC_PLLI2SCmd
 .text.RCC_GetClocksFreq
                0x08016508      0x17c ..\obj\stm32f4xx_rcc.o
                0x08016508                RCC_GetClocksFreq
 .text.RCC_AHB1PeriphClockCmd
                0x08016684       0x44 ..\obj\stm32f4xx_rcc.o
                0x08016684                RCC_AHB1PeriphClockCmd
 .text.RCC_AHB2PeriphClockCmd
                0x080166c8       0x44 ..\obj\stm32f4xx_rcc.o
                0x080166c8                RCC_AHB2PeriphClockCmd
 .text.RCC_APB1PeriphClockCmd
                0x0801670c       0x44 ..\obj\stm32f4xx_rcc.o
                0x0801670c                RCC_APB1PeriphClockCmd
 .text.RCC_APB2PeriphClockCmd
                0x08016750       0x44 ..\obj\stm32f4xx_rcc.o
                0x08016750                RCC_APB2PeriphClockCmd
 .text.RCC_APB1PeriphResetCmd
                0x08016794       0x44 ..\obj\stm32f4xx_rcc.o
                0x08016794                RCC_APB1PeriphResetCmd
 .text.RCC_APB2PeriphResetCmd
                0x080167d8       0x44 ..\obj\stm32f4xx_rcc.o
                0x080167d8                RCC_APB2PeriphResetCmd
 .text.codec_init
                0x0801681c      0x1b4 ..\obj\codec.o
                0x0801681c                codec_init
 .text.codec_ctrl_init
                0x080169d0      0x1e8 ..\obj\codec.o
                0x080169d0                codec_ctrl_init
 .text.send_codec_ctrl
                0x08016bb8       0xc4 ..\obj\codec.o
                0x08016bb8                send_codec_ctrl
 .text.read_codec_register
                0x08016c7c      0x11c ..\obj\codec.o
                0x08016c7c                read_codec_register
 .text.ADC_Init
                0x08016d98       0xc4 ..\obj\stm32f4xx_adc.o
                0x08016d98                ADC_Init
 .text.ADC_Cmd  0x08016e5c       0x38 ..\obj\stm32f4xx_adc.o
                0x08016e5c                ADC_Cmd
 .text.ADC_RegularChannelConfig
                0x08016e94      0x1d0 ..\obj\stm32f4xx_adc.o
                0x08016e94                ADC_RegularChannelConfig
 .text.ADC_SoftwareStartConv
                0x08017064       0x20 ..\obj\stm32f4xx_adc.o
                0x08017064                ADC_SoftwareStartConv
 .text.ADC_GetConversionValue
                0x08017084       0x1c ..\obj\stm32f4xx_adc.o
                0x08017084                ADC_GetConversionValue
 .text.ADC_GetFlagStatus
                0x080170a0       0x3c ..\obj\stm32f4xx_adc.o
                0x080170a0                ADC_GetFlagStatus
 .text.PutChar  0x080170dc       0x24 ..\obj\printf.o
                0x080170dc                PutChar
 .text.PutString
                0x08017100       0x48 ..\obj\printf.o
                0x08017100                PutString
 .text.PutUnsignedInt
                0x08017148       0xb4 ..\obj\printf.o
                0x08017148                PutUnsignedInt
 .text.PutSignedInt
                0x080171fc      0x11c ..\obj\printf.o
                0x080171fc                PutSignedInt
 .text.PutHexa  0x08017318       0xe8 ..\obj\printf.o
                0x08017318                PutHexa
 .text.vsnprintf
                0x08017400      0x2a4 ..\obj\printf.o
                0x08017400                vsnprintf
 .text.vsprintf
                0x080176a4       0x28 ..\obj\printf.o
                0x080176a4                vsprintf
 .text.sprintf  0x080176cc       0x30 ..\obj\printf.o
                0x080176cc                sprintf
 .text.GPIO_Init
                0x080176fc      0x148 ..\obj\stm32f4xx_gpio.o
                0x080176fc                GPIO_Init
 .text.GPIO_StructInit
                0x08017844       0x3c ..\obj\stm32f4xx_gpio.o
                0x08017844                GPIO_StructInit
 .text.GPIO_SetBits
                0x08017880       0x1c ..\obj\stm32f4xx_gpio.o
                0x08017880                GPIO_SetBits
 .text.GPIO_ResetBits
                0x0801789c       0x1c ..\obj\stm32f4xx_gpio.o
                0x0801789c                GPIO_ResetBits
 .text.GPIO_PinAFConfig
                0x080178b8       0xac ..\obj\stm32f4xx_gpio.o
                0x080178b8                GPIO_PinAFConfig
 .text.FLASH_Unlock
                0x08017964       0x2c ..\obj\stm32f4xx_flash.o
                0x08017964                FLASH_Unlock
 .text.FLASH_Lock
                0x08017990       0x1c ..\obj\stm32f4xx_flash.o
                0x08017990                FLASH_Lock
 .text.FLASH_EraseSector
                0x080179ac       0xcc ..\obj\stm32f4xx_flash.o
                0x080179ac                FLASH_EraseSector
 .text.FLASH_ProgramWord
                0x08017a78       0x6c ..\obj\stm32f4xx_flash.o
                0x08017a78                FLASH_ProgramWord
 .text.FLASH_ProgramByte
                0x08017ae4       0x6c ..\obj\stm32f4xx_flash.o
                0x08017ae4                FLASH_ProgramByte
 .text.FLASH_ClearFlag
                0x08017b50       0x1c ..\obj\stm32f4xx_flash.o
                0x08017b50                FLASH_ClearFlag
 .text.FLASH_GetStatus
                0x08017b6c       0x74 ..\obj\stm32f4xx_flash.o
                0x08017b6c                FLASH_GetStatus
 .text.FLASH_WaitForLastOperation
                0x08017be0       0x34 ..\obj\stm32f4xx_flash.o
                0x08017be0                FLASH_WaitForLastOperation
 .text.SystemInit
                0x08017c14       0x5c ..\obj\system_stm32f4xx.o
                0x08017c14                SystemInit
 .text.SetSysClock
                0x08017c70      0x130 ..\obj\system_stm32f4xx.o
 .text.SPI_I2S_DeInit
                0x08017da0       0x80 ..\obj\stm32f4xx_spi.o
                0x08017da0                SPI_I2S_DeInit
 .text.SPI_Init
                0x08017e20       0x98 ..\obj\stm32f4xx_spi.o
                0x08017e20                SPI_Init
 .text.I2S_Init
                0x08017eb8      0x1fc ..\obj\stm32f4xx_spi.o
                0x08017eb8                I2S_Init
 .text.SPI_Cmd  0x080180b4       0x40 ..\obj\stm32f4xx_spi.o
                0x080180b4                SPI_Cmd
 .text.I2S_Cmd  0x080180f4       0x40 ..\obj\stm32f4xx_spi.o
                0x080180f4                I2S_Cmd
 .text.SPI_I2S_ReceiveData
                0x08018134       0x1c ..\obj\stm32f4xx_spi.o
                0x08018134                SPI_I2S_ReceiveData
 .text.SPI_I2S_SendData
                0x08018150       0x1c ..\obj\stm32f4xx_spi.o
                0x08018150                SPI_I2S_SendData
 .text.SPI_CalculateCRC
                0x0801816c       0x40 ..\obj\stm32f4xx_spi.o
                0x0801816c                SPI_CalculateCRC
 .text.SPI_I2S_GetFlagStatus
                0x080181ac       0x40 ..\obj\stm32f4xx_spi.o
                0x080181ac                SPI_I2S_GetFlagStatus
 .text.I2C_DeInit
                0x080181ec       0x80 ..\obj\stm32f4xx_i2c.o
                0x080181ec                I2C_DeInit
 .text.I2C_Init
                0x0801826c      0x1b0 ..\obj\stm32f4xx_i2c.o
                0x0801826c                I2C_Init
 .text.I2C_Cmd  0x0801841c       0x40 ..\obj\stm32f4xx_i2c.o
                0x0801841c                I2C_Cmd
 .text.I2C_GenerateSTART
                0x0801845c       0x40 ..\obj\stm32f4xx_i2c.o
                0x0801845c                I2C_GenerateSTART
 .text.I2C_GenerateSTOP
                0x0801849c       0x40 ..\obj\stm32f4xx_i2c.o
                0x0801849c                I2C_GenerateSTOP
 .text.I2C_Send7bitAddress
                0x080184dc       0x3c ..\obj\stm32f4xx_i2c.o
                0x080184dc                I2C_Send7bitAddress
 .text.I2C_AcknowledgeConfig
                0x08018518       0x40 ..\obj\stm32f4xx_i2c.o
                0x08018518                I2C_AcknowledgeConfig
 .text.I2C_SendData
                0x08018558       0x20 ..\obj\stm32f4xx_i2c.o
                0x08018558                I2C_SendData
 .text.I2C_ReceiveData
                0x08018578       0x1c ..\obj\stm32f4xx_i2c.o
                0x08018578                I2C_ReceiveData
 .text.I2C_CheckEvent
                0x08018594       0x70 ..\obj\stm32f4xx_i2c.o
                0x08018594                I2C_CheckEvent
 .text.I2C_GetFlagStatus
                0x08018604       0x7c ..\obj\stm32f4xx_i2c.o
                0x08018604                I2C_GetFlagStatus
 .text.RNG_Cmd  0x08018680       0x38 ..\obj\stm32f4xx_rng.o
                0x08018680                RNG_Cmd
 .text.RNG_GetRandomNumber
                0x080186b8       0x14 ..\obj\stm32f4xx_rng.o
                0x080186b8                RNG_GetRandomNumber
 .text          0x080186cc       0x98 c:/coocox/coide/bin/arm-2011.03-coocox/bin/../lib/gcc/arm-none-eabi/4.5.2/../../../../arm-none-eabi/lib/thumb2\libm.a(lib_a-s_sin.o)
                0x080186cc                sin
 *fill*         0x08018764        0x4 00
 .text          0x08018768      0x450 c:/coocox/coide/bin/arm-2011.03-coocox/bin/../lib/gcc/arm-none-eabi/4.5.2/../../../../arm-none-eabi/lib/thumb2\libm.a(lib_a-e_rem_pio2.o)
                0x08018768                __ieee754_rem_pio2
 .text          0x08018bb8      0x250 c:/coocox/coide/bin/arm-2011.03-coocox/bin/../lib/gcc/arm-none-eabi/4.5.2/../../../../arm-none-eabi/lib/thumb2\libm.a(lib_a-k_cos.o)
                0x08018bb8                __kernel_cos
 .text          0x08018e08      0x7a8 c:/coocox/coide/bin/arm-2011.03-coocox/bin/../lib/gcc/arm-none-eabi/4.5.2/../../../../arm-none-eabi/lib/thumb2\libm.a(lib_a-k_rem_pio2.o)
                0x08018e08                __kernel_rem_pio2
 .text          0x080195b0      0x168 c:/coocox/coide/bin/arm-2011.03-coocox/bin/../lib/gcc/arm-none-eabi/4.5.2/../../../../arm-none-eabi/lib/thumb2\libm.a(lib_a-k_sin.o)
                0x080195b0                __kernel_sin
 .text          0x08019718        0x8 c:/coocox/coide/bin/arm-2011.03-coocox/bin/../lib/gcc/arm-none-eabi/4.5.2/../../../../arm-none-eabi/lib/thumb2\libm.a(lib_a-s_fabs.o)
                0x08019718                fabs
 .text          0x08019720      0x128 c:/coocox/coide/bin/arm-2011.03-coocox/bin/../lib/gcc/arm-none-eabi/4.5.2/../../../../arm-none-eabi/lib/thumb2\libm.a(lib_a-s_floor.o)
                0x08019720                floor
 .text          0x08019848      0x108 c:/coocox/coide/bin/arm-2011.03-coocox/bin/../lib/gcc/arm-none-eabi/4.5.2/../../../../arm-none-eabi/lib/thumb2\libm.a(lib_a-s_scalbn.o)
                0x08019848                scalbn
 .text          0x08019950       0x14 c:/coocox/coide/bin/arm-2011.03-coocox/bin/../lib/gcc/arm-none-eabi/4.5.2/../../../../arm-none-eabi/lib/thumb2\libm.a(lib_a-s_copysign.o)
                0x08019950                copysign
 *fill*         0x08019964        0x4 00
 .text          0x08019968      0x2b0 c:/coocox/coide/bin/arm-2011.03-coocox/bin/../lib/gcc/arm-none-eabi/4.5.2/thumb2\libgcc.a(_divsi3.o)
                0x08019968                __divsi3
                0x08019968                __aeabi_idiv
                0x08019bfc                __aeabi_idivmod
 .text          0x08019c18        0x4 c:/coocox/coide/bin/arm-2011.03-coocox/bin/../lib/gcc/arm-none-eabi/4.5.2/thumb2\libgcc.a(_dvmd_tls.o)
                0x08019c18                __aeabi_idiv0
                0x08019c18                __aeabi_ldiv0
 .text          0x08019c1c      0x370 c:/coocox/coide/bin/arm-2011.03-coocox/bin/../lib/gcc/arm-none-eabi/4.5.2/thumb2\libgcc.a(_arm_addsubdf3.o)
                0x08019c1c                __aeabi_drsub
                0x08019c24                __aeabi_dsub
                0x08019c24                __subdf3
                0x08019c28                __aeabi_dadd
                0x08019c28                __adddf3
                0x08019ea0                __floatunsidf
                0x08019ea0                __aeabi_ui2d
                0x08019ec0                __floatsidf
                0x08019ec0                __aeabi_i2d
                0x08019ee4                __aeabi_f2d
                0x08019ee4                __extendsfdf2
                0x08019f20                __floatundidf
                0x08019f20                __aeabi_ul2d
                0x08019f30                __floatdidf
                0x08019f30                __aeabi_l2d
 .text          0x08019f8c      0x424 c:/coocox/coide/bin/arm-2011.03-coocox/bin/../lib/gcc/arm-none-eabi/4.5.2/thumb2\libgcc.a(_arm_muldivdf3.o)
                0x08019f8c                __aeabi_dmul
                0x08019f8c                __muldf3
                0x0801a1e0                __divdf3
                0x0801a1e0                __aeabi_ddiv
 .text          0x0801a3b0      0x110 c:/coocox/coide/bin/arm-2011.03-coocox/bin/../lib/gcc/arm-none-eabi/4.5.2/thumb2\libgcc.a(_arm_cmpdf2.o)
                0x0801a3b0                __gtdf2
                0x0801a3b0                __gedf2
                0x0801a3b8                __ltdf2
                0x0801a3b8                __ledf2
                0x0801a3c0                __nedf2
                0x0801a3c0                __eqdf2
                0x0801a3c0                __cmpdf2
                0x0801a43c                __aeabi_cdrcmple
                0x0801a44c                __aeabi_cdcmpeq
                0x0801a44c                __aeabi_cdcmple
                0x0801a45c                __aeabi_dcmpeq
                0x0801a470                __aeabi_dcmplt
                0x0801a484                __aeabi_dcmple
                0x0801a498                __aeabi_dcmpge
                0x0801a4ac                __aeabi_dcmpgt
 .text          0x0801a4c0       0x50 c:/coocox/coide/bin/arm-2011.03-coocox/bin/../lib/gcc/arm-none-eabi/4.5.2/thumb2\libgcc.a(_arm_fixdfsi.o)
                0x0801a4c0                __aeabi_d2iz
                0x0801a4c0                __fixdfsi
 .text          0x0801a510       0xa0 c:/coocox/coide/bin/arm-2011.03-coocox/bin/../lib/gcc/arm-none-eabi/4.5.2/thumb2\libgcc.a(_arm_truncdfsf2.o)
                0x0801a510                __truncdfsf2
                0x0801a510                __aeabi_d2f
 .text          0x0801a5b0      0x21c c:/coocox/coide/bin/arm-2011.03-coocox/bin/../lib/gcc/arm-none-eabi/4.5.2/thumb2\libgcc.a(_arm_addsubsf3.o)
                0x0801a5b0                __aeabi_frsub
                0x0801a5b8                __subsf3
                0x0801a5b8                __aeabi_fsub
                0x0801a5bc                __aeabi_fadd
                0x0801a5bc                __addsf3
                0x0801a71c                __aeabi_ui2f
                0x0801a71c                __floatunsisf
                0x0801a724                __aeabi_i2f
                0x0801a724                __floatsisf
                0x0801a740                __aeabi_ul2f
                0x0801a740                __floatundisf
                0x0801a750                __aeabi_l2f
                0x0801a750                __floatdisf
 .text          0x0801a7cc      0x2a0 c:/coocox/coide/bin/arm-2011.03-coocox/bin/../lib/gcc/arm-none-eabi/4.5.2/thumb2\libgcc.a(_arm_muldivsf3.o)
                0x0801a7cc                __mulsf3
                0x0801a7cc                __aeabi_fmul
                0x0801a934                __aeabi_fdiv
                0x0801a934                __divsf3
 .text          0x0801aa6c       0xec c:/coocox/coide/bin/arm-2011.03-coocox/bin/../lib/gcc/arm-none-eabi/4.5.2/thumb2\libgcc.a(_arm_cmpsf2.o)
                0x0801aa6c                __gesf2
                0x0801aa6c                __gtsf2
                0x0801aa74                __lesf2
                0x0801aa74                __ltsf2
                0x0801aa7c                __nesf2
                0x0801aa7c                __eqsf2
                0x0801aa7c                __cmpsf2
                0x0801aadc                __aeabi_cfrcmple
                0x0801aae4                __aeabi_cfcmpeq
                0x0801aae4                __aeabi_cfcmple
                0x0801aaf4                __aeabi_fcmpeq
                0x0801ab08                __aeabi_fcmplt
                0x0801ab1c                __aeabi_fcmple
                0x0801ab30                __aeabi_fcmpge
                0x0801ab44                __aeabi_fcmpgt
 .text          0x0801ab58       0x4c c:/coocox/coide/bin/arm-2011.03-coocox/bin/../lib/gcc/arm-none-eabi/4.5.2/thumb2\libgcc.a(_arm_fixsfsi.o)
                0x0801ab58                __aeabi_f2iz
                0x0801ab58                __fixsfsi
 .text          0x0801aba4       0x40 c:/coocox/coide/bin/arm-2011.03-coocox/bin/../lib/gcc/arm-none-eabi/4.5.2/thumb2\libgcc.a(_arm_fixunssfsi.o)
                0x0801aba4                __fixunssfsi
                0x0801aba4                __aeabi_f2uiz
 .text          0x0801abe4      0x150 c:/coocox/coide/bin/arm-2011.03-coocox/bin/../lib/gcc/arm-none-eabi/4.5.2/../../../../arm-none-eabi/lib/thumb2\libc.a(lib_a-memcpy.o)
                0x0801abe4                memcpy
 .text          0x0801ad34       0xb4 c:/coocox/coide/bin/arm-2011.03-coocox/bin/../lib/gcc/arm-none-eabi/4.5.2/../../../../arm-none-eabi/lib/thumb2\libc.a(lib_a-memset.o)
                0x0801ad34                memset
 .text          0x0801ade8       0xbc c:/coocox/coide/bin/arm-2011.03-coocox/bin/../lib/gcc/arm-none-eabi/4.5.2/../../../../arm-none-eabi/lib/thumb2\libc.a(lib_a-strcpy.o)
                0x0801ade8                strcpy
 .text          0x0801aea4       0x60 c:/coocox/coide/bin/arm-2011.03-coocox/bin/../lib/gcc/arm-none-eabi/4.5.2/../../../../arm-none-eabi/lib/thumb2\libc.a(lib_a-strlen.o)
                0x0801aea4                strlen
 *(.init)
 *(.fini)
 *crtbegin.o(.ctors)
 *crtbegin?.o(.ctors)
 *(EXCLUDE_FILE(*crtend.o *crtend?.o) .ctors)
 *(SORT(.ctors.*))
 *(.ctors)
 *crtbegin.o(.dtors)
 *crtbegin?.o(.dtors)
 *(EXCLUDE_FILE(*crtend.o *crtend?.o) .dtors)
 *(SORT(.dtors.*))
 *(.dtors)
 *(.rodata*)
 .rodata        0x0801af04    0xe41b8 ..\obj\main.o
 .rodata        0x080ff0bc      0x2e8 ..\obj\TextStrings.o
 .rodata        0x080ff3a4      0x188 c:/coocox/coide/bin/arm-2011.03-coocox/bin/../lib/gcc/arm-none-eabi/4.5.2/../../../../arm-none-eabi/lib/thumb2\libm.a(lib_a-e_rem_pio2.o)
 *fill*         0x080ff52c        0x4 00
 .rodata        0x080ff530       0x50 c:/coocox/coide/bin/arm-2011.03-coocox/bin/../lib/gcc/arm-none-eabi/4.5.2/../../../../arm-none-eabi/lib/thumb2\libm.a(lib_a-k_rem_pio2.o)
 *(.eh_fram e*)

.glue_7         0x080ff580        0x0
 .glue_7        0x00000000        0x0 linker stubs

.glue_7t        0x080ff580        0x0
 .glue_7t       0x00000000        0x0 linker stubs

.vfp11_veneer   0x080ff580        0x0
 .vfp11_veneer  0x00000000        0x0 linker stubs

.v4_bx          0x080ff580        0x0
 .v4_bx         0x00000000        0x0 linker stubs

.ARM.extab
 *(.ARM.extab* .gnu.linkonce.armextab.*)
                0x080ff580                __exidx_start = .

.ARM.exidx
 *(.ARM.exidx* .gnu.linkonce.armexidx.*)
                0x080ff580                __exidx_end = .
                0x080ff580                __etext = .
                0x080ff580                _sidata = __etext

.data           0x20000000       0x14 load address 0x080ff580
                0x20000000                __data_start__ = .
                0x20000000                _sdata = __data_start__
 *(vtable)
 *(.data*)
 .data          0x20000000        0x4 ..\obj\main.o
 .data          0x20000004       0x10 ..\obj\stm32f4xx_rcc.o
                0x20000014                . = ALIGN (0x4)
                0x20000014                PROVIDE (__preinit_array_start, .)
 *(.preinit_array)
                0x20000014                PROVIDE (__preinit_array_end, .)
                0x20000014                . = ALIGN (0x4)
                0x20000014                PROVIDE (__init_array_start, .)
 *(SORT(.init_array.*))
 *(.init_array)
                0x20000014                PROVIDE (__init_array_end, .)
                0x20000014                . = ALIGN (0x4)
                0x20000014                PROVIDE (__fini_array_start, .)
 *(SORT(.fini_array.*))
 *(.fini_array)
                0x20000014                PROVIDE (__fini_array_end, .)
 *(.jcr*)
                0x20000014                . = ALIGN (0x4)
                0x20000014                __data_end__ = .
                0x20000014                _edata = __data_end__

.bss            0x20000014     0x51c4 load address 0x080ff594
                0x20000014                . = ALIGN (0x4)
                0x20000014                __bss_start__ = .
                0x20000014                _sbss = __bss_start__
 *(.bss*)
 .bss           0x20000014     0x5044 ..\obj\main.o
 *(COMMON)
 COMMON         0x20005058      0x17d ..\obj\main.o
                0x20005058                Splash_Text_0
                0x20005070                Ownership_Information
                0x20005118                Device_Information
                0x20005130                Illegal_Counterfeit
                0x20005148                Unauthorized_Device
                0x20005160                Authorized_For_Use
                0x20005178                Designer_Information
                0x20005190                Splash_Text_1
                0x200051a8                This_Device_Is_Not
                0x200051c0                Design_By
                0x200051d8                . = ALIGN (0x4)
 *fill*         0x200051d5        0x3 00
                0x200051d8                __bss_end__ = .
                0x200051d8                _ebss = __bss_end__

.heap           0x200051d8        0x0
                0x200051d8                __end__ = .
                0x200051d8                _end = __end__
                0x200051d8                end = __end__
 *(.heap*)
                0x200051d8                __HeapLimit = .

.co_stack       0x200051d8      0x800 load address 0x08104758
                0x200051d8                . = ALIGN (0x8)
 *(.co_stack .co_stack.*)
 .co_stack      0x200051d8      0x800 ..\obj\startup_stm32f4xx.o
                0x200051d8                pulStack
                0x20020000                __StackTop = 0x20020000
                0x2001f800                __StackLimit = (__StackTop - SIZEOF (.co_stack))
                0x20020000                PROVIDE (__stack, __StackTop)
                0x00000001                ASSERT ((__StackLimit >= __HeapLimit), region ram  overflowed with stack)
LOAD ..\obj\hundred.o
LOAD ..\obj\stm32f4xx_syscfg.o
LOAD ..\obj\OkRiders24k.o
LOAD ..\obj\eleven.o
LOAD ..\obj\FlashMemoryReserve.o
LOAD ..\obj\percent.o
LOAD ..\obj\three.o
LOAD ..\obj\six.o
LOAD ..\obj\zero.o
LOAD ..\obj\two.o
LOAD ..\obj\StartupSound.o
LOAD ..\obj\minute.o
LOAD ..\obj\fif.o
LOAD ..\obj\RandomStart24k.o
LOAD ..\obj\minutes.o
LOAD ..\obj\seconds.o
LOAD ..\obj\twenty.o
LOAD ..\obj\startup_stm32f4xx.o
LOAD ..\obj\eight.o
LOAD ..\obj\Square740Hz48k.o
LOAD ..\obj\RidersReady24k.o
LOAD ..\obj\main.o
LOAD ..\obj\TextStrings.o
LOAD ..\obj\stm32f4xx_rcc.o
LOAD ..\obj\codec.o
LOAD ..\obj\teen.o
LOAD ..\obj\second.o
LOAD ..\obj\ten.o
LOAD ..\obj\stm32f4xx_adc.o
LOAD ..\obj\printf.o
LOAD ..\obj\WatchTheGate24k.o
LOAD ..\obj\Square1150Hz48k.o
LOAD ..\obj\MilesPerHour.o
LOAD ..\obj\one.o
LOAD ..\obj\At.o
LOAD ..\obj\seventy.o
LOAD ..\obj\five.o
LOAD ..\obj\Square632Hz48k.o
LOAD ..\obj\stm32f4xx_gpio.o
LOAD ..\obj\stm32f4xx_flash.o
LOAD ..\obj\system_stm32f4xx.o
LOAD ..\obj\syscalls.o
LOAD ..\obj\ninety.o
LOAD ..\obj\forty.o
LOAD ..\obj\point.o
LOAD ..\obj\Square680Hz48k.o
LOAD ..\obj\nine.o
LOAD ..\obj\LastTimeWas.o
LOAD ..\obj\four.o
LOAD ..\obj\VolumeAt.o
LOAD ..\obj\stm32f4xx_spi.o
LOAD ..\obj\thir.o
LOAD ..\obj\stm32f4xx_i2c.o
LOAD ..\obj\stm32f4xx_rng.o
LOAD ..\obj\stm32f4xx_exti.o
LOAD ..\obj\fifty.o
LOAD ..\obj\sixty.o
LOAD ..\obj\misc.o
LOAD ..\obj\BatteryAt.o
LOAD ..\obj\thirty.o
LOAD ..\obj\seven.o
LOAD ..\obj\twelve.o
LOAD ..\obj\stm32f4xx_tim.o
LOAD ..\obj\eighty.o
LOAD c:/coocox/coide/bin/arm-2011.03-coocox/bin/../lib/gcc/arm-none-eabi/4.5.2/../../../../arm-none-eabi/lib/thumb2\libm.a
START GROUP
LOAD c:/coocox/coide/bin/arm-2011.03-coocox/bin/../lib/gcc/arm-none-eabi/4.5.2/thumb2\libgcc.a
LOAD c:/coocox/coide/bin/arm-2011.03-coocox/bin/../lib/gcc/arm-none-eabi/4.5.2/../../../../arm-none-eabi/lib/thumb2\libc.a
END GROUP
OUTPUT(Gatekeeper.elf elf32-littlearm)

.debug_abbrev   0x00000000     0x2dda
 .debug_abbrev  0x00000000       0x75 ..\obj\hundred.o
 .debug_abbrev  0x00000075      0x12a ..\obj\stm32f4xx_syscfg.o
 .debug_abbrev  0x0000019f       0x75 ..\obj\OkRiders24k.o
 .debug_abbrev  0x00000214       0x75 ..\obj\eleven.o
 .debug_abbrev  0x00000289       0x75 ..\obj\FlashMemoryReserve.o
 .debug_abbrev  0x000002fe       0x75 ..\obj\percent.o
 .debug_abbrev  0x00000373       0x75 ..\obj\three.o
 .debug_abbrev  0x000003e8       0x75 ..\obj\six.o
 .debug_abbrev  0x0000045d       0x75 ..\obj\zero.o
 .debug_abbrev  0x000004d2       0x75 ..\obj\two.o
 .debug_abbrev  0x00000547       0x75 ..\obj\StartupSound.o
 .debug_abbrev  0x000005bc       0x75 ..\obj\minute.o
 .debug_abbrev  0x00000631       0x75 ..\obj\fif.o
 .debug_abbrev  0x000006a6       0x75 ..\obj\RandomStart24k.o
 .debug_abbrev  0x0000071b       0x75 ..\obj\minutes.o
 .debug_abbrev  0x00000790       0x75 ..\obj\seconds.o
 .debug_abbrev  0x00000805       0x75 ..\obj\twenty.o
 .debug_abbrev  0x0000087a       0xac ..\obj\startup_stm32f4xx.o
 .debug_abbrev  0x00000926       0x75 ..\obj\eight.o
 .debug_abbrev  0x0000099b       0x75 ..\obj\Square740Hz48k.o
 .debug_abbrev  0x00000a10       0x75 ..\obj\RidersReady24k.o
 .debug_abbrev  0x00000a85      0x26d ..\obj\main.o
 .debug_abbrev  0x00000cf2       0xb8 ..\obj\TextStrings.o
 .debug_abbrev  0x00000daa      0x1b7 ..\obj\stm32f4xx_rcc.o
 .debug_abbrev  0x00000f61      0x144 ..\obj\codec.o
 .debug_abbrev  0x000010a5       0x75 ..\obj\teen.o
 .debug_abbrev  0x0000111a       0x75 ..\obj\second.o
 .debug_abbrev  0x0000118f       0x75 ..\obj\ten.o
 .debug_abbrev  0x00001204      0x189 ..\obj\stm32f4xx_adc.o
 .debug_abbrev  0x0000138d      0x238 ..\obj\printf.o
 .debug_abbrev  0x000015c5       0x75 ..\obj\WatchTheGate24k.o
 .debug_abbrev  0x0000163a       0x75 ..\obj\Square1150Hz48k.o
 .debug_abbrev  0x000016af       0x75 ..\obj\MilesPerHour.o
 .debug_abbrev  0x00001724       0x75 ..\obj\one.o
 .debug_abbrev  0x00001799       0x75 ..\obj\At.o
 .debug_abbrev  0x0000180e       0x75 ..\obj\seventy.o
 .debug_abbrev  0x00001883       0x75 ..\obj\five.o
 .debug_abbrev  0x000018f8       0x75 ..\obj\Square632Hz48k.o
 .debug_abbrev  0x0000196d      0x182 ..\obj\stm32f4xx_gpio.o
 .debug_abbrev  0x00001aef      0x168 ..\obj\stm32f4xx_flash.o
 .debug_abbrev  0x00001c57      0x140 ..\obj\system_stm32f4xx.o
 .debug_abbrev  0x00001d97       0xde ..\obj\syscalls.o
 .debug_abbrev  0x00001e75       0x75 ..\obj\ninety.o
 .debug_abbrev  0x00001eea       0x75 ..\obj\forty.o
 .debug_abbrev  0x00001f5f       0x75 ..\obj\point.o
 .debug_abbrev  0x00001fd4       0x75 ..\obj\Square680Hz48k.o
 .debug_abbrev  0x00002049       0x75 ..\obj\nine.o
 .debug_abbrev  0x000020be       0x75 ..\obj\LastTimeWas.o
 .debug_abbrev  0x00002133       0x75 ..\obj\four.o
 .debug_abbrev  0x000021a8       0x75 ..\obj\VolumeAt.o
 .debug_abbrev  0x0000221d      0x160 ..\obj\stm32f4xx_spi.o
 .debug_abbrev  0x0000237d       0x75 ..\obj\thir.o
 .debug_abbrev  0x000023f2      0x15d ..\obj\stm32f4xx_i2c.o
 .debug_abbrev  0x0000254f      0x137 ..\obj\stm32f4xx_rng.o
 .debug_abbrev  0x00002686      0x198 ..\obj\stm32f4xx_exti.o
 .debug_abbrev  0x0000281e       0x75 ..\obj\fifty.o
 .debug_abbrev  0x00002893       0x75 ..\obj\sixty.o
 .debug_abbrev  0x00002908      0x126 ..\obj\misc.o
 .debug_abbrev  0x00002a2e       0x75 ..\obj\BatteryAt.o
 .debug_abbrev  0x00002aa3       0x75 ..\obj\thirty.o
 .debug_abbrev  0x00002b18       0x75 ..\obj\seven.o
 .debug_abbrev  0x00002b8d       0x75 ..\obj\twelve.o
 .debug_abbrev  0x00002c02      0x163 ..\obj\stm32f4xx_tim.o
 .debug_abbrev  0x00002d65       0x75 ..\obj\eighty.o

.debug_info     0x00000000     0xf80d
 .debug_info    0x00000000       0xc6 ..\obj\hundred.o
 .debug_info    0x000000c6      0x27a ..\obj\stm32f4xx_syscfg.o
 .debug_info    0x00000340       0xc6 ..\obj\OkRiders24k.o
 .debug_info    0x00000406       0xc6 ..\obj\eleven.o
 .debug_info    0x000004cc       0xc6 ..\obj\FlashMemoryReserve.o
 .debug_info    0x00000592       0xc6 ..\obj\percent.o
 .debug_info    0x00000658       0xc6 ..\obj\three.o
 .debug_info    0x0000071e       0xc6 ..\obj\six.o
 .debug_info    0x000007e4       0xc6 ..\obj\zero.o
 .debug_info    0x000008aa       0xc6 ..\obj\two.o
 .debug_info    0x00000970       0xc6 ..\obj\StartupSound.o
 .debug_info    0x00000a36       0xc6 ..\obj\minute.o
 .debug_info    0x00000afc       0xc6 ..\obj\fif.o
 .debug_info    0x00000bc2       0xc6 ..\obj\RandomStart24k.o
 .debug_info    0x00000c88       0xc6 ..\obj\minutes.o
 .debug_info    0x00000d4e       0xc6 ..\obj\seconds.o
 .debug_info    0x00000e14       0xc6 ..\obj\twenty.o
 .debug_info    0x00000eda      0x147 ..\obj\startup_stm32f4xx.o
 .debug_info    0x00001021       0xc6 ..\obj\eight.o
 .debug_info    0x000010e7       0xc6 ..\obj\Square740Hz48k.o
 .debug_info    0x000011ad       0xc6 ..\obj\RidersReady24k.o
 .debug_info    0x00001273     0x4448 ..\obj\main.o
 .debug_info    0x000056bb      0x39e ..\obj\TextStrings.o
 .debug_info    0x00005a59      0xd24 ..\obj\stm32f4xx_rcc.o
 .debug_info    0x0000677d      0x6c1 ..\obj\codec.o
 .debug_info    0x00006e3e       0xc6 ..\obj\teen.o
 .debug_info    0x00006f04       0xc6 ..\obj\second.o
 .debug_info    0x00006fca       0xc6 ..\obj\ten.o
 .debug_info    0x00007090      0xcf5 ..\obj\stm32f4xx_adc.o
 .debug_info    0x00007d85      0xed2 ..\obj\printf.o
 .debug_info    0x00008c57       0xc6 ..\obj\WatchTheGate24k.o
 .debug_info    0x00008d1d       0xc5 ..\obj\Square1150Hz48k.o
 .debug_info    0x00008de2       0xc6 ..\obj\MilesPerHour.o
 .debug_info    0x00008ea8       0xc6 ..\obj\one.o
 .debug_info    0x00008f6e       0xc6 ..\obj\At.o
 .debug_info    0x00009034       0xc6 ..\obj\seventy.o
 .debug_info    0x000090fa       0xc6 ..\obj\five.o
 .debug_info    0x000091c0       0xc6 ..\obj\Square632Hz48k.o
 .debug_info    0x00009286      0x639 ..\obj\stm32f4xx_gpio.o
 .debug_info    0x000098bf      0x775 ..\obj\stm32f4xx_flash.o
 .debug_info    0x0000a034      0x61d ..\obj\system_stm32f4xx.o
 .debug_info    0x0000a651      0x440 ..\obj\syscalls.o
 .debug_info    0x0000aa91       0xc6 ..\obj\ninety.o
 .debug_info    0x0000ab57       0xc6 ..\obj\forty.o
 .debug_info    0x0000ac1d       0xc6 ..\obj\point.o
 .debug_info    0x0000ace3       0xc6 ..\obj\Square680Hz48k.o
 .debug_info    0x0000ada9       0xc6 ..\obj\nine.o
 .debug_info    0x0000ae6f       0xc6 ..\obj\LastTimeWas.o
 .debug_info    0x0000af35       0xc6 ..\obj\four.o
 .debug_info    0x0000affb       0xc6 ..\obj\VolumeAt.o
 .debug_info    0x0000b0c1      0xbcc ..\obj\stm32f4xx_spi.o
 .debug_info    0x0000bc8d       0xc6 ..\obj\thir.o
 .debug_info    0x0000bd53      0xb91 ..\obj\stm32f4xx_i2c.o
 .debug_info    0x0000c8e4      0x291 ..\obj\stm32f4xx_rng.o
 .debug_info    0x0000cb75      0x372 ..\obj\stm32f4xx_exti.o
 .debug_info    0x0000cee7       0xc6 ..\obj\fifty.o
 .debug_info    0x0000cfad       0xc6 ..\obj\sixty.o
 .debug_info    0x0000d073      0x594 ..\obj\misc.o
 .debug_info    0x0000d607       0xc6 ..\obj\BatteryAt.o
 .debug_info    0x0000d6cd       0xc6 ..\obj\thirty.o
 .debug_info    0x0000d793       0xc6 ..\obj\seven.o
 .debug_info    0x0000d859       0xc6 ..\obj\twelve.o
 .debug_info    0x0000d91f     0x1e28 ..\obj\stm32f4xx_tim.o
 .debug_info    0x0000f747       0xc6 ..\obj\eighty.o

.debug_line     0x00000000     0x9c96
 .debug_line    0x00000000      0x12a ..\obj\hundred.o
 .debug_line    0x0000012a      0x20e ..\obj\stm32f4xx_syscfg.o
 .debug_line    0x00000338      0x12e ..\obj\OkRiders24k.o
 .debug_line    0x00000466      0x129 ..\obj\eleven.o
 .debug_line    0x0000058f      0x135 ..\obj\FlashMemoryReserve.o
 .debug_line    0x000006c4      0x12a ..\obj\percent.o
 .debug_line    0x000007ee      0x128 ..\obj\three.o
 .debug_line    0x00000916      0x126 ..\obj\six.o
 .debug_line    0x00000a3c      0x127 ..\obj\zero.o
 .debug_line    0x00000b63      0x126 ..\obj\two.o
 .debug_line    0x00000c89      0x12f ..\obj\StartupSound.o
 .debug_line    0x00000db8      0x129 ..\obj\minute.o
 .debug_line    0x00000ee1      0x126 ..\obj\fif.o
 .debug_line    0x00001007      0x131 ..\obj\RandomStart24k.o
 .debug_line    0x00001138      0x12a ..\obj\minutes.o
 .debug_line    0x00001262      0x12a ..\obj\seconds.o
 .debug_line    0x0000138c      0x129 ..\obj\twenty.o
 .debug_line    0x000014b5       0xb3 ..\obj\startup_stm32f4xx.o
 .debug_line    0x00001568      0x128 ..\obj\eight.o
 .debug_line    0x00001690      0x131 ..\obj\Square740Hz48k.o
 .debug_line    0x000017c1      0x131 ..\obj\RidersReady24k.o
 .debug_line    0x000018f2     0x2a83 ..\obj\main.o
 .debug_line    0x00004375      0x10d ..\obj\TextStrings.o
 .debug_line    0x00004482      0x5a4 ..\obj\stm32f4xx_rcc.o
 .debug_line    0x00004a26      0x32f ..\obj\codec.o
 .debug_line    0x00004d55      0x127 ..\obj\teen.o
 .debug_line    0x00004e7c      0x129 ..\obj\second.o
 .debug_line    0x00004fa5      0x126 ..\obj\ten.o
 .debug_line    0x000050cb      0x55d ..\obj\stm32f4xx_adc.o
 .debug_line    0x00005628      0x3d5 ..\obj\printf.o
 .debug_line    0x000059fd      0x132 ..\obj\WatchTheGate24k.o
 .debug_line    0x00005b2f      0x132 ..\obj\Square1150Hz48k.o
 .debug_line    0x00005c61      0x12f ..\obj\MilesPerHour.o
 .debug_line    0x00005d90      0x126 ..\obj\one.o
 .debug_line    0x00005eb6      0x125 ..\obj\At.o
 .debug_line    0x00005fdb      0x12a ..\obj\seventy.o
 .debug_line    0x00006105      0x127 ..\obj\five.o
 .debug_line    0x0000622c      0x131 ..\obj\Square632Hz48k.o
 .debug_line    0x0000635d      0x348 ..\obj\stm32f4xx_gpio.o
 .debug_line    0x000066a5      0x494 ..\obj\stm32f4xx_flash.o
 .debug_line    0x00006b39      0x233 ..\obj\system_stm32f4xx.o
 .debug_line    0x00006d6c      0x1a2 ..\obj\syscalls.o
 .debug_line    0x00006f0e      0x129 ..\obj\ninety.o
 .debug_line    0x00007037      0x128 ..\obj\forty.o
 .debug_line    0x0000715f      0x128 ..\obj\point.o
 .debug_line    0x00007287      0x131 ..\obj\Square680Hz48k.o
 .debug_line    0x000073b8      0x127 ..\obj\nine.o
 .debug_line    0x000074df      0x12e ..\obj\LastTimeWas.o
 .debug_line    0x0000760d      0x127 ..\obj\four.o
 .debug_line    0x00007734      0x12b ..\obj\VolumeAt.o
 .debug_line    0x0000785f      0x45c ..\obj\stm32f4xx_spi.o
 .debug_line    0x00007cbb      0x127 ..\obj\thir.o
 .debug_line    0x00007de2      0x4e5 ..\obj\stm32f4xx_i2c.o
 .debug_line    0x000082c7      0x232 ..\obj\stm32f4xx_rng.o
 .debug_line    0x000084f9      0x2ae ..\obj\stm32f4xx_exti.o
 .debug_line    0x000087a7      0x128 ..\obj\fifty.o
 .debug_line    0x000088cf      0x128 ..\obj\sixty.o
 .debug_line    0x000089f7      0x24e ..\obj\misc.o
 .debug_line    0x00008c45      0x12c ..\obj\BatteryAt.o
 .debug_line    0x00008d71      0x129 ..\obj\thirty.o
 .debug_line    0x00008e9a      0x128 ..\obj\seven.o
 .debug_line    0x00008fc2      0x129 ..\obj\twelve.o
 .debug_line    0x000090eb      0xa82 ..\obj\stm32f4xx_tim.o
 .debug_line    0x00009b6d      0x129 ..\obj\eighty.o

.debug_pubtypes
                0x00000000     0x154f
 .debug_pubtypes
                0x00000000       0x2a ..\obj\hundred.o
 .debug_pubtypes
                0x0000002a       0x6d ..\obj\stm32f4xx_syscfg.o
 .debug_pubtypes
                0x00000097       0x2a ..\obj\OkRiders24k.o
 .debug_pubtypes
                0x000000c1       0x2a ..\obj\eleven.o
 .debug_pubtypes
                0x000000eb       0x2a ..\obj\FlashMemoryReserve.o
 .debug_pubtypes
                0x00000115       0x2a ..\obj\percent.o
 .debug_pubtypes
                0x0000013f       0x2a ..\obj\three.o
 .debug_pubtypes
                0x00000169       0x2a ..\obj\six.o
 .debug_pubtypes
                0x00000193       0x2a ..\obj\zero.o
 .debug_pubtypes
                0x000001bd       0x2a ..\obj\two.o
 .debug_pubtypes
                0x000001e7       0x2a ..\obj\StartupSound.o
 .debug_pubtypes
                0x00000211       0x2a ..\obj\minute.o
 .debug_pubtypes
                0x0000023b       0x2a ..\obj\fif.o
 .debug_pubtypes
                0x00000265       0x2a ..\obj\RandomStart24k.o
 .debug_pubtypes
                0x0000028f       0x2a ..\obj\minutes.o
 .debug_pubtypes
                0x000002b9       0x2a ..\obj\seconds.o
 .debug_pubtypes
                0x000002e3       0x2a ..\obj\twenty.o
 .debug_pubtypes
                0x0000030d       0x2a ..\obj\eight.o
 .debug_pubtypes
                0x00000337       0x2a ..\obj\Square740Hz48k.o
 .debug_pubtypes
                0x00000361       0x2a ..\obj\RidersReady24k.o
 .debug_pubtypes
                0x0000038b      0x2ef ..\obj\main.o
 .debug_pubtypes
                0x0000067a       0x12 ..\obj\TextStrings.o
 .debug_pubtypes
                0x0000068c       0xaa ..\obj\stm32f4xx_rcc.o
 .debug_pubtypes
                0x00000736      0x108 ..\obj\codec.o
 .debug_pubtypes
                0x0000083e       0x2a ..\obj\teen.o
 .debug_pubtypes
                0x00000868       0x2a ..\obj\second.o
 .debug_pubtypes
                0x00000892       0x2a ..\obj\ten.o
 .debug_pubtypes
                0x000008bc       0xc9 ..\obj\stm32f4xx_adc.o
 .debug_pubtypes
                0x00000985      0x139 ..\obj\printf.o
 .debug_pubtypes
                0x00000abe       0x2a ..\obj\WatchTheGate24k.o
 .debug_pubtypes
                0x00000ae8       0x2a ..\obj\Square1150Hz48k.o
 .debug_pubtypes
                0x00000b12       0x2a ..\obj\MilesPerHour.o
 .debug_pubtypes
                0x00000b3c       0x2a ..\obj\one.o
 .debug_pubtypes
                0x00000b66       0x2a ..\obj\At.o
 .debug_pubtypes
                0x00000b90       0x2a ..\obj\seventy.o
 .debug_pubtypes
                0x00000bba       0x2a ..\obj\five.o
 .debug_pubtypes
                0x00000be4       0x2a ..\obj\Square632Hz48k.o
 .debug_pubtypes
                0x00000c0e       0xce ..\obj\stm32f4xx_gpio.o
 .debug_pubtypes
                0x00000cdc       0x97 ..\obj\stm32f4xx_flash.o
 .debug_pubtypes
                0x00000d73       0x83 ..\obj\system_stm32f4xx.o
 .debug_pubtypes
                0x00000df6       0xaa ..\obj\syscalls.o
 .debug_pubtypes
                0x00000ea0       0x2a ..\obj\ninety.o
 .debug_pubtypes
                0x00000eca       0x2a ..\obj\forty.o
 .debug_pubtypes
                0x00000ef4       0x2a ..\obj\point.o
 .debug_pubtypes
                0x00000f1e       0x2a ..\obj\Square680Hz48k.o
 .debug_pubtypes
                0x00000f48       0x2a ..\obj\nine.o
 .debug_pubtypes
                0x00000f72       0x2a ..\obj\LastTimeWas.o
 .debug_pubtypes
                0x00000f9c       0x2a ..\obj\four.o
 .debug_pubtypes
                0x00000fc6       0x2a ..\obj\VolumeAt.o
 .debug_pubtypes
                0x00000ff0       0xbc ..\obj\stm32f4xx_spi.o
 .debug_pubtypes
                0x000010ac       0x2a ..\obj\thir.o
 .debug_pubtypes
                0x000010d6       0xbe ..\obj\stm32f4xx_i2c.o
 .debug_pubtypes
                0x00001194       0x77 ..\obj\stm32f4xx_rng.o
 .debug_pubtypes
                0x0000120b       0xae ..\obj\stm32f4xx_exti.o
 .debug_pubtypes
                0x000012b9       0x2a ..\obj\fifty.o
 .debug_pubtypes
                0x000012e3       0x2a ..\obj\sixty.o
 .debug_pubtypes
                0x0000130d       0x8c ..\obj\misc.o
 .debug_pubtypes
                0x00001399       0x2a ..\obj\BatteryAt.o
 .debug_pubtypes
                0x000013c3       0x2a ..\obj\thirty.o
 .debug_pubtypes
                0x000013ed       0x2a ..\obj\seven.o
 .debug_pubtypes
                0x00001417       0x2a ..\obj\twelve.o
 .debug_pubtypes
                0x00001441       0xe4 ..\obj\stm32f4xx_tim.o
 .debug_pubtypes
                0x00001525       0x2a ..\obj\eighty.o

.debug_str      0x00000000     0x6361
 .debug_str     0x00000000       0xb9 ..\obj\hundred.o
                                 0xfd (size before relaxing)
 .debug_str     0x000000b9      0x1b8 ..\obj\stm32f4xx_syscfg.o
                                0x26e (size before relaxing)
 .debug_str     0x00000271       0x55 ..\obj\OkRiders24k.o
                                0x102 (size before relaxing)
 .debug_str     0x000002c6       0x4e ..\obj\eleven.o
                                 0xfb (size before relaxing)
 .debug_str     0x00000314       0x66 ..\obj\FlashMemoryReserve.o
                                0x113 (size before relaxing)
 .debug_str     0x0000037a       0x50 ..\obj\percent.o
                                 0xfd (size before relaxing)
 .debug_str     0x000003ca       0x4c ..\obj\three.o
                                 0xf9 (size before relaxing)
 .debug_str     0x00000416       0x48 ..\obj\six.o
                                 0xf5 (size before relaxing)
 .debug_str     0x0000045e       0x4a ..\obj\zero.o
                                 0xf7 (size before relaxing)
 .debug_str     0x000004a8       0x48 ..\obj\two.o
                                 0xf5 (size before relaxing)
 .debug_str     0x000004f0       0x5a ..\obj\StartupSound.o
                                0x107 (size before relaxing)
 .debug_str     0x0000054a       0x4e ..\obj\minute.o
                                 0xfb (size before relaxing)
 .debug_str     0x00000598       0x48 ..\obj\fif.o
                                 0xf5 (size before relaxing)
 .debug_str     0x000005e0       0x5b ..\obj\RandomStart24k.o
                                0x108 (size before relaxing)
 .debug_str     0x0000063b       0x50 ..\obj\minutes.o
                                 0xfd (size before relaxing)
 .debug_str     0x0000068b       0x50 ..\obj\seconds.o
                                 0xfd (size before relaxing)
 .debug_str     0x000006db       0x4e ..\obj\twenty.o
                                 0xfb (size before relaxing)
 .debug_str     0x00000729       0xc2 ..\obj\startup_stm32f4xx.o
                                 0xed (size before relaxing)
 .debug_str     0x000007eb       0x4c ..\obj\eight.o
                                 0xf9 (size before relaxing)
 .debug_str     0x00000837       0x5b ..\obj\Square740Hz48k.o
                                0x108 (size before relaxing)
 .debug_str     0x00000892       0x5b ..\obj\RidersReady24k.o
                                0x108 (size before relaxing)
 .debug_str     0x000008ed     0x24bf ..\obj\main.o
                               0x27b0 (size before relaxing)
 .debug_str     0x00002dac       0x89 ..\obj\TextStrings.o
                                0x2a6 (size before relaxing)
 .debug_str     0x00002e35      0x540 ..\obj\stm32f4xx_rcc.o
                                0x7bf (size before relaxing)
 .debug_str     0x00003375      0x1e2 ..\obj\codec.o
                                0x4bd (size before relaxing)
 .debug_str     0x00003557       0x41 ..\obj\teen.o
                                 0xf7 (size before relaxing)
 .debug_str     0x00003598       0x43 ..\obj\second.o
                                 0xfb (size before relaxing)
 .debug_str     0x000035db       0x40 ..\obj\ten.o
                                 0xf5 (size before relaxing)
 .debug_str     0x0000361b      0x55d ..\obj\stm32f4xx_adc.o
                                0x773 (size before relaxing)
 .debug_str     0x00003b78      0x4a7 ..\obj\printf.o
                                0x600 (size before relaxing)
 .debug_str     0x0000401f       0x4c ..\obj\WatchTheGate24k.o
                                0x10a (size before relaxing)
 .debug_str     0x0000406b       0x4c ..\obj\Square1150Hz48k.o
                                0x10a (size before relaxing)
 .debug_str     0x000040b7       0x49 ..\obj\MilesPerHour.o
                                0x107 (size before relaxing)
 .debug_str     0x00004100       0x40 ..\obj\one.o
                                 0xf5 (size before relaxing)
 .debug_str     0x00004140       0x3f ..\obj\At.o
                                 0xf3 (size before relaxing)
 .debug_str     0x0000417f       0x44 ..\obj\seventy.o
                                 0xfd (size before relaxing)
 .debug_str     0x000041c3       0x41 ..\obj\five.o
                                 0xf7 (size before relaxing)
 .debug_str     0x00004204       0x4b ..\obj\Square632Hz48k.o
                                0x108 (size before relaxing)
 .debug_str     0x0000424f      0x1af ..\obj\stm32f4xx_gpio.o
                                0x412 (size before relaxing)
 .debug_str     0x000043fe      0x34a ..\obj\stm32f4xx_flash.o
                                0x4f6 (size before relaxing)
 .debug_str     0x00004748      0x10e ..\obj\system_stm32f4xx.o
                                0x319 (size before relaxing)
 .debug_str     0x00004856      0x156 ..\obj\syscalls.o
                                0x280 (size before relaxing)
 .debug_str     0x000049ac       0x43 ..\obj\ninety.o
                                 0xfb (size before relaxing)
 .debug_str     0x000049ef       0x42 ..\obj\forty.o
                                 0xf9 (size before relaxing)
 .debug_str     0x00004a31       0x42 ..\obj\point.o
                                 0xf9 (size before relaxing)
 .debug_str     0x00004a73       0x4b ..\obj\Square680Hz48k.o
                                0x108 (size before relaxing)
 .debug_str     0x00004abe       0x41 ..\obj\nine.o
                                 0xf7 (size before relaxing)
 .debug_str     0x00004aff       0x48 ..\obj\LastTimeWas.o
                                0x105 (size before relaxing)
 .debug_str     0x00004b47       0x41 ..\obj\four.o
                                 0xf7 (size before relaxing)
 .debug_str     0x00004b88       0x45 ..\obj\VolumeAt.o
                                 0xff (size before relaxing)
 .debug_str     0x00004bcd      0x2ad ..\obj\stm32f4xx_spi.o
                                0x5f9 (size before relaxing)
 .debug_str     0x00004e7a       0x41 ..\obj\thir.o
                                 0xf7 (size before relaxing)
 .debug_str     0x00004ebb      0x352 ..\obj\stm32f4xx_i2c.o
                                0x5d4 (size before relaxing)
 .debug_str     0x0000520d       0xe5 ..\obj\stm32f4xx_rng.o
                                0x1f3 (size before relaxing)
 .debug_str     0x000052f2      0x1df ..\obj\stm32f4xx_exti.o
                                0x2dd (size before relaxing)
 .debug_str     0x000054d1       0x42 ..\obj\fifty.o
                                 0xf9 (size before relaxing)
 .debug_str     0x00005513       0x42 ..\obj\sixty.o
                                 0xf9 (size before relaxing)
 .debug_str     0x00005555      0x1ac ..\obj\misc.o
                                0x348 (size before relaxing)
 .debug_str     0x00005701       0x54 ..\obj\BatteryAt.o
                                0x101 (size before relaxing)
 .debug_str     0x00005755       0x43 ..\obj\thirty.o
                                 0xfb (size before relaxing)
 .debug_str     0x00005798       0x42 ..\obj\seven.o
                                 0xf9 (size before relaxing)
 .debug_str     0x000057da       0x43 ..\obj\twelve.o
                                 0xfb (size before relaxing)
 .debug_str     0x0000581d      0xb01 ..\obj\stm32f4xx_tim.o
                                0xd3f (size before relaxing)
 .debug_str     0x0000631e       0x43 ..\obj\eighty.o
                                 0xfb (size before relaxing)

.comment        0x00000000       0x11
 .comment       0x00000000       0x11 ..\obj\hundred.o
                                 0x12 (size before relaxing)
 .comment       0x00000000       0x12 ..\obj\stm32f4xx_syscfg.o
 .comment       0x00000000       0x12 ..\obj\OkRiders24k.o
 .comment       0x00000000       0x12 ..\obj\eleven.o
 .comment       0x00000000       0x12 ..\obj\FlashMemoryReserve.o
 .comment       0x00000000       0x12 ..\obj\percent.o
 .comment       0x00000000       0x12 ..\obj\three.o
 .comment       0x00000000       0x12 ..\obj\six.o
 .comment       0x00000000       0x12 ..\obj\zero.o
 .comment       0x00000000       0x12 ..\obj\two.o
 .comment       0x00000000       0x12 ..\obj\StartupSound.o
 .comment       0x00000000       0x12 ..\obj\minute.o
 .comment       0x00000000       0x12 ..\obj\fif.o
 .comment       0x00000000       0x12 ..\obj\RandomStart24k.o
 .comment       0x00000000       0x12 ..\obj\minutes.o
 .comment       0x00000000       0x12 ..\obj\seconds.o
 .comment       0x00000000       0x12 ..\obj\twenty.o
 .comment       0x00000000       0x12 ..\obj\startup_stm32f4xx.o
 .comment       0x00000000       0x12 ..\obj\eight.o
 .comment       0x00000000       0x12 ..\obj\Square740Hz48k.o
 .comment       0x00000000       0x12 ..\obj\RidersReady24k.o
 .comment       0x00000000       0x12 ..\obj\main.o
 .comment       0x00000000       0x12 ..\obj\TextStrings.o
 .comment       0x00000000       0x12 ..\obj\stm32f4xx_rcc.o
 .comment       0x00000000       0x12 ..\obj\codec.o
 .comment       0x00000000       0x12 ..\obj\teen.o
 .comment       0x00000000       0x12 ..\obj\second.o
 .comment       0x00000000       0x12 ..\obj\ten.o
 .comment       0x00000000       0x12 ..\obj\stm32f4xx_adc.o
 .comment       0x00000000       0x12 ..\obj\printf.o
 .comment       0x00000000       0x12 ..\obj\WatchTheGate24k.o
 .comment       0x00000000       0x12 ..\obj\Square1150Hz48k.o
 .comment       0x00000000       0x12 ..\obj\MilesPerHour.o
 .comment       0x00000000       0x12 ..\obj\one.o
 .comment       0x00000000       0x12 ..\obj\At.o
 .comment       0x00000000       0x12 ..\obj\seventy.o
 .comment       0x00000000       0x12 ..\obj\five.o
 .comment       0x00000000       0x12 ..\obj\Square632Hz48k.o
 .comment       0x00000000       0x12 ..\obj\stm32f4xx_gpio.o
 .comment       0x00000000       0x12 ..\obj\stm32f4xx_flash.o
 .comment       0x00000000       0x12 ..\obj\system_stm32f4xx.o
 .comment       0x00000000       0x12 ..\obj\syscalls.o
 .comment       0x00000000       0x12 ..\obj\ninety.o
 .comment       0x00000000       0x12 ..\obj\forty.o
 .comment       0x00000000       0x12 ..\obj\point.o
 .comment       0x00000000       0x12 ..\obj\Square680Hz48k.o
 .comment       0x00000000       0x12 ..\obj\nine.o
 .comment       0x00000000       0x12 ..\obj\LastTimeWas.o
 .comment       0x00000000       0x12 ..\obj\four.o
 .comment       0x00000000       0x12 ..\obj\VolumeAt.o
 .comment       0x00000000       0x12 ..\obj\stm32f4xx_spi.o
 .comment       0x00000000       0x12 ..\obj\thir.o
 .comment       0x00000000       0x12 ..\obj\stm32f4xx_i2c.o
 .comment       0x00000000       0x12 ..\obj\stm32f4xx_rng.o
 .comment       0x00000000       0x12 ..\obj\stm32f4xx_exti.o
 .comment       0x00000000       0x12 ..\obj\fifty.o
 .comment       0x00000000       0x12 ..\obj\sixty.o
 .comment       0x00000000       0x12 ..\obj\misc.o
 .comment       0x00000000       0x12 ..\obj\BatteryAt.o
 .comment       0x00000000       0x12 ..\obj\thirty.o
 .comment       0x00000000       0x12 ..\obj\seven.o
 .comment       0x00000000       0x12 ..\obj\twelve.o
 .comment       0x00000000       0x12 ..\obj\stm32f4xx_tim.o
 .comment       0x00000000       0x12 ..\obj\eighty.o

.ARM.attributes
                0x00000000       0x31
 .ARM.attributes
                0x00000000       0x31 ..\obj\hundred.o
 .ARM.attributes
                0x00000031       0x31 ..\obj\stm32f4xx_syscfg.o
 .ARM.attributes
                0x00000062       0x31 ..\obj\OkRiders24k.o
 .ARM.attributes
                0x00000093       0x31 ..\obj\eleven.o
 .ARM.attributes
                0x000000c4       0x31 ..\obj\FlashMemoryReserve.o
 .ARM.attributes
                0x000000f5       0x31 ..\obj\percent.o
 .ARM.attributes
                0x00000126       0x31 ..\obj\three.o
 .ARM.attributes
                0x00000157       0x31 ..\obj\six.o
 .ARM.attributes
                0x00000188       0x31 ..\obj\zero.o
 .ARM.attributes
                0x000001b9       0x31 ..\obj\two.o
 .ARM.attributes
                0x000001ea       0x31 ..\obj\StartupSound.o
 .ARM.attributes
                0x0000021b       0x31 ..\obj\minute.o
 .ARM.attributes
                0x0000024c       0x31 ..\obj\fif.o
 .ARM.attributes
                0x0000027d       0x31 ..\obj\RandomStart24k.o
 .ARM.attributes
                0x000002ae       0x31 ..\obj\minutes.o
 .ARM.attributes
                0x000002df       0x31 ..\obj\seconds.o
 .ARM.attributes
                0x00000310       0x31 ..\obj\twenty.o
 .ARM.attributes
                0x00000341       0x31 ..\obj\startup_stm32f4xx.o
 .ARM.attributes
                0x00000372       0x31 ..\obj\eight.o
 .ARM.attributes
                0x000003a3       0x31 ..\obj\Square740Hz48k.o
 .ARM.attributes
                0x000003d4       0x31 ..\obj\RidersReady24k.o
 .ARM.attributes
                0x00000405       0x31 ..\obj\main.o
 .ARM.attributes
                0x00000436       0x31 ..\obj\TextStrings.o
 .ARM.attributes
                0x00000467       0x31 ..\obj\stm32f4xx_rcc.o
 .ARM.attributes
                0x00000498       0x31 ..\obj\codec.o
 .ARM.attributes
                0x000004c9       0x31 ..\obj\teen.o
 .ARM.attributes
                0x000004fa       0x31 ..\obj\second.o
 .ARM.attributes
                0x0000052b       0x31 ..\obj\ten.o
 .ARM.attributes
                0x0000055c       0x31 ..\obj\stm32f4xx_adc.o
 .ARM.attributes
                0x0000058d       0x31 ..\obj\printf.o
 .ARM.attributes
                0x000005be       0x31 ..\obj\WatchTheGate24k.o
 .ARM.attributes
                0x000005ef       0x31 ..\obj\Square1150Hz48k.o
 .ARM.attributes
                0x00000620       0x31 ..\obj\MilesPerHour.o
 .ARM.attributes
                0x00000651       0x31 ..\obj\one.o
 .ARM.attributes
                0x00000682       0x31 ..\obj\At.o
 .ARM.attributes
                0x000006b3       0x31 ..\obj\seventy.o
 .ARM.attributes
                0x000006e4       0x31 ..\obj\five.o
 .ARM.attributes
                0x00000715       0x31 ..\obj\Square632Hz48k.o
 .ARM.attributes
                0x00000746       0x31 ..\obj\stm32f4xx_gpio.o
 .ARM.attributes
                0x00000777       0x31 ..\obj\stm32f4xx_flash.o
 .ARM.attributes
                0x000007a8       0x31 ..\obj\system_stm32f4xx.o
 .ARM.attributes
                0x000007d9       0x31 ..\obj\syscalls.o
 .ARM.attributes
                0x0000080a       0x31 ..\obj\ninety.o
 .ARM.attributes
                0x0000083b       0x31 ..\obj\forty.o
 .ARM.attributes
                0x0000086c       0x31 ..\obj\point.o
 .ARM.attributes
                0x0000089d       0x31 ..\obj\Square680Hz48k.o
 .ARM.attributes
                0x000008ce       0x31 ..\obj\nine.o
 .ARM.attributes
                0x000008ff       0x31 ..\obj\LastTimeWas.o
 .ARM.attributes
                0x00000930       0x31 ..\obj\four.o
 .ARM.attributes
                0x00000961       0x31 ..\obj\VolumeAt.o
 .ARM.attributes
                0x00000992       0x31 ..\obj\stm32f4xx_spi.o
 .ARM.attributes
                0x000009c3       0x31 ..\obj\thir.o
 .ARM.attributes
                0x000009f4       0x31 ..\obj\stm32f4xx_i2c.o
 .ARM.attributes
                0x00000a25       0x31 ..\obj\stm32f4xx_rng.o
 .ARM.attributes
                0x00000a56       0x31 ..\obj\stm32f4xx_exti.o
 .ARM.attributes
                0x00000a87       0x31 ..\obj\fifty.o
 .ARM.attributes
                0x00000ab8       0x31 ..\obj\sixty.o
 .ARM.attributes
                0x00000ae9       0x31 ..\obj\misc.o
 .ARM.attributes
                0x00000b1a       0x31 ..\obj\BatteryAt.o
 .ARM.attributes
                0x00000b4b       0x31 ..\obj\thirty.o
 .ARM.attributes
                0x00000b7c       0x31 ..\obj\seven.o
 .ARM.attributes
                0x00000bad       0x31 ..\obj\twelve.o
 .ARM.attributes
                0x00000bde       0x31 ..\obj\stm32f4xx_tim.o
 .ARM.attributes
                0x00000c0f       0x31 ..\obj\eighty.o
 .ARM.attributes
                0x00000c40       0x29 c:/coocox/coide/bin/arm-2011.03-coocox/bin/../lib/gcc/arm-none-eabi/4.5.2/../../../../arm-none-eabi/lib/thumb2\libm.a(lib_a-s_sin.o)
 .ARM.attributes
                0x00000c69       0x29 c:/coocox/coide/bin/arm-2011.03-coocox/bin/../lib/gcc/arm-none-eabi/4.5.2/../../../../arm-none-eabi/lib/thumb2\libm.a(lib_a-e_rem_pio2.o)
 .ARM.attributes
                0x00000c92       0x29 c:/coocox/coide/bin/arm-2011.03-coocox/bin/../lib/gcc/arm-none-eabi/4.5.2/../../../../arm-none-eabi/lib/thumb2\libm.a(lib_a-k_cos.o)
 .ARM.attributes
                0x00000cbb       0x29 c:/coocox/coide/bin/arm-2011.03-coocox/bin/../lib/gcc/arm-none-eabi/4.5.2/../../../../arm-none-eabi/lib/thumb2\libm.a(lib_a-k_rem_pio2.o)
 .ARM.attributes
                0x00000ce4       0x29 c:/coocox/coide/bin/arm-2011.03-coocox/bin/../lib/gcc/arm-none-eabi/4.5.2/../../../../arm-none-eabi/lib/thumb2\libm.a(lib_a-k_sin.o)
 .ARM.attributes
                0x00000d0d       0x29 c:/coocox/coide/bin/arm-2011.03-coocox/bin/../lib/gcc/arm-none-eabi/4.5.2/../../../../arm-none-eabi/lib/thumb2\libm.a(lib_a-s_fabs.o)
 .ARM.attributes
                0x00000d36       0x29 c:/coocox/coide/bin/arm-2011.03-coocox/bin/../lib/gcc/arm-none-eabi/4.5.2/../../../../arm-none-eabi/lib/thumb2\libm.a(lib_a-s_floor.o)
 .ARM.attributes
                0x00000d5f       0x29 c:/coocox/coide/bin/arm-2011.03-coocox/bin/../lib/gcc/arm-none-eabi/4.5.2/../../../../arm-none-eabi/lib/thumb2\libm.a(lib_a-s_scalbn.o)
 .ARM.attributes
                0x00000d88       0x29 c:/coocox/coide/bin/arm-2011.03-coocox/bin/../lib/gcc/arm-none-eabi/4.5.2/../../../../arm-none-eabi/lib/thumb2\libm.a(lib_a-s_copysign.o)
 .ARM.attributes
                0x00000db1       0x1b c:/coocox/coide/bin/arm-2011.03-coocox/bin/../lib/gcc/arm-none-eabi/4.5.2/thumb2\libgcc.a(_divsi3.o)
 .ARM.attributes
                0x00000dcc       0x1b c:/coocox/coide/bin/arm-2011.03-coocox/bin/../lib/gcc/arm-none-eabi/4.5.2/thumb2\libgcc.a(_dvmd_tls.o)
 .ARM.attributes
                0x00000de7       0x1b c:/coocox/coide/bin/arm-2011.03-coocox/bin/../lib/gcc/arm-none-eabi/4.5.2/thumb2\libgcc.a(_arm_addsubdf3.o)
 .ARM.attributes
                0x00000e02       0x1b c:/coocox/coide/bin/arm-2011.03-coocox/bin/../lib/gcc/arm-none-eabi/4.5.2/thumb2\libgcc.a(_arm_muldivdf3.o)
 .ARM.attributes
                0x00000e1d       0x1b c:/coocox/coide/bin/arm-2011.03-coocox/bin/../lib/gcc/arm-none-eabi/4.5.2/thumb2\libgcc.a(_arm_cmpdf2.o)
 .ARM.attributes
                0x00000e38       0x1b c:/coocox/coide/bin/arm-2011.03-coocox/bin/../lib/gcc/arm-none-eabi/4.5.2/thumb2\libgcc.a(_arm_fixdfsi.o)
 .ARM.attributes
                0x00000e53       0x1b c:/coocox/coide/bin/arm-2011.03-coocox/bin/../lib/gcc/arm-none-eabi/4.5.2/thumb2\libgcc.a(_arm_truncdfsf2.o)
 .ARM.attributes
                0x00000e6e       0x1b c:/coocox/coide/bin/arm-2011.03-coocox/bin/../lib/gcc/arm-none-eabi/4.5.2/thumb2\libgcc.a(_arm_addsubsf3.o)
 .ARM.attributes
                0x00000e89       0x1b c:/coocox/coide/bin/arm-2011.03-coocox/bin/../lib/gcc/arm-none-eabi/4.5.2/thumb2\libgcc.a(_arm_muldivsf3.o)
 .ARM.attributes
                0x00000ea4       0x1b c:/coocox/coide/bin/arm-2011.03-coocox/bin/../lib/gcc/arm-none-eabi/4.5.2/thumb2\libgcc.a(_arm_cmpsf2.o)
 .ARM.attributes
                0x00000ebf       0x1b c:/coocox/coide/bin/arm-2011.03-coocox/bin/../lib/gcc/arm-none-eabi/4.5.2/thumb2\libgcc.a(_arm_fixsfsi.o)
 .ARM.attributes
                0x00000eda       0x1b c:/coocox/coide/bin/arm-2011.03-coocox/bin/../lib/gcc/arm-none-eabi/4.5.2/thumb2\libgcc.a(_arm_fixunssfsi.o)
 .ARM.attributes
                0x00000ef5       0x29 c:/coocox/coide/bin/arm-2011.03-coocox/bin/../lib/gcc/arm-none-eabi/4.5.2/../../../../arm-none-eabi/lib/thumb2\libc.a(lib_a-memcpy.o)
 .ARM.attributes
                0x00000f1e       0x29 c:/coocox/coide/bin/arm-2011.03-coocox/bin/../lib/gcc/arm-none-eabi/4.5.2/../../../../arm-none-eabi/lib/thumb2\libc.a(lib_a-memset.o)
 .ARM.attributes
                0x00000f47       0x29 c:/coocox/coide/bin/arm-2011.03-coocox/bin/../lib/gcc/arm-none-eabi/4.5.2/../../../../arm-none-eabi/lib/thumb2\libc.a(lib_a-strcpy.o)
 .ARM.attributes
                0x00000f70       0x29 c:/coocox/coide/bin/arm-2011.03-coocox/bin/../lib/gcc/arm-none-eabi/4.5.2/../../../../arm-none-eabi/lib/thumb2\libc.a(lib_a-strlen.o)

.debug_loc      0x00000000     0x5767
 .debug_loc     0x00000000      0x144 ..\obj\stm32f4xx_syscfg.o
 .debug_loc     0x00000144       0x64 ..\obj\startup_stm32f4xx.o
 .debug_loc     0x000001a8      0xddd ..\obj\main.o
 .debug_loc     0x00000f85       0x64 ..\obj\TextStrings.o
 .debug_loc     0x00000fe9      0x97c ..\obj\stm32f4xx_rcc.o
 .debug_loc     0x00001965       0xe0 ..\obj\codec.o
 .debug_loc     0x00001a45      0x838 ..\obj\stm32f4xx_adc.o
 .debug_loc     0x0000227d      0x3ea ..\obj\printf.o
 .debug_loc     0x00002667      0x310 ..\obj\stm32f4xx_gpio.o
 .debug_loc     0x00002977      0x624 ..\obj\stm32f4xx_flash.o
 .debug_loc     0x00002f9b       0x9c ..\obj\system_stm32f4xx.o
 .debug_loc     0x00003037      0x1ec ..\obj\syscalls.o
 .debug_loc     0x00003223      0x578 ..\obj\stm32f4xx_spi.o
 .debug_loc     0x0000379b      0x738 ..\obj\stm32f4xx_i2c.o
 .debug_loc     0x00003ed3      0x1a8 ..\obj\stm32f4xx_rng.o
 .debug_loc     0x0000407b      0x1b4 ..\obj\stm32f4xx_exti.o
 .debug_loc     0x0000422f      0x118 ..\obj\misc.o
 .debug_loc     0x00004347     0x1420 ..\obj\stm32f4xx_tim.o

.debug_pubnames
                0x00000000     0x24f7
 .debug_pubnames
                0x00000000       0xc3 ..\obj\stm32f4xx_syscfg.o
 .debug_pubnames
                0x000000c3       0x4a ..\obj\startup_stm32f4xx.o
 .debug_pubnames
                0x0000010d      0x5bd ..\obj\main.o
 .debug_pubnames
                0x000006ca      0x112 ..\obj\TextStrings.o
 .debug_pubnames
                0x000007dc      0x417 ..\obj\stm32f4xx_rcc.o
 .debug_pubnames
                0x00000bf3       0x61 ..\obj\codec.o
 .debug_pubnames
                0x00000c54      0x446 ..\obj\stm32f4xx_adc.o
 .debug_pubnames
                0x0000109a      0x101 ..\obj\printf.o
 .debug_pubnames
                0x0000119b      0x12d ..\obj\stm32f4xx_gpio.o
 .debug_pubnames
                0x000012c8      0x2bd ..\obj\stm32f4xx_flash.o
 .debug_pubnames
                0x00001585       0x61 ..\obj\system_stm32f4xx.o
 .debug_pubnames
                0x000015e6       0x71 ..\obj\syscalls.o
 .debug_pubnames
                0x00001657      0x221 ..\obj\stm32f4xx_spi.o
 .debug_pubnames
                0x00001878      0x2cb ..\obj\stm32f4xx_i2c.o
 .debug_pubnames
                0x00001b43       0xac ..\obj\stm32f4xx_rng.o
 .debug_pubnames
                0x00001bef       0xbb ..\obj\stm32f4xx_exti.o
 .debug_pubnames
                0x00001caa       0x89 ..\obj\misc.o
 .debug_pubnames
                0x00001d33      0x7c4 ..\obj\stm32f4xx_tim.o

.debug_aranges  0x00000000      0xe58
 .debug_aranges
                0x00000000       0x48 ..\obj\stm32f4xx_syscfg.o
 .debug_aranges
                0x00000048       0x28 ..\obj\startup_stm32f4xx.o
 .debug_aranges
                0x00000070      0x220 ..\obj\main.o
 .debug_aranges
                0x00000290       0x28 ..\obj\TextStrings.o
 .debug_aranges
                0x000002b8      0x178 ..\obj\stm32f4xx_rcc.o
 .debug_aranges
                0x00000430       0x38 ..\obj\codec.o
 .debug_aranges
                0x00000468      0x148 ..\obj\stm32f4xx_adc.o
 .debug_aranges
                0x000005b0       0xa0 ..\obj\printf.o
 .debug_aranges
                0x00000650       0x88 ..\obj\stm32f4xx_gpio.o
 .debug_aranges
                0x000006d8      0x108 ..\obj\stm32f4xx_flash.o
 .debug_aranges
                0x000007e0       0x30 ..\obj\system_stm32f4xx.o
 .debug_aranges
                0x00000810       0x60 ..\obj\syscalls.o
 .debug_aranges
                0x00000870       0xe0 ..\obj\stm32f4xx_spi.o
 .debug_aranges
                0x00000950      0x120 ..\obj\stm32f4xx_i2c.o
 .debug_aranges
                0x00000a70       0x58 ..\obj\stm32f4xx_rng.o
 .debug_aranges
                0x00000ac8       0x58 ..\obj\stm32f4xx_exti.o
 .debug_aranges
                0x00000b20       0x40 ..\obj\misc.o
 .debug_aranges
                0x00000b60      0x2f8 ..\obj\stm32f4xx_tim.o

.debug_ranges   0x00000000      0xe30
 .debug_ranges  0x00000000       0x38 ..\obj\stm32f4xx_syscfg.o
 .debug_ranges  0x00000038       0x18 ..\obj\startup_stm32f4xx.o
 .debug_ranges  0x00000050      0x308 ..\obj\main.o
 .debug_ranges  0x00000358       0x18 ..\obj\TextStrings.o
 .debug_ranges  0x00000370      0x168 ..\obj\stm32f4xx_rcc.o
 .debug_ranges  0x000004d8       0x28 ..\obj\codec.o
 .debug_ranges  0x00000500      0x138 ..\obj\stm32f4xx_adc.o
 .debug_ranges  0x00000638       0x90 ..\obj\printf.o
 .debug_ranges  0x000006c8       0x78 ..\obj\stm32f4xx_gpio.o
 .debug_ranges  0x00000740       0xf8 ..\obj\stm32f4xx_flash.o
 .debug_ranges  0x00000838       0x20 ..\obj\system_stm32f4xx.o
 .debug_ranges  0x00000858       0x50 ..\obj\syscalls.o
 .debug_ranges  0x000008a8       0xd0 ..\obj\stm32f4xx_spi.o
 .debug_ranges  0x00000978      0x110 ..\obj\stm32f4xx_i2c.o
 .debug_ranges  0x00000a88       0x48 ..\obj\stm32f4xx_rng.o
 .debug_ranges  0x00000ad0       0x48 ..\obj\stm32f4xx_exti.o
 .debug_ranges  0x00000b18       0x30 ..\obj\misc.o
 .debug_ranges  0x00000b48      0x2e8 ..\obj\stm32f4xx_tim.o

.debug_frame    0x00000000     0x3154
 .debug_frame   0x00000000       0xbc ..\obj\stm32f4xx_syscfg.o
 .debug_frame   0x000000bc       0x48 ..\obj\startup_stm32f4xx.o
 .debug_frame   0x00000104      0x800 ..\obj\main.o
 .debug_frame   0x00000904       0x4c ..\obj\TextStrings.o
 .debug_frame   0x00000950      0x4d8 ..\obj\stm32f4xx_rcc.o
 .debug_frame   0x00000e28       0x90 ..\obj\codec.o
 .debug_frame   0x00000eb8      0x434 ..\obj\stm32f4xx_adc.o
 .debug_frame   0x000012ec      0x244 ..\obj\printf.o
 .debug_frame   0x00001530      0x19c ..\obj\stm32f4xx_gpio.o
 .debug_frame   0x000016cc      0x360 ..\obj\stm32f4xx_flash.o
 .debug_frame   0x00001a2c       0x64 ..\obj\system_stm32f4xx.o
 .debug_frame   0x00001a90      0x108 ..\obj\syscalls.o
 .debug_frame   0x00001b98      0x2d0 ..\obj\stm32f4xx_spi.o
 .debug_frame   0x00001e68      0x3b4 ..\obj\stm32f4xx_i2c.o
 .debug_frame   0x0000221c       0xec ..\obj\stm32f4xx_rng.o
 .debug_frame   0x00002308       0xec ..\obj\stm32f4xx_exti.o
 .debug_frame   0x000023f4       0x9c ..\obj\misc.o
 .debug_frame   0x00002490      0xa3c ..\obj\stm32f4xx_tim.o
 .debug_frame   0x00002ecc       0x30 c:/coocox/coide/bin/arm-2011.03-coocox/bin/../lib/gcc/arm-none-eabi/4.5.2/../../../../arm-none-eabi/lib/thumb2\libm.a(lib_a-s_sin.o)
 .debug_frame   0x00002efc       0x3c c:/coocox/coide/bin/arm-2011.03-coocox/bin/../lib/gcc/arm-none-eabi/4.5.2/../../../../arm-none-eabi/lib/thumb2\libm.a(lib_a-e_rem_pio2.o)
 .debug_frame   0x00002f38       0x3c c:/coocox/coide/bin/arm-2011.03-coocox/bin/../lib/gcc/arm-none-eabi/4.5.2/../../../../arm-none-eabi/lib/thumb2\libm.a(lib_a-k_cos.o)
 .debug_frame   0x00002f74       0x3c c:/coocox/coide/bin/arm-2011.03-coocox/bin/../lib/gcc/arm-none-eabi/4.5.2/../../../../arm-none-eabi/lib/thumb2\libm.a(lib_a-k_rem_pio2.o)
 .debug_frame   0x00002fb0       0x3c c:/coocox/coide/bin/arm-2011.03-coocox/bin/../lib/gcc/arm-none-eabi/4.5.2/../../../../arm-none-eabi/lib/thumb2\libm.a(lib_a-k_sin.o)
 .debug_frame   0x00002fec       0x20 c:/coocox/coide/bin/arm-2011.03-coocox/bin/../lib/gcc/arm-none-eabi/4.5.2/../../../../arm-none-eabi/lib/thumb2\libm.a(lib_a-s_fabs.o)
 .debug_frame   0x0000300c       0x34 c:/coocox/coide/bin/arm-2011.03-coocox/bin/../lib/gcc/arm-none-eabi/4.5.2/../../../../arm-none-eabi/lib/thumb2\libm.a(lib_a-s_floor.o)
 .debug_frame   0x00003040       0x30 c:/coocox/coide/bin/arm-2011.03-coocox/bin/../lib/gcc/arm-none-eabi/4.5.2/../../../../arm-none-eabi/lib/thumb2\libm.a(lib_a-s_scalbn.o)
 .debug_frame   0x00003070       0x28 c:/coocox/coide/bin/arm-2011.03-coocox/bin/../lib/gcc/arm-none-eabi/4.5.2/../../../../arm-none-eabi/lib/thumb2\libm.a(lib_a-s_copysign.o)
 .debug_frame   0x00003098       0x20 c:/coocox/coide/bin/arm-2011.03-coocox/bin/../lib/gcc/arm-none-eabi/4.5.2/thumb2\libgcc.a(_divsi3.o)
 .debug_frame   0x000030b8       0x30 c:/coocox/coide/bin/arm-2011.03-coocox/bin/../lib/gcc/arm-none-eabi/4.5.2/../../../../arm-none-eabi/lib/thumb2\libc.a(lib_a-memcpy.o)
 .debug_frame   0x000030e8       0x2c c:/coocox/coide/bin/arm-2011.03-coocox/bin/../lib/gcc/arm-none-eabi/4.5.2/../../../../arm-none-eabi/lib/thumb2\libc.a(lib_a-memset.o)
 .debug_frame   0x00003114       0x20 c:/coocox/coide/bin/arm-2011.03-coocox/bin/../lib/gcc/arm-none-eabi/4.5.2/../../../../arm-none-eabi/lib/thumb2\libc.a(lib_a-strcpy.o)
 .debug_frame   0x00003134       0x20 c:/coocox/coide/bin/arm-2011.03-coocox/bin/../lib/gcc/arm-none-eabi/4.5.2/../../../../arm-none-eabi/lib/thumb2\libc.a(lib_a-strlen.o)
