Archive member included because of file (symbol)

c:/coocox/coide/bin/arm-2011.03-coocox/bin/../lib/gcc/arm-none-eabi/4.5.2/../../../../arm-none-eabi/lib/thumb2\libm.a(lib_a-s_sin.o)
                              ..\obj\main.o (sin)
c:/coocox/coide/bin/arm-2011.03-coocox/bin/../lib/gcc/arm-none-eabi/4.5.2/../../../../arm-none-eabi/lib/thumb2\libm.a(lib_a-e_rem_pio2.o)
                              c:/coocox/coide/bin/arm-2011.03-coocox/bin/../lib/gcc/arm-none-eabi/4.5.2/../../../../arm-none-eabi/lib/thumb2\libm.a(lib_a-s_sin.o) (__ieee754_rem_pio2)
c:/coocox/coide/bin/arm-2011.03-coocox/bin/../lib/gcc/arm-none-eabi/4.5.2/../../../../arm-none-eabi/lib/thumb2\libm.a(lib_a-k_cos.o)
                              c:/coocox/coide/bin/arm-2011.03-coocox/bin/../lib/gcc/arm-none-eabi/4.5.2/../../../../arm-none-eabi/lib/thumb2\libm.a(lib_a-s_sin.o) (__kernel_cos)
c:/coocox/coide/bin/arm-2011.03-coocox/bin/../lib/gcc/arm-none-eabi/4.5.2/../../../../arm-none-eabi/lib/thumb2\libm.a(lib_a-k_rem_pio2.o)
                              c:/coocox/coide/bin/arm-2011.03-coocox/bin/../lib/gcc/arm-none-eabi/4.5.2/../../../../arm-none-eabi/lib/thumb2\libm.a(lib_a-e_rem_pio2.o) (__kernel_rem_pio2)
c:/coocox/coide/bin/arm-2011.03-coocox/bin/../lib/gcc/arm-none-eabi/4.5.2/../../../../arm-none-eabi/lib/thumb2\libm.a(lib_a-k_sin.o)
                              c:/coocox/coide/bin/arm-2011.03-coocox/bin/../lib/gcc/arm-none-eabi/4.5.2/../../../../arm-none-eabi/lib/thumb2\libm.a(lib_a-s_sin.o) (__kernel_sin)
c:/coocox/coide/bin/arm-2011.03-coocox/bin/../lib/gcc/arm-none-eabi/4.5.2/../../../../arm-none-eabi/lib/thumb2\libm.a(lib_a-s_fabs.o)
                              c:/coocox/coide/bin/arm-2011.03-coocox/bin/../lib/gcc/arm-none-eabi/4.5.2/../../../../arm-none-eabi/lib/thumb2\libm.a(lib_a-e_rem_pio2.o) (fabs)
c:/coocox/coide/bin/arm-2011.03-coocox/bin/../lib/gcc/arm-none-eabi/4.5.2/../../../../arm-none-eabi/lib/thumb2\libm.a(lib_a-s_floor.o)
                              c:/coocox/coide/bin/arm-2011.03-coocox/bin/../lib/gcc/arm-none-eabi/4.5.2/../../../../arm-none-eabi/lib/thumb2\libm.a(lib_a-k_rem_pio2.o) (floor)
c:/coocox/coide/bin/arm-2011.03-coocox/bin/../lib/gcc/arm-none-eabi/4.5.2/../../../../arm-none-eabi/lib/thumb2\libm.a(lib_a-s_scalbn.o)
                              c:/coocox/coide/bin/arm-2011.03-coocox/bin/../lib/gcc/arm-none-eabi/4.5.2/../../../../arm-none-eabi/lib/thumb2\libm.a(lib_a-k_rem_pio2.o) (scalbn)
c:/coocox/coide/bin/arm-2011.03-coocox/bin/../lib/gcc/arm-none-eabi/4.5.2/../../../../arm-none-eabi/lib/thumb2\libm.a(lib_a-s_copysign.o)
                              c:/coocox/coide/bin/arm-2011.03-coocox/bin/../lib/gcc/arm-none-eabi/4.5.2/../../../../arm-none-eabi/lib/thumb2\libm.a(lib_a-s_scalbn.o) (copysign)
c:/coocox/coide/bin/arm-2011.03-coocox/bin/../lib/gcc/arm-none-eabi/4.5.2/thumb2\libgcc.a(_divsi3.o)
                              c:/coocox/coide/bin/arm-2011.03-coocox/bin/../lib/gcc/arm-none-eabi/4.5.2/../../../../arm-none-eabi/lib/thumb2\libm.a(lib_a-k_rem_pio2.o) (__aeabi_idiv)
c:/coocox/coide/bin/arm-2011.03-coocox/bin/../lib/gcc/arm-none-eabi/4.5.2/thumb2\libgcc.a(_dvmd_tls.o)
                              c:/coocox/coide/bin/arm-2011.03-coocox/bin/../lib/gcc/arm-none-eabi/4.5.2/thumb2\libgcc.a(_divsi3.o) (__aeabi_idiv0)
c:/coocox/coide/bin/arm-2011.03-coocox/bin/../lib/gcc/arm-none-eabi/4.5.2/thumb2\libgcc.a(_arm_addsubdf3.o)
                              ..\obj\main.o (__aeabi_dsub)
c:/coocox/coide/bin/arm-2011.03-coocox/bin/../lib/gcc/arm-none-eabi/4.5.2/thumb2\libgcc.a(_arm_muldivdf3.o)
                              ..\obj\main.o (__aeabi_dmul)
c:/coocox/coide/bin/arm-2011.03-coocox/bin/../lib/gcc/arm-none-eabi/4.5.2/thumb2\libgcc.a(_arm_cmpdf2.o)
                              c:/coocox/coide/bin/arm-2011.03-coocox/bin/../lib/gcc/arm-none-eabi/4.5.2/../../../../arm-none-eabi/lib/thumb2\libm.a(lib_a-e_rem_pio2.o) (__aeabi_dcmpeq)
c:/coocox/coide/bin/arm-2011.03-coocox/bin/../lib/gcc/arm-none-eabi/4.5.2/thumb2\libgcc.a(_arm_fixdfsi.o)
                              ..\obj\TextStrings.o (__aeabi_d2iz)
c:/coocox/coide/bin/arm-2011.03-coocox/bin/../lib/gcc/arm-none-eabi/4.5.2/thumb2\libgcc.a(_arm_truncdfsf2.o)
                              ..\obj\main.o (__aeabi_d2f)
c:/coocox/coide/bin/arm-2011.03-coocox/bin/../lib/gcc/arm-none-eabi/4.5.2/thumb2\libgcc.a(_arm_addsubsf3.o)
                              ..\obj\main.o (__aeabi_fsub)
c:/coocox/coide/bin/arm-2011.03-coocox/bin/../lib/gcc/arm-none-eabi/4.5.2/thumb2\libgcc.a(_arm_muldivsf3.o)
                              ..\obj\main.o (__aeabi_fmul)
c:/coocox/coide/bin/arm-2011.03-coocox/bin/../lib/gcc/arm-none-eabi/4.5.2/thumb2\libgcc.a(_arm_cmpsf2.o)
                              ..\obj\main.o (__aeabi_fcmpeq)
c:/coocox/coide/bin/arm-2011.03-coocox/bin/../lib/gcc/arm-none-eabi/4.5.2/thumb2\libgcc.a(_arm_fixsfsi.o)
                              ..\obj\main.o (__aeabi_f2iz)
[...]
Memory Configuration

Name             Origin             Length             Attributes
bootay           0x08000000         0x00004000         xr
flash_allocate   0x08004000         0x00004000         xr
rom              0x08008000         0x000f8000         xr
ram              0x20000000         0x00020000         xrw
ram1             0x10000000         0x00010000         xrw
*default*        0x00000000         0xffffffff

Linker script and memory map

                0x20020000                _eram = 0x20020000

.isr_vector     0x08000000      0x188
                0x08000000                . = ALIGN (0x4)
 *(.isr_vector)
 .isr_vector    0x08000000      0x188 ..\obj\startup_stm32f4xx.o
                0x08000000                g_pfnVectors
                0x08000188                . = ALIGN (0x4)

.flash_reserve  0x08004000        0x0
                0x08004000                . = ALIGN (0x4)
 *(.flash_reserve)
                0x08004000                . = ALIGN (0x4)

.text           0x08008000    0xf13e0
 *(.text*)
 .text.Default_Reset_Handler
                0x08008000       0x64 ..\obj\startup_stm32f4xx.o
                0x08008000                Default_Reset_Handler
                0x08008000                Reset_Handler
 .text.Default_Handler
                0x08008064        0x8 ..\obj\startup_stm32f4xx.o
                0x08008064                RTC_Alarm_IRQHandler
                0x08008064                HASH_RNG_IRQHandler
                0x08008064                EXTI2_IRQHandler
                0x08008064                TIM8_CC_IRQHandler
                0x08008064                DebugMon_Handler
                0x08008064                TIM1_CC_IRQHandler
                0x08008064                DMA2_Stream5_IRQHandler
                0x08008064                HardFault_Handler
                0x08008064                DMA1_Stream5_IRQHandler
                0x08008064                PVD_IRQHandler
                0x08008064                SDIO_IRQHandler
                0x08008064                TAMP_STAMP_IRQHandler
                0x08008064                PendSV_Handler
                0x08008064                NMI_Handler
                0x08008064                CAN2_RX1_IRQHandler
                0x08008064                EXTI3_IRQHandler
                0x08008064                TIM8_TRG_COM_TIM14_IRQHandler
                0x08008064                TIM1_UP_TIM10_IRQHandler
                0x08008064                TIM8_UP_TIM13_IRQHandler
                0x08008064                I2C3_ER_IRQHandler
                0x08008064                EXTI0_IRQHandler
                0x08008064                I2C2_EV_IRQHandler
                0x08008064                DMA1_Stream2_IRQHandler
                0x08008064                CAN1_RX0_IRQHandler
                0x08008064                FPU_IRQHandler
                0x08008064                OTG_HS_WKUP_IRQHandler
                0x08008064                UsageFault_Handler
                0x08008064                CAN2_SCE_IRQHandler
                0x08008064                DMA2_Stream2_IRQHandler
                0x08008064                SPI1_IRQHandler
                0x08008064                TIM1_BRK_TIM9_IRQHandler
                0x08008064                DCMI_IRQHandler
                0x08008064                CAN2_RX0_IRQHandler
                0x08008064                DMA2_Stream3_IRQHandler
                0x08008064                USART6_IRQHandler
                0x08008064                USART3_IRQHandler
                0x08008064                CRYP_IRQHandler
                0x08008064                CAN1_RX1_IRQHandler
                0x08008064                UART5_IRQHandler
                0x08008064                DMA2_Stream0_IRQHandler
                0x08008064                TIM4_IRQHandler
                0x08008064                I2C1_EV_IRQHandler
                0x08008064                DMA1_Stream6_IRQHandler
                0x08008064                DMA1_Stream1_IRQHandler
                0x08008064                UART4_IRQHandler
                0x08008064                TIM3_IRQHandler
                0x08008064                RCC_IRQHandler
                0x08008064                TIM8_BRK_TIM12_IRQHandler
                0x08008064                EXTI15_10_IRQHandler
                0x08008064                ADC_IRQHandler
                0x08008064                DMA1_Stream7_IRQHandler
                0x08008064                CAN2_TX_IRQHandler
                0x08008064                TIM5_IRQHandler
                0x08008064                DMA2_Stream7_IRQHandler
                0x08008064                I2C3_EV_IRQHandler
                0x08008064                EXTI9_5_IRQHandler
                0x08008064                RTC_WKUP_IRQHandler
                0x08008064                ETH_WKUP_IRQHandler
                0x08008064                SPI2_IRQHandler
                0x08008064                OTG_HS_EP1_IN_IRQHandler
                0x08008064                MemManage_Handler
                0x08008064                DMA1_Stream0_IRQHandler
                0x08008064                CAN1_TX_IRQHandler
                0x08008064                SVC_Handler
                0x08008064                EXTI4_IRQHandler
                0x08008064                FSMC_IRQHandler
                0x08008064                ETH_IRQHandler
                0x08008064                OTG_HS_EP1_OUT_IRQHandler
                0x08008064                WWDG_IRQHandler
                0x08008064                TIM2_IRQHandler
                0x08008064                OTG_FS_WKUP_IRQHandler
                0x08008064                TIM1_TRG_COM_TIM11_IRQHandler
                0x08008064                OTG_HS_IRQHandler
                0x08008064                EXTI1_IRQHandler
                0x08008064                USART2_IRQHandler
                0x08008064                I2C2_ER_IRQHandler
                0x08008064                DMA2_Stream1_IRQHandler
                0x08008064                CAN1_SCE_IRQHandler
                0x08008064                FLASH_IRQHandler
                0x08008064                DMA2_Stream4_IRQHandler
                0x08008064                BusFault_Handler
                0x08008064                USART1_IRQHandler
                0x08008064                OTG_FS_IRQHandler
                0x08008064                SPI3_IRQHandler
                0x08008064                DMA1_Stream4_IRQHandler
                0x08008064                I2C1_ER_IRQHandler
                0x08008064                DMA2_Stream6_IRQHandler
                0x08008064                DMA1_Stream3_IRQHandler
 .text.NVIC_EnableIRQ
                0x0800806c       0x34 ..\obj\main.o
 .text.main     0x080080a0     0x6150 ..\obj\main.o
                0x080080a0                main
 .text.DropGate
                0x0800e1f0      0x684 ..\obj\main.o
                0x0800e1f0                DropGate
 .text.DoReactionGame
                0x0800e874      0x928 ..\obj\main.o
                0x0800e874                DoReactionGame
 .text.LightTestCycle
                0x0800f19c      0x320 ..\obj\main.o
                0x0800f19c                LightTestCycle
 .text.ReadLightExitControlInput
                0x0800f4bc      0x294 ..\obj\main.o
                0x0800f4bc                ReadLightExitControlInput
 .text.ValidateUUIDMask
                0x0800f750      0x1a8 ..\obj\main.o
                0x0800f750                ValidateUUIDMask
 .text.CheckSensor
                0x0800f8f8       0x64 ..\obj\main.o
                0x0800f8f8                CheckSensor
 .text.GetTimeFromTicks
                0x0800f95c       0xe0 ..\obj\main.o
                0x0800f95c                GetTimeFromTicks
 .text.GetTimeString
                0x0800fa3c      0x10c ..\obj\main.o
                0x0800fa3c                GetTimeString
 .text.GetTimesString
                0x0800fb48      0x27c ..\obj\main.o
                0x0800fb48                GetTimesString
 .text.CalculateSpeed
                0x0800fdc4       0xcc ..\obj\main.o
                0x0800fdc4                CalculateSpeed
 .text.ProcessElapsedTimer
                0x0800fe90       0x8c ..\obj\main.o
                0x0800fe90                ProcessElapsedTimer
 .text.ProcessTimeAndSpeed
                0x0800ff1c      0x2c8 ..\obj\main.o
                0x0800ff1c                ProcessTimeAndSpeed
 .text.DoTimeAndDisabled
                0x080101e4       0xd0 ..\obj\main.o
                0x080101e4                DoTimeAndDisabled
 .text.DoTimeAndSpeed
                0x080102b4      0x4e0 ..\obj\main.o
                0x080102b4                DoTimeAndSpeed
 .text.DoSpeedAndDisabled
                0x08010794      0x1bc ..\obj\main.o
                0x08010794                DoSpeedAndDisabled
 .text.DoSprintTimer
                0x08010950      0x5b0 ..\obj\main.o
                0x08010950                DoSprintTimer
 .text.CopyTimerHistoryDown
                0x08010f00      0x238 ..\obj\main.o
                0x08010f00                CopyTimerHistoryDown
 .text.AddTimeToTimerHistory
                0x08011138       0xa8 ..\obj\main.o
                0x08011138                AddTimeToTimerHistory
 .text.InitPorts
                0x080111e0      0x468 ..\obj\main.o
                0x080111e0                InitPorts
 .text.InitClocks
                0x08011648       0x18 ..\obj\main.o
                0x08011648                InitClocks
 .text.InitAudio
                0x08011660       0x28 ..\obj\main.o
                0x08011660                InitAudio
 .text.InitLCD  0x08011688       0xe0 ..\obj\main.o
                0x08011688                InitLCD
 .text.DefineCustomCharacters
                0x08011768      0x150 ..\obj\main.o
                0x08011768                DefineCustomCharacters
 .text.PlayRaiseGateAnimation
                0x080118b8      0x378 ..\obj\main.o
                0x080118b8                PlayRaiseGateAnimation
 .text.PlayDropGateAnimation
                0x08011c30      0x3d0 ..\obj\main.o
                0x08011c30                PlayDropGateAnimation
 .text.WriteLCD_Command
                0x08012000       0x70 ..\obj\main.o
                0x08012000                WriteLCD_Command
 .text.WriteLCD_Data
                0x08012070       0x78 ..\obj\main.o
                0x08012070                WriteLCD_Data
 .text.WriteLCD_Line
                0x080120e8       0x60 ..\obj\main.o
                0x080120e8                WriteLCD_Line
 .text.WriteLCD_LineCentered
                0x08012148       0xac ..\obj\main.o
                0x08012148                WriteLCD_LineCentered
 .text.UpdateLCD
                0x080121f4       0xe8 ..\obj\main.o
                0x080121f4                UpdateLCD
 .text.StartTimers
                0x080122dc       0xe8 ..\obj\main.o
                0x080122dc                StartTimers
 .text.TIM7_IRQHandler
                0x080123c4       0xa8 ..\obj\main.o
                0x080123c4                TIM7_IRQHandler
 .text.TIM6_DAC_IRQHandler
                0x0801246c      0x514 ..\obj\main.o
                0x0801246c                TIM6_DAC_IRQHandler
 .text.SysTick_Init
                0x08012980       0x44 ..\obj\main.o
                0x08012980                SysTick_Init
 .text.SysTick_Handler
                0x080129c4       0x28 ..\obj\main.o
                0x080129c4                SysTick_Handler
 .text.PulseSolenoid
                0x080129ec       0x58 ..\obj\main.o
                0x080129ec                PulseSolenoid
 .text.StartGatePowerOffTimer
                0x08012a44       0x38 ..\obj\main.o
                0x08012a44                StartGatePowerOffTimer
 .text.SetGatePowerOff
                0x08012a7c       0x38 ..\obj\main.o
                0x08012a7c                SetGatePowerOff
 .text.SetGatePowerOn
                0x08012ab4       0x38 ..\obj\main.o
                0x08012ab4                SetGatePowerOn
 .text.ShortDelay
                0x08012aec       0x2c ..\obj\main.o
                0x08012aec                ShortDelay
 .text.Delay    0x08012b18       0x24 ..\obj\main.o
                0x08012b18                Delay
 .text.GetRandomNumber
                0x08012b3c       0x68 ..\obj\main.o
 .text.SetAttenuator
                0x08012ba4       0x64 ..\obj\main.o
                0x08012ba4                SetAttenuator
 .text.PlaySilence
                0x08012c08       0xa0 ..\obj\main.o
                0x08012c08                PlaySilence
 .text.PlayTone
                0x08012ca8      0x158 ..\obj\main.o
                0x08012ca8                PlayTone
 .text.PlaySample24khz
                0x08012e00      0x17c ..\obj\main.o
                0x08012e00                PlaySample24khz
 .text.PrintElapsedTime
                0x08012f7c       0xec ..\obj\main.o
                0x08012f7c                PrintElapsedTime
 .text.PlayGateUpTones
                0x08013068       0xb0 ..\obj\main.o
                0x08013068                PlayGateUpTones
 .text.ReadInputs
                0x08013118      0x258 ..\obj\main.o
                0x08013118                ReadInputs
 .text.WaitForButtonUp
                0x08013370       0x34 ..\obj\main.o
                0x08013370                WaitForButtonUp
 *fill*         0x080133a4        0x4 00
 .text.BatteryLevel
                0x080133a8      0x270 ..\obj\main.o
                0x080133a8                BatteryLevel
 .text.ReadBatteryCondition
                0x08013618       0x38 ..\obj\main.o
                0x08013618                ReadBatteryCondition
 .text.PlayTimeOrPercent
                0x08013650     0x10d0 ..\obj\main.o
                0x08013650                PlayTimeOrPercent
 .text.PlaySpeed
                0x08014720      0x700 ..\obj\main.o
                0x08014720                PlaySpeed
 .text.PlayDigit
                0x08014e20      0x134 ..\obj\main.o
                0x08014e20                PlayDigit
 .text.ClearContexts
                0x08014f54       0xa8 ..\obj\main.o
                0x08014f54                ClearContexts
 .text.InitMenus
                0x08014ffc      0xe7c ..\obj\main.o
                0x08014ffc                InitMenus
 .text.SetGateMenuState
                0x08015e78       0x88 ..\obj\main.o
                0x08015e78                SetGateMenuState
 .text.ClearTimingHistories
                0x08015f00      0x16c ..\obj\main.o
                0x08015f00                ClearTimingHistories
 .text.SaveEverythingToFlashMemory
                0x0801606c      0x89c ..\obj\main.o
                0x0801606c                SaveEverythingToFlashMemory
 .text.ReadEverythingFromFlashMemory
                0x08016908      0x73c ..\obj\main.o
                0x08016908                ReadEverythingFromFlashMemory
 .text.GetFlashSector
                0x08017044      0x158 ..\obj\main.o
                0x08017044                GetFlashSector
 .text.ItemCopy
                0x0801719c       0xa0 ..\obj\main.o
                0x0801719c                ItemCopy
 .text.SetMenuText
                0x0801723c       0x3c ..\obj\main.o
                0x0801723c                SetMenuText
 .text.InitTextStrings
                0x08017278       0xa8 ..\obj\TextStrings.o
                0x08017278                InitTextStrings
 .text.DecryptString
                0x08017320       0xf0 ..\obj\TextStrings.o
                0x08017320                DecryptString
 .text.RCC_PLLI2SCmd
                0x08017410       0x20 ..\obj\stm32f4xx_rcc.o
                0x08017410                RCC_PLLI2SCmd
 .text.RCC_GetClocksFreq
                0x08017430      0x17c ..\obj\stm32f4xx_rcc.o
                0x08017430                RCC_GetClocksFreq
 .text.RCC_AHB1PeriphClockCmd
                0x080175ac       0x44 ..\obj\stm32f4xx_rcc.o
                0x080175ac                RCC_AHB1PeriphClockCmd
 .text.RCC_AHB2PeriphClockCmd
                0x080175f0       0x44 ..\obj\stm32f4xx_rcc.o
                0x080175f0                RCC_AHB2PeriphClockCmd
 .text.RCC_APB1PeriphClockCmd
                0x08017634       0x44 ..\obj\stm32f4xx_rcc.o
                0x08017634                RCC_APB1PeriphClockCmd
 .text.RCC_APB2PeriphClockCmd
                0x08017678       0x44 ..\obj\stm32f4xx_rcc.o
                0x08017678                RCC_APB2PeriphClockCmd
 .text.RCC_APB1PeriphResetCmd
                0x080176bc       0x44 ..\obj\stm32f4xx_rcc.o
                0x080176bc                RCC_APB1PeriphResetCmd
 .text.RCC_APB2PeriphResetCmd
                0x08017700       0x44 ..\obj\stm32f4xx_rcc.o
                0x08017700                RCC_APB2PeriphResetCmd
 .text.codec_init
                0x08017744      0x1b4 ..\obj\codec.o
                0x08017744                codec_init
 .text.codec_ctrl_init
                0x080178f8      0x1e8 ..\obj\codec.o
                0x080178f8                codec_ctrl_init
 .text.send_codec_ctrl
                0x08017ae0       0xc4 ..\obj\codec.o
                0x08017ae0                send_codec_ctrl
 .text.read_codec_register
                0x08017ba4      0x11c ..\obj\codec.o
                0x08017ba4                read_codec_register
 .text.ADC_Init
                0x08017cc0       0xc4 ..\obj\stm32f4xx_adc.o
                0x08017cc0                ADC_Init
 .text.ADC_Cmd  0x08017d84       0x38 ..\obj\stm32f4xx_adc.o
                0x08017d84                ADC_Cmd
 .text.ADC_RegularChannelConfig
                0x08017dbc      0x1d0 ..\obj\stm32f4xx_adc.o
                0x08017dbc                ADC_RegularChannelConfig
 .text.ADC_SoftwareStartConv
                0x08017f8c       0x20 ..\obj\stm32f4xx_adc.o
                0x08017f8c                ADC_SoftwareStartConv
 .text.ADC_GetConversionValue
                0x08017fac       0x1c ..\obj\stm32f4xx_adc.o
                0x08017fac                ADC_GetConversionValue
 .text.ADC_GetFlagStatus
                0x08017fc8       0x3c ..\obj\stm32f4xx_adc.o
                0x08017fc8                ADC_GetFlagStatus
 .text.PutChar  0x08018004       0x24 ..\obj\printf.o
                0x08018004                PutChar
 .text.PutString
                0x08018028       0x48 ..\obj\printf.o
                0x08018028                PutString
 .text.PutUnsignedInt
                0x08018070       0xb4 ..\obj\printf.o
                0x08018070                PutUnsignedInt
 .text.PutSignedInt
                0x08018124      0x11c ..\obj\printf.o
                0x08018124                PutSignedInt
 .text.PutHexa  0x08018240       0xe8 ..\obj\printf.o
                0x08018240                PutHexa
 .text.vsnprintf
                0x08018328      0x2a4 ..\obj\printf.o
                0x08018328                vsnprintf
 .text.vsprintf
                0x080185cc       0x28 ..\obj\printf.o
                0x080185cc                vsprintf
 .text.sprintf  0x080185f4       0x30 ..\obj\printf.o
                0x080185f4                sprintf
 .text.GPIO_Init
                0x08018624      0x148 ..\obj\stm32f4xx_gpio.o
                0x08018624                GPIO_Init
 .text.GPIO_StructInit
                0x0801876c       0x3c ..\obj\stm32f4xx_gpio.o
                0x0801876c                GPIO_StructInit
 .text.GPIO_SetBits
                0x080187a8       0x1c ..\obj\stm32f4xx_gpio.o
                0x080187a8                GPIO_SetBits
 .text.GPIO_ResetBits
                0x080187c4       0x1c ..\obj\stm32f4xx_gpio.o
                0x080187c4                GPIO_ResetBits
 .text.GPIO_PinAFConfig
                0x080187e0       0xac ..\obj\stm32f4xx_gpio.o
                0x080187e0                GPIO_PinAFConfig
 .text.FLASH_Unlock
                0x0801888c       0x2c ..\obj\stm32f4xx_flash.o
                0x0801888c                FLASH_Unlock
 .text.FLASH_Lock
                0x080188b8       0x1c ..\obj\stm32f4xx_flash.o
                0x080188b8                FLASH_Lock
 .text.FLASH_EraseSector
                0x080188d4       0xcc ..\obj\stm32f4xx_flash.o
                0x080188d4                FLASH_EraseSector
 .text.FLASH_ProgramWord
                0x080189a0       0x6c ..\obj\stm32f4xx_flash.o
                0x080189a0                FLASH_ProgramWord
 .text.FLASH_ProgramByte
                0x08018a0c       0x6c ..\obj\stm32f4xx_flash.o
                0x08018a0c                FLASH_ProgramByte
 .text.FLASH_ClearFlag
                0x08018a78       0x1c ..\obj\stm32f4xx_flash.o
                0x08018a78                FLASH_ClearFlag
 .text.FLASH_GetStatus
                0x08018a94       0x74 ..\obj\stm32f4xx_flash.o
                0x08018a94                FLASH_GetStatus
 .text.FLASH_WaitForLastOperation
                0x08018b08       0x34 ..\obj\stm32f4xx_flash.o
                0x08018b08                FLASH_WaitForLastOperation
 .text.SystemInit
                0x08018b3c       0x5c ..\obj\system_stm32f4xx.o
                0x08018b3c                SystemInit
 .text.SetSysClock
                0x08018b98      0x130 ..\obj\system_stm32f4xx.o
 .text.SPI_I2S_DeInit
                0x08018cc8       0x80 ..\obj\stm32f4xx_spi.o
                0x08018cc8                SPI_I2S_DeInit
 .text.SPI_Init
                0x08018d48       0x98 ..\obj\stm32f4xx_spi.o
                0x08018d48                SPI_Init
 .text.I2S_Init
                0x08018de0      0x1fc ..\obj\stm32f4xx_spi.o
                0x08018de0                I2S_Init
 .text.SPI_Cmd  0x08018fdc       0x40 ..\obj\stm32f4xx_spi.o
                0x08018fdc                SPI_Cmd
 .text.I2S_Cmd  0x0801901c       0x40 ..\obj\stm32f4xx_spi.o
                0x0801901c                I2S_Cmd
 .text.SPI_I2S_ReceiveData
                0x0801905c       0x1c ..\obj\stm32f4xx_spi.o
                0x0801905c                SPI_I2S_ReceiveData
 .text.SPI_I2S_SendData
                0x08019078       0x1c ..\obj\stm32f4xx_spi.o
                0x08019078                SPI_I2S_SendData
 .text.SPI_CalculateCRC
                0x08019094       0x40 ..\obj\stm32f4xx_spi.o
                0x08019094                SPI_CalculateCRC
 .text.SPI_I2S_GetFlagStatus
                0x080190d4       0x40 ..\obj\stm32f4xx_spi.o
                0x080190d4                SPI_I2S_GetFlagStatus
 .text.I2C_DeInit
                0x08019114       0x80 ..\obj\stm32f4xx_i2c.o
                0x08019114                I2C_DeInit
 .text.I2C_Init
                0x08019194      0x1b0 ..\obj\stm32f4xx_i2c.o
                0x08019194                I2C_Init
 .text.I2C_Cmd  0x08019344       0x40 ..\obj\stm32f4xx_i2c.o
                0x08019344                I2C_Cmd
 .text.I2C_GenerateSTART
                0x08019384       0x40 ..\obj\stm32f4xx_i2c.o
                0x08019384                I2C_GenerateSTART
 .text.I2C_GenerateSTOP
                0x080193c4       0x40 ..\obj\stm32f4xx_i2c.o
                0x080193c4                I2C_GenerateSTOP
 .text.I2C_Send7bitAddress
                0x08019404       0x3c ..\obj\stm32f4xx_i2c.o
                0x08019404                I2C_Send7bitAddress
 .text.I2C_AcknowledgeConfig
                0x08019440       0x40 ..\obj\stm32f4xx_i2c.o
                0x08019440                I2C_AcknowledgeConfig
 .text.I2C_SendData
                0x08019480       0x20 ..\obj\stm32f4xx_i2c.o
                0x08019480                I2C_SendData
 .text.I2C_ReceiveData
                0x080194a0       0x1c ..\obj\stm32f4xx_i2c.o
                0x080194a0                I2C_ReceiveData
 .text.I2C_CheckEvent
                0x080194bc       0x70 ..\obj\stm32f4xx_i2c.o
                0x080194bc                I2C_CheckEvent
 .text.I2C_GetFlagStatus
                0x0801952c       0x7c ..\obj\stm32f4xx_i2c.o
                0x0801952c                I2C_GetFlagStatus
 .text.RNG_Cmd  0x080195a8       0x38 ..\obj\stm32f4xx_rng.o
                0x080195a8                RNG_Cmd
 .text.RNG_GetRandomNumber
                0x080195e0       0x14 ..\obj\stm32f4xx_rng.o
                0x080195e0                RNG_GetRandomNumber
 .text          0x080195f4       0x98 c:/coocox/coide/bin/arm-2011.03-coocox/bin/../lib/gcc/arm-none-eabi/4.5.2/../../../../arm-none-eabi/lib/thumb2\libm.a(lib_a-s_sin.o)
                0x080195f4                sin
 *fill*         0x0801968c        0x4 00
 .text          0x08019690      0x450 c:/coocox/coide/bin/arm-2011.03-coocox/bin/../lib/gcc/arm-none-eabi/4.5.2/../../../../arm-none-eabi/lib/thumb2\libm.a(lib_a-e_rem_pio2.o)
                0x08019690                __ieee754_rem_pio2
 .text          0x08019ae0      0x250 c:/coocox/coide/bin/arm-2011.03-coocox/bin/../lib/gcc/arm-none-eabi/4.5.2/../../../../arm-none-eabi/lib/thumb2\libm.a(lib_a-k_cos.o)
                0x08019ae0                __kernel_cos
 .text          0x08019d30      0x7a8 c:/coocox/coide/bin/arm-2011.03-coocox/bin/../lib/gcc/arm-none-eabi/4.5.2/../../../../arm-none-eabi/lib/thumb2\libm.a(lib_a-k_rem_pio2.o)
                0x08019d30                __kernel_rem_pio2
 .text          0x0801a4d8      0x168 c:/coocox/coide/bin/arm-2011.03-coocox/bin/../lib/gcc/arm-none-eabi/4.5.2/../../../../arm-none-eabi/lib/thumb2\libm.a(lib_a-k_sin.o)
                0x0801a4d8                __kernel_sin
 .text          0x0801a640        0x8 c:/coocox/coide/bin/arm-2011.03-coocox/bin/../lib/gcc/arm-none-eabi/4.5.2/../../../../arm-none-eabi/lib/thumb2\libm.a(lib_a-s_fabs.o)
                0x0801a640                fabs
 .text          0x0801a648      0x128 c:/coocox/coide/bin/arm-2011.03-coocox/bin/../lib/gcc/arm-none-eabi/4.5.2/../../../../arm-none-eabi/lib/thumb2\libm.a(lib_a-s_floor.o)
                0x0801a648                floor
 .text          0x0801a770      0x108 c:/coocox/coide/bin/arm-2011.03-coocox/bin/../lib/gcc/arm-none-eabi/4.5.2/../../../../arm-none-eabi/lib/thumb2\libm.a(lib_a-s_scalbn.o)
                0x0801a770                scalbn
 .text          0x0801a878       0x14 c:/coocox/coide/bin/arm-2011.03-coocox/bin/../lib/gcc/arm-none-eabi/4.5.2/../../../../arm-none-eabi/lib/thumb2\libm.a(lib_a-s_copysign.o)
                0x0801a878                copysign
 *fill*         0x0801a88c        0x4 00
 .text          0x0801a890      0x2b0 c:/coocox/coide/bin/arm-2011.03-coocox/bin/../lib/gcc/arm-none-eabi/4.5.2/thumb2\libgcc.a(_divsi3.o)
                0x0801a890                __divsi3
                0x0801a890                __aeabi_idiv
                0x0801ab24                __aeabi_idivmod
 .text          0x0801ab40        0x4 c:/coocox/coide/bin/arm-2011.03-coocox/bin/../lib/gcc/arm-none-eabi/4.5.2/thumb2\libgcc.a(_dvmd_tls.o)
                0x0801ab40                __aeabi_idiv0
                0x0801ab40                __aeabi_ldiv0
 .text          0x0801ab44      0x370 c:/coocox/coide/bin/arm-2011.03-coocox/bin/../lib/gcc/arm-none-eabi/4.5.2/thumb2\libgcc.a(_arm_addsubdf3.o)
                0x0801ab44                __aeabi_drsub
                0x0801ab4c                __aeabi_dsub
                0x0801ab4c                __subdf3
                0x0801ab50                __aeabi_dadd
                0x0801ab50                __adddf3
                0x0801adc8                __floatunsidf
                0x0801adc8                __aeabi_ui2d
                0x0801ade8                __floatsidf
                0x0801ade8                __aeabi_i2d
                0x0801ae0c                __aeabi_f2d
                0x0801ae0c                __extendsfdf2
                0x0801ae48                __floatundidf
                0x0801ae48                __aeabi_ul2d
                0x0801ae58                __floatdidf
                0x0801ae58                __aeabi_l2d
 .text          0x0801aeb4      0x424 c:/coocox/coide/bin/arm-2011.03-coocox/bin/../lib/gcc/arm-none-eabi/4.5.2/thumb2\libgcc.a(_arm_muldivdf3.o)
                0x0801aeb4                __aeabi_dmul
                0x0801aeb4                __muldf3
                0x0801b108                __divdf3
                0x0801b108                __aeabi_ddiv
 .text          0x0801b2d8      0x110 c:/coocox/coide/bin/arm-2011.03-coocox/bin/../lib/gcc/arm-none-eabi/4.5.2/thumb2\libgcc.a(_arm_cmpdf2.o)
                0x0801b2d8                __gtdf2
                0x0801b2d8                __gedf2
                0x0801b2e0                __ltdf2
                0x0801b2e0                __ledf2
                0x0801b2e8                __nedf2
                0x0801b2e8                __eqdf2
                0x0801b2e8                __cmpdf2
                0x0801b364                __aeabi_cdrcmple
                0x0801b374                __aeabi_cdcmpeq
                0x0801b374                __aeabi_cdcmple
                0x0801b384                __aeabi_dcmpeq
                0x0801b398                __aeabi_dcmplt
                0x0801b3ac                __aeabi_dcmple
                0x0801b3c0                __aeabi_dcmpge
                0x0801b3d4                __aeabi_dcmpgt
 .text          0x0801b3e8       0x50 c:/coocox/coide/bin/arm-2011.03-coocox/bin/../lib/gcc/arm-none-eabi/4.5.2/thumb2\libgcc.a(_arm_fixdfsi.o)
                0x0801b3e8                __aeabi_d2iz
                0x0801b3e8                __fixdfsi
 .text          0x0801b438       0xa0 c:/coocox/coide/bin/arm-2011.03-coocox/bin/../lib/gcc/arm-none-eabi/4.5.2/thumb2\libgcc.a(_arm_truncdfsf2.o)
                0x0801b438                __truncdfsf2
                0x0801b438                __aeabi_d2f
 .text          0x0801b4d8      0x21c c:/coocox/coide/bin/arm-2011.03-coocox/bin/../lib/gcc/arm-none-eabi/4.5.2/thumb2\libgcc.a(_arm_addsubsf3.o)
                0x0801b4d8                __aeabi_frsub
                0x0801b4e0                __subsf3
                0x0801b4e0                __aeabi_fsub
                0x0801b4e4                __aeabi_fadd
                0x0801b4e4                __addsf3
                0x0801b644                __aeabi_ui2f
                0x0801b644                __floatunsisf
                0x0801b64c                __aeabi_i2f
                0x0801b64c                __floatsisf
                0x0801b668                __aeabi_ul2f
                0x0801b668                __floatundisf
                0x0801b678                __aeabi_l2f
                0x0801b678                __floatdisf
 .text          0x0801b6f4      0x2a0 c:/coocox/coide/bin/arm-2011.03-coocox/bin/../lib/gcc/arm-none-eabi/4.5.2/thumb2\libgcc.a(_arm_muldivsf3.o)
                0x0801b6f4                __mulsf3
                0x0801b6f4                __aeabi_fmul
                0x0801b85c                __aeabi_fdiv
                0x0801b85c                __divsf3
 .text          0x0801b994       0xec c:/coocox/coide/bin/arm-2011.03-coocox/bin/../lib/gcc/arm-none-eabi/4.5.2/thumb2\libgcc.a(_arm_cmpsf2.o)
                0x0801b994                __gesf2
                0x0801b994                __gtsf2
                0x0801b99c                __lesf2
                0x0801b99c                __ltsf2
                0x0801b9a4                __nesf2
                0x0801b9a4                __eqsf2
                0x0801b9a4                __cmpsf2
                0x0801ba04                __aeabi_cfrcmple
                0x0801ba0c                __aeabi_cfcmpeq
                0x0801ba0c                __aeabi_cfcmple
                0x0801ba1c                __aeabi_fcmpeq
                0x0801ba30                __aeabi_fcmplt
                0x0801ba44                __aeabi_fcmple
                0x0801ba58                __aeabi_fcmpge
                0x0801ba6c                __aeabi_fcmpgt
 .text          0x0801ba80       0x4c c:/coocox/coide/bin/arm-2011.03-coocox/bin/../lib/gcc/arm-none-eabi/4.5.2/thumb2\libgcc.a(_arm_fixsfsi.o)
                0x0801ba80                __aeabi_f2iz
                0x0801ba80                __fixsfsi
 .text          0x0801bacc       0x40 c:/coocox/coide/bin/arm-2011.03-coocox/bin/../lib/gcc/arm-none-eabi/4.5.2/thumb2\libgcc.a(_arm_fixunssfsi.o)
                0x0801bacc                __fixunssfsi
                0x0801bacc                __aeabi_f2uiz
 .text          0x0801bb0c      0x150 c:/coocox/coide/bin/arm-2011.03-coocox/bin/../lib/gcc/arm-none-eabi/4.5.2/../../../../arm-none-eabi/lib/thumb2\libc.a(lib_a-memcpy.o)
                0x0801bb0c                memcpy
 .text          0x0801bc5c       0xb4 c:/coocox/coide/bin/arm-2011.03-coocox/bin/../lib/gcc/arm-none-eabi/4.5.2/../../../../arm-none-eabi/lib/thumb2\libc.a(lib_a-memset.o)
                0x0801bc5c                memset
 .text          0x0801bd10       0xbc c:/coocox/coide/bin/arm-2011.03-coocox/bin/../lib/gcc/arm-none-eabi/4.5.2/../../../../arm-none-eabi/lib/thumb2\libc.a(lib_a-strcpy.o)
                0x0801bd10                strcpy
 .text          0x0801bdcc       0x60 c:/coocox/coide/bin/arm-2011.03-coocox/bin/../lib/gcc/arm-none-eabi/4.5.2/../../../../arm-none-eabi/lib/thumb2\libc.a(lib_a-strlen.o)
                0x0801bdcc                strlen
 *(.init)
 *(.fini)
 *crtbegin.o(.ctors)
 *crtbegin?.o(.ctors)
 *(EXCLUDE_FILE(*crtend.o *crtend?.o) .ctors)
 *(SORT(.ctors.*))
 *(.ctors)
 *crtbegin.o(.dtors)
 *crtbegin?.o(.dtors)
 *(EXCLUDE_FILE(*crtend.o *crtend?.o) .dtors)
 *(SORT(.dtors.*))
 *(.dtors)
 *(.rodata*)
 .rodata        0x0801be2c    0xdd10c ..\obj\main.o
 .rodata        0x080f8f38      0x2d0 ..\obj\TextStrings.o
 .rodata        0x080f9208      0x188 c:/coocox/coide/bin/arm-2011.03-coocox/bin/../lib/gcc/arm-none-eabi/4.5.2/../../../../arm-none-eabi/lib/thumb2\libm.a(lib_a-e_rem_pio2.o)
 .rodata        0x080f9390       0x50 c:/coocox/coide/bin/arm-2011.03-coocox/bin/../lib/gcc/arm-none-eabi/4.5.2/../../../../arm-none-eabi/lib/thumb2\libm.a(lib_a-k_rem_pio2.o)
 *(.eh_fram e*)

.glue_7         0x080f93e0        0x0
 .glue_7        0x00000000        0x0 linker stubs

.glue_7t        0x080f93e0        0x0
 .glue_7t       0x00000000        0x0 linker stubs

.vfp11_veneer   0x080f93e0        0x0
 .vfp11_veneer  0x00000000        0x0 linker stubs

.v4_bx          0x080f93e0        0x0
 .v4_bx         0x00000000        0x0 linker stubs

.ARM.extab
 *(.ARM.extab* .gnu.linkonce.armextab.*)
                0x080f93e0                __exidx_start = .

.ARM.exidx
 *(.ARM.exidx* .gnu.linkonce.armexidx.*)
                0x080f93e0                __exidx_end = .
                0x080f93e0                __etext = .
                0x080f93e0                _sidata = __etext

.data           0x20000000       0x14 load address 0x080f93e0
                0x20000000                __data_start__ = .
                0x20000000                _sdata = __data_start__
 *(vtable)
 *(.data*)
 .data          0x20000000        0x4 ..\obj\main.o
 .data          0x20000004       0x10 ..\obj\stm32f4xx_rcc.o
                0x20000014                . = ALIGN (0x4)
                0x20000014                PROVIDE (__preinit_array_start, .)
 *(.preinit_array)
                0x20000014                PROVIDE (__preinit_array_end, .)
                0x20000014                . = ALIGN (0x4)
                0x20000014                PROVIDE (__init_array_start, .)
 *(SORT(.init_array.*))
 *(.init_array)
                0x20000014                PROVIDE (__init_array_end, .)
                0x20000014                . = ALIGN (0x4)
                0x20000014                PROVIDE (__fini_array_start, .)
 *(SORT(.fini_array.*))
 *(.fini_array)
                0x20000014                PROVIDE (__fini_array_end, .)
 *(.jcr*)
                0x20000014                . = ALIGN (0x4)
                0x20000014                __data_end__ = .
                0x20000014                _edata = __data_end__

.bss            0x20000018     0x57a4 load address 0x080f93f8
                0x20000018                . = ALIGN (0x4)
                0x20000018                __bss_start__ = .
                0x20000018                _sbss = __bss_start__
 *(.bss*)
 .bss           0x20000018     0x5628 ..\obj\main.o
 *(COMMON)
 COMMON         0x20005640      0x179 ..\obj\main.o
                0x20005640                Email_Address
                0x20005658                Splash_Text_0
                0x20005670                Ownership_Information
                0x20005714                Device_Information
                0x2000572c                Illegal_Counterfeit
                0x20005744                Unauthorized_Device
                0x2000575c                More_Info
                0x20005774                Authorized_For_Use
                0x2000578c                Splash_Text_1
                0x200057a4                This_Device_Is_Not
                0x200057bc                . = ALIGN (0x4)
 *fill*         0x200057b9        0x3 00
                0x200057bc                __bss_end__ = .
                0x200057bc                _ebss = __bss_end__

.heap           0x200057bc        0x0
                0x200057bc                __end__ = .
                0x200057bc                _end = __end__
                0x200057bc                end = __end__
 *(.heap*)
                0x200057bc                __HeapLimit = .

.co_stack       0x200057bc      0x804 load address 0x080feb9c
                0x200057c0                . = ALIGN (0x8)
 *fill*         0x200057bc        0x4 00
 *(.co_stack .co_stack.*)
 .co_stack      0x200057c0      0x800 ..\obj\startup_stm32f4xx.o
                0x200057c0                pulStack
                0x20020000                __StackTop = 0x20020000
                0x2001f7fc                __StackLimit = (__StackTop - SIZEOF (.co_stack))
                0x20020000                PROVIDE (__stack, __StackTop)
                0x00000001                ASSERT ((__StackLimit >= __HeapLimit), region ram  overflowed with stack)
LOAD ..\obj\hundred.o
LOAD ..\obj\stm32f4xx_syscfg.o
LOAD ..\obj\OkRiders24k.o
LOAD ..\obj\eleven.o
LOAD ..\obj\FlashMemoryReserve.o
LOAD ..\obj\percent.o
LOAD ..\obj\three.o
LOAD ..\obj\six.o
LOAD ..\obj\zero.o
LOAD ..\obj\two.o
LOAD ..\obj\StartupSound.o
LOAD ..\obj\minute.o
LOAD ..\obj\fif.o
LOAD ..\obj\RandomStart24k.o
LOAD ..\obj\minutes.o
LOAD ..\obj\seconds.o
LOAD ..\obj\twenty.o
LOAD ..\obj\startup_stm32f4xx.o
LOAD ..\obj\eight.o
LOAD ..\obj\Square740Hz48k.o
LOAD ..\obj\RidersReady24k.o
LOAD ..\obj\main.o
LOAD ..\obj\TextStrings.o
LOAD ..\obj\stm32f4xx_rcc.o
LOAD ..\obj\codec.o
LOAD ..\obj\teen.o
LOAD ..\obj\second.o
LOAD ..\obj\ten.o
LOAD ..\obj\stm32f4xx_adc.o
LOAD ..\obj\printf.o
LOAD ..\obj\WatchTheGate24k.o
LOAD ..\obj\Square1150Hz48k.o
LOAD ..\obj\MilesPerHour.o
LOAD ..\obj\one.o
LOAD ..\obj\At.o
LOAD ..\obj\seventy.o
LOAD ..\obj\five.o
LOAD ..\obj\Square632Hz48k.o
LOAD ..\obj\stm32f4xx_gpio.o
LOAD ..\obj\stm32f4xx_flash.o
LOAD ..\obj\system_stm32f4xx.o
LOAD ..\obj\syscalls.o
LOAD ..\obj\ninety.o
LOAD ..\obj\forty.o
LOAD ..\obj\point.o
LOAD ..\obj\Square680Hz48k.o
LOAD ..\obj\nine.o
LOAD ..\obj\LastTimeWas.o
LOAD ..\obj\four.o
LOAD ..\obj\VolumeAt.o
LOAD ..\obj\stm32f4xx_spi.o
LOAD ..\obj\thir.o
LOAD ..\obj\stm32f4xx_i2c.o
LOAD ..\obj\stm32f4xx_rng.o
LOAD ..\obj\stm32f4xx_exti.o
LOAD ..\obj\fifty.o
LOAD ..\obj\sixty.o
LOAD ..\obj\misc.o
LOAD ..\obj\BatteryAt.o
LOAD ..\obj\thirty.o
LOAD ..\obj\seven.o
LOAD ..\obj\twelve.o
LOAD ..\obj\stm32f4xx_tim.o
LOAD ..\obj\eighty.o
LOAD c:/coocox/coide/bin/arm-2011.03-coocox/bin/../lib/gcc/arm-none-eabi/4.5.2/../../../../arm-none-eabi/lib/thumb2\libm.a
START GROUP
LOAD c:/coocox/coide/bin/arm-2011.03-coocox/bin/../lib/gcc/arm-none-eabi/4.5.2/thumb2\libgcc.a
LOAD c:/coocox/coide/bin/arm-2011.03-coocox/bin/../lib/gcc/arm-none-eabi/4.5.2/../../../../arm-none-eabi/lib/thumb2\libc.a
END GROUP
OUTPUT(Gatekeeper.elf elf32-littlearm)

.debug_abbrev   0x00000000     0x2dc7
 .debug_abbrev  0x00000000       0x75 ..\obj\hundred.o
 .debug_abbrev  0x00000075      0x12a ..\obj\stm32f4xx_syscfg.o
 .debug_abbrev  0x0000019f       0x75 ..\obj\OkRiders24k.o
 .debug_abbrev  0x00000214       0x75 ..\obj\eleven.o
 .debug_abbrev  0x00000289       0x75 ..\obj\FlashMemoryReserve.o
 .debug_abbrev  0x000002fe       0x75 ..\obj\percent.o
 .debug_abbrev  0x00000373       0x75 ..\obj\three.o
 .debug_abbrev  0x000003e8       0x75 ..\obj\six.o
 .debug_abbrev  0x0000045d       0x75 ..\obj\zero.o
 .debug_abbrev  0x000004d2       0x75 ..\obj\two.o
 .debug_abbrev  0x00000547       0x75 ..\obj\StartupSound.o
 .debug_abbrev  0x000005bc       0x75 ..\obj\minute.o
 .debug_abbrev  0x00000631       0x75 ..\obj\fif.o
 .debug_abbrev  0x000006a6       0x75 ..\obj\RandomStart24k.o
 .debug_abbrev  0x0000071b       0x75 ..\obj\minutes.o
 .debug_abbrev  0x00000790       0x75 ..\obj\seconds.o
 .debug_abbrev  0x00000805       0x75 ..\obj\twenty.o
 .debug_abbrev  0x0000087a       0xac ..\obj\startup_stm32f4xx.o
 .debug_abbrev  0x00000926       0x75 ..\obj\eight.o
 .debug_abbrev  0x0000099b       0x75 ..\obj\Square740Hz48k.o
 .debug_abbrev  0x00000a10       0x75 ..\obj\RidersReady24k.o
 .debug_abbrev  0x00000a85      0x25a ..\obj\main.o
 .debug_abbrev  0x00000cdf       0xb8 ..\obj\TextStrings.o
 .debug_abbrev  0x00000d97      0x1b7 ..\obj\stm32f4xx_rcc.o
 .debug_abbrev  0x00000f4e      0x144 ..\obj\codec.o
 .debug_abbrev  0x00001092       0x75 ..\obj\teen.o
 .debug_abbrev  0x00001107       0x75 ..\obj\second.o
 .debug_abbrev  0x0000117c       0x75 ..\obj\ten.o
 .debug_abbrev  0x000011f1      0x189 ..\obj\stm32f4xx_adc.o
 .debug_abbrev  0x0000137a      0x238 ..\obj\printf.o
 .debug_abbrev  0x000015b2       0x75 ..\obj\WatchTheGate24k.o
 .debug_abbrev  0x00001627       0x75 ..\obj\Square1150Hz48k.o
 .debug_abbrev  0x0000169c       0x75 ..\obj\MilesPerHour.o
 .debug_abbrev  0x00001711       0x75 ..\obj\one.o
 .debug_abbrev  0x00001786       0x75 ..\obj\At.o
 .debug_abbrev  0x000017fb       0x75 ..\obj\seventy.o
 .debug_abbrev  0x00001870       0x75 ..\obj\five.o
 .debug_abbrev  0x000018e5       0x75 ..\obj\Square632Hz48k.o
 .debug_abbrev  0x0000195a      0x182 ..\obj\stm32f4xx_gpio.o
 .debug_abbrev  0x00001adc      0x168 ..\obj\stm32f4xx_flash.o
 .debug_abbrev  0x00001c44      0x140 ..\obj\system_stm32f4xx.o
 .debug_abbrev  0x00001d84       0xde ..\obj\syscalls.o
 .debug_abbrev  0x00001e62       0x75 ..\obj\ninety.o
 .debug_abbrev  0x00001ed7       0x75 ..\obj\forty.o
 .debug_abbrev  0x00001f4c       0x75 ..\obj\point.o
 .debug_abbrev  0x00001fc1       0x75 ..\obj\Square680Hz48k.o
 .debug_abbrev  0x00002036       0x75 ..\obj\nine.o
 .debug_abbrev  0x000020ab       0x75 ..\obj\LastTimeWas.o
 .debug_abbrev  0x00002120       0x75 ..\obj\four.o
 .debug_abbrev  0x00002195       0x75 ..\obj\VolumeAt.o
 .debug_abbrev  0x0000220a      0x160 ..\obj\stm32f4xx_spi.o
 .debug_abbrev  0x0000236a       0x75 ..\obj\thir.o
 .debug_abbrev  0x000023df      0x15d ..\obj\stm32f4xx_i2c.o
 .debug_abbrev  0x0000253c      0x137 ..\obj\stm32f4xx_rng.o
 .debug_abbrev  0x00002673      0x198 ..\obj\stm32f4xx_exti.o
 .debug_abbrev  0x0000280b       0x75 ..\obj\fifty.o
 .debug_abbrev  0x00002880       0x75 ..\obj\sixty.o
 .debug_abbrev  0x000028f5      0x126 ..\obj\misc.o
 .debug_abbrev  0x00002a1b       0x75 ..\obj\BatteryAt.o
 .debug_abbrev  0x00002a90       0x75 ..\obj\thirty.o
 .debug_abbrev  0x00002b05       0x75 ..\obj\seven.o
 .debug_abbrev  0x00002b7a       0x75 ..\obj\twelve.o
 .debug_abbrev  0x00002bef      0x163 ..\obj\stm32f4xx_tim.o
 .debug_abbrev  0x00002d52       0x75 ..\obj\eighty.o

.debug_info     0x00000000     0xf9c0
 .debug_info    0x00000000       0xc6 ..\obj\hundred.o
 .debug_info    0x000000c6      0x27a ..\obj\stm32f4xx_syscfg.o
 .debug_info    0x00000340       0xc6 ..\obj\OkRiders24k.o
 .debug_info    0x00000406       0xc6 ..\obj\eleven.o
 .debug_info    0x000004cc       0xc6 ..\obj\FlashMemoryReserve.o
 .debug_info    0x00000592       0xc6 ..\obj\percent.o
 .debug_info    0x00000658       0xc6 ..\obj\three.o
 .debug_info    0x0000071e       0xc6 ..\obj\six.o
 .debug_info    0x000007e4       0xc6 ..\obj\zero.o
 .debug_info    0x000008aa       0xc6 ..\obj\two.o
 .debug_info    0x00000970       0xc6 ..\obj\StartupSound.o
 .debug_info    0x00000a36       0xc6 ..\obj\minute.o
 .debug_info    0x00000afc       0xc6 ..\obj\fif.o
 .debug_info    0x00000bc2       0xc6 ..\obj\RandomStart24k.o
 .debug_info    0x00000c88       0xc6 ..\obj\minutes.o
 .debug_info    0x00000d4e       0xc6 ..\obj\seconds.o
 .debug_info    0x00000e14       0xc6 ..\obj\twenty.o
 .debug_info    0x00000eda      0x147 ..\obj\startup_stm32f4xx.o
 .debug_info    0x00001021       0xc6 ..\obj\eight.o
 .debug_info    0x000010e7       0xc6 ..\obj\Square740Hz48k.o
 .debug_info    0x000011ad       0xc6 ..\obj\RidersReady24k.o
 .debug_info    0x00001273     0x45eb ..\obj\main.o
 .debug_info    0x0000585e      0x3ae ..\obj\TextStrings.o
 .debug_info    0x00005c0c      0xd24 ..\obj\stm32f4xx_rcc.o
 .debug_info    0x00006930      0x6c1 ..\obj\codec.o
 .debug_info    0x00006ff1       0xc6 ..\obj\teen.o
 .debug_info    0x000070b7       0xc6 ..\obj\second.o
 .debug_info    0x0000717d       0xc6 ..\obj\ten.o
 .debug_info    0x00007243      0xcf5 ..\obj\stm32f4xx_adc.o
 .debug_info    0x00007f38      0xed2 ..\obj\printf.o
 .debug_info    0x00008e0a       0xc6 ..\obj\WatchTheGate24k.o
 .debug_info    0x00008ed0       0xc5 ..\obj\Square1150Hz48k.o
 .debug_info    0x00008f95       0xc6 ..\obj\MilesPerHour.o
 .debug_info    0x0000905b       0xc6 ..\obj\one.o
 .debug_info    0x00009121       0xc6 ..\obj\At.o
 .debug_info    0x000091e7       0xc6 ..\obj\seventy.o
 .debug_info    0x000092ad       0xc6 ..\obj\five.o
 .debug_info    0x00009373       0xc6 ..\obj\Square632Hz48k.o
 .debug_info    0x00009439      0x639 ..\obj\stm32f4xx_gpio.o
 .debug_info    0x00009a72      0x775 ..\obj\stm32f4xx_flash.o
 .debug_info    0x0000a1e7      0x61d ..\obj\system_stm32f4xx.o
 .debug_info    0x0000a804      0x440 ..\obj\syscalls.o
 .debug_info    0x0000ac44       0xc6 ..\obj\ninety.o
 .debug_info    0x0000ad0a       0xc6 ..\obj\forty.o
 .debug_info    0x0000add0       0xc6 ..\obj\point.o
 .debug_info    0x0000ae96       0xc6 ..\obj\Square680Hz48k.o
 .debug_info    0x0000af5c       0xc6 ..\obj\nine.o
 .debug_info    0x0000b022       0xc6 ..\obj\LastTimeWas.o
 .debug_info    0x0000b0e8       0xc6 ..\obj\four.o
 .debug_info    0x0000b1ae       0xc6 ..\obj\VolumeAt.o
 .debug_info    0x0000b274      0xbcc ..\obj\stm32f4xx_spi.o
 .debug_info    0x0000be40       0xc6 ..\obj\thir.o
 .debug_info    0x0000bf06      0xb91 ..\obj\stm32f4xx_i2c.o
 .debug_info    0x0000ca97      0x291 ..\obj\stm32f4xx_rng.o
 .debug_info    0x0000cd28      0x372 ..\obj\stm32f4xx_exti.o
 .debug_info    0x0000d09a       0xc6 ..\obj\fifty.o
 .debug_info    0x0000d160       0xc6 ..\obj\sixty.o
 .debug_info    0x0000d226      0x594 ..\obj\misc.o
 .debug_info    0x0000d7ba       0xc6 ..\obj\BatteryAt.o
 .debug_info    0x0000d880       0xc6 ..\obj\thirty.o
 .debug_info    0x0000d946       0xc6 ..\obj\seven.o
 .debug_info    0x0000da0c       0xc6 ..\obj\twelve.o
 .debug_info    0x0000dad2     0x1e28 ..\obj\stm32f4xx_tim.o
 .debug_info    0x0000f8fa       0xc6 ..\obj\eighty.o

.debug_line     0x00000000     0x9ed7
 .debug_line    0x00000000      0x12a ..\obj\hundred.o
 .debug_line    0x0000012a      0x20e ..\obj\stm32f4xx_syscfg.o
 .debug_line    0x00000338      0x12e ..\obj\OkRiders24k.o
 .debug_line    0x00000466      0x129 ..\obj\eleven.o
 .debug_line    0x0000058f      0x135 ..\obj\FlashMemoryReserve.o
 .debug_line    0x000006c4      0x12a ..\obj\percent.o
 .debug_line    0x000007ee      0x128 ..\obj\three.o
 .debug_line    0x00000916      0x126 ..\obj\six.o
 .debug_line    0x00000a3c      0x127 ..\obj\zero.o
 .debug_line    0x00000b63      0x126 ..\obj\two.o
 .debug_line    0x00000c89      0x12f ..\obj\StartupSound.o
 .debug_line    0x00000db8      0x129 ..\obj\minute.o
 .debug_line    0x00000ee1      0x126 ..\obj\fif.o
 .debug_line    0x00001007      0x131 ..\obj\RandomStart24k.o
 .debug_line    0x00001138      0x12a ..\obj\minutes.o
 .debug_line    0x00001262      0x12a ..\obj\seconds.o
 .debug_line    0x0000138c      0x129 ..\obj\twenty.o
 .debug_line    0x000014b5       0xb3 ..\obj\startup_stm32f4xx.o
 .debug_line    0x00001568      0x128 ..\obj\eight.o
 .debug_line    0x00001690      0x131 ..\obj\Square740Hz48k.o
 .debug_line    0x000017c1      0x131 ..\obj\RidersReady24k.o
 .debug_line    0x000018f2     0x2cc4 ..\obj\main.o
 .debug_line    0x000045b6      0x10d ..\obj\TextStrings.o
 .debug_line    0x000046c3      0x5a4 ..\obj\stm32f4xx_rcc.o
 .debug_line    0x00004c67      0x32f ..\obj\codec.o
 .debug_line    0x00004f96      0x127 ..\obj\teen.o
 .debug_line    0x000050bd      0x129 ..\obj\second.o
 .debug_line    0x000051e6      0x126 ..\obj\ten.o
 .debug_line    0x0000530c      0x55d ..\obj\stm32f4xx_adc.o
 .debug_line    0x00005869      0x3d5 ..\obj\printf.o
 .debug_line    0x00005c3e      0x132 ..\obj\WatchTheGate24k.o
 .debug_line    0x00005d70      0x132 ..\obj\Square1150Hz48k.o
 .debug_line    0x00005ea2      0x12f ..\obj\MilesPerHour.o
 .debug_line    0x00005fd1      0x126 ..\obj\one.o
 .debug_line    0x000060f7      0x125 ..\obj\At.o
 .debug_line    0x0000621c      0x12a ..\obj\seventy.o
 .debug_line    0x00006346      0x127 ..\obj\five.o
 .debug_line    0x0000646d      0x131 ..\obj\Square632Hz48k.o
 .debug_line    0x0000659e      0x348 ..\obj\stm32f4xx_gpio.o
 .debug_line    0x000068e6      0x494 ..\obj\stm32f4xx_flash.o
 .debug_line    0x00006d7a      0x233 ..\obj\system_stm32f4xx.o
 .debug_line    0x00006fad      0x1a2 ..\obj\syscalls.o
 .debug_line    0x0000714f      0x129 ..\obj\ninety.o
 .debug_line    0x00007278      0x128 ..\obj\forty.o
 .debug_line    0x000073a0      0x128 ..\obj\point.o
 .debug_line    0x000074c8      0x131 ..\obj\Square680Hz48k.o
 .debug_line    0x000075f9      0x127 ..\obj\nine.o
 .debug_line    0x00007720      0x12e ..\obj\LastTimeWas.o
 .debug_line    0x0000784e      0x127 ..\obj\four.o
 .debug_line    0x00007975      0x12b ..\obj\VolumeAt.o
 .debug_line    0x00007aa0      0x45c ..\obj\stm32f4xx_spi.o
 .debug_line    0x00007efc      0x127 ..\obj\thir.o
 .debug_line    0x00008023      0x4e5 ..\obj\stm32f4xx_i2c.o
 .debug_line    0x00008508      0x232 ..\obj\stm32f4xx_rng.o
 .debug_line    0x0000873a      0x2ae ..\obj\stm32f4xx_exti.o
 .debug_line    0x000089e8      0x128 ..\obj\fifty.o
 .debug_line    0x00008b10      0x128 ..\obj\sixty.o
 .debug_line    0x00008c38      0x24e ..\obj\misc.o
 .debug_line    0x00008e86      0x12c ..\obj\BatteryAt.o
 .debug_line    0x00008fb2      0x129 ..\obj\thirty.o
 .debug_line    0x000090db      0x128 ..\obj\seven.o
 .debug_line    0x00009203      0x129 ..\obj\twelve.o
 .debug_line    0x0000932c      0xa82 ..\obj\stm32f4xx_tim.o
 .debug_line    0x00009dae      0x129 ..\obj\eighty.o

.debug_pubtypes
                0x00000000     0x15a5
 .debug_pubtypes
                0x00000000       0x2a ..\obj\hundred.o
 .debug_pubtypes
                0x0000002a       0x6d ..\obj\stm32f4xx_syscfg.o
 .debug_pubtypes
                0x00000097       0x2a ..\obj\OkRiders24k.o
 .debug_pubtypes
                0x000000c1       0x2a ..\obj\eleven.o
 .debug_pubtypes
                0x000000eb       0x2a ..\obj\FlashMemoryReserve.o
 .debug_pubtypes
                0x00000115       0x2a ..\obj\percent.o
 .debug_pubtypes
                0x0000013f       0x2a ..\obj\three.o
 .debug_pubtypes
                0x00000169       0x2a ..\obj\six.o
 .debug_pubtypes
                0x00000193       0x2a ..\obj\zero.o
 .debug_pubtypes
                0x000001bd       0x2a ..\obj\two.o
 .debug_pubtypes
                0x000001e7       0x2a ..\obj\StartupSound.o
 .debug_pubtypes
                0x00000211       0x2a ..\obj\minute.o
 .debug_pubtypes
                0x0000023b       0x2a ..\obj\fif.o
 .debug_pubtypes
                0x00000265       0x2a ..\obj\RandomStart24k.o
 .debug_pubtypes
                0x0000028f       0x2a ..\obj\minutes.o
 .debug_pubtypes
                0x000002b9       0x2a ..\obj\seconds.o
 .debug_pubtypes
                0x000002e3       0x2a ..\obj\twenty.o
 .debug_pubtypes
                0x0000030d       0x2a ..\obj\eight.o
 .debug_pubtypes
                0x00000337       0x2a ..\obj\Square740Hz48k.o
 .debug_pubtypes
                0x00000361       0x2a ..\obj\RidersReady24k.o
 .debug_pubtypes
                0x0000038b      0x345 ..\obj\main.o
 .debug_pubtypes
                0x000006d0       0x12 ..\obj\TextStrings.o
 .debug_pubtypes
                0x000006e2       0xaa ..\obj\stm32f4xx_rcc.o
 .debug_pubtypes
                0x0000078c      0x108 ..\obj\codec.o
 .debug_pubtypes
                0x00000894       0x2a ..\obj\teen.o
 .debug_pubtypes
                0x000008be       0x2a ..\obj\second.o
 .debug_pubtypes
                0x000008e8       0x2a ..\obj\ten.o
 .debug_pubtypes
                0x00000912       0xc9 ..\obj\stm32f4xx_adc.o
 .debug_pubtypes
                0x000009db      0x139 ..\obj\printf.o
 .debug_pubtypes
                0x00000b14       0x2a ..\obj\WatchTheGate24k.o
 .debug_pubtypes
                0x00000b3e       0x2a ..\obj\Square1150Hz48k.o
 .debug_pubtypes
                0x00000b68       0x2a ..\obj\MilesPerHour.o
 .debug_pubtypes
                0x00000b92       0x2a ..\obj\one.o
 .debug_pubtypes
                0x00000bbc       0x2a ..\obj\At.o
 .debug_pubtypes
                0x00000be6       0x2a ..\obj\seventy.o
 .debug_pubtypes
                0x00000c10       0x2a ..\obj\five.o
 .debug_pubtypes
                0x00000c3a       0x2a ..\obj\Square632Hz48k.o
 .debug_pubtypes
                0x00000c64       0xce ..\obj\stm32f4xx_gpio.o
 .debug_pubtypes
                0x00000d32       0x97 ..\obj\stm32f4xx_flash.o
 .debug_pubtypes
                0x00000dc9       0x83 ..\obj\system_stm32f4xx.o
 .debug_pubtypes
                0x00000e4c       0xaa ..\obj\syscalls.o
 .debug_pubtypes
                0x00000ef6       0x2a ..\obj\ninety.o
 .debug_pubtypes
                0x00000f20       0x2a ..\obj\forty.o
 .debug_pubtypes
                0x00000f4a       0x2a ..\obj\point.o
 .debug_pubtypes
                0x00000f74       0x2a ..\obj\Square680Hz48k.o
 .debug_pubtypes
                0x00000f9e       0x2a ..\obj\nine.o
 .debug_pubtypes
                0x00000fc8       0x2a ..\obj\LastTimeWas.o
 .debug_pubtypes
                0x00000ff2       0x2a ..\obj\four.o
 .debug_pubtypes
                0x0000101c       0x2a ..\obj\VolumeAt.o
 .debug_pubtypes
                0x00001046       0xbc ..\obj\stm32f4xx_spi.o
 .debug_pubtypes
                0x00001102       0x2a ..\obj\thir.o
 .debug_pubtypes
                0x0000112c       0xbe ..\obj\stm32f4xx_i2c.o
 .debug_pubtypes
                0x000011ea       0x77 ..\obj\stm32f4xx_rng.o
 .debug_pubtypes
                0x00001261       0xae ..\obj\stm32f4xx_exti.o
 .debug_pubtypes
                0x0000130f       0x2a ..\obj\fifty.o
 .debug_pubtypes
                0x00001339       0x2a ..\obj\sixty.o
 .debug_pubtypes
                0x00001363       0x8c ..\obj\misc.o
 .debug_pubtypes
                0x000013ef       0x2a ..\obj\BatteryAt.o
 .debug_pubtypes
                0x00001419       0x2a ..\obj\thirty.o
 .debug_pubtypes
                0x00001443       0x2a ..\obj\seven.o
 .debug_pubtypes
                0x0000146d       0x2a ..\obj\twelve.o
 .debug_pubtypes
                0x00001497       0xe4 ..\obj\stm32f4xx_tim.o
 .debug_pubtypes
                0x0000157b       0x2a ..\obj\eighty.o

.debug_str      0x00000000     0x648f
 .debug_str     0x00000000       0xb9 ..\obj\hundred.o
                                 0xfd (size before relaxing)
 .debug_str     0x000000b9      0x1b8 ..\obj\stm32f4xx_syscfg.o
                                0x26e (size before relaxing)
 .debug_str     0x00000271       0x55 ..\obj\OkRiders24k.o
                                0x102 (size before relaxing)
 .debug_str     0x000002c6       0x4e ..\obj\eleven.o
                                 0xfb (size before relaxing)
 .debug_str     0x00000314       0x66 ..\obj\FlashMemoryReserve.o
                                0x113 (size before relaxing)
 .debug_str     0x0000037a       0x50 ..\obj\percent.o
                                 0xfd (size before relaxing)
 .debug_str     0x000003ca       0x4c ..\obj\three.o
                                 0xf9 (size before relaxing)
 .debug_str     0x00000416       0x48 ..\obj\six.o
                                 0xf5 (size before relaxing)
 .debug_str     0x0000045e       0x4a ..\obj\zero.o
                                 0xf7 (size before relaxing)
 .debug_str     0x000004a8       0x48 ..\obj\two.o
                                 0xf5 (size before relaxing)
 .debug_str     0x000004f0       0x5a ..\obj\StartupSound.o
                                0x107 (size before relaxing)
 .debug_str     0x0000054a       0x4e ..\obj\minute.o
                                 0xfb (size before relaxing)
 .debug_str     0x00000598       0x48 ..\obj\fif.o
                                 0xf5 (size before relaxing)
 .debug_str     0x000005e0       0x5b ..\obj\RandomStart24k.o
                                0x108 (size before relaxing)
 .debug_str     0x0000063b       0x50 ..\obj\minutes.o
                                 0xfd (size before relaxing)
 .debug_str     0x0000068b       0x50 ..\obj\seconds.o
                                 0xfd (size before relaxing)
 .debug_str     0x000006db       0x4e ..\obj\twenty.o
                                 0xfb (size before relaxing)
 .debug_str     0x00000729       0xc2 ..\obj\startup_stm32f4xx.o
                                 0xed (size before relaxing)
 .debug_str     0x000007eb       0x4c ..\obj\eight.o
                                 0xf9 (size before relaxing)
 .debug_str     0x00000837       0x5b ..\obj\Square740Hz48k.o
                                0x108 (size before relaxing)
 .debug_str     0x00000892       0x5b ..\obj\RidersReady24k.o
                                0x108 (size before relaxing)
 .debug_str     0x000008ed     0x25e9 ..\obj\main.o
                               0x28ed (size before relaxing)
 .debug_str     0x00002ed6       0x89 ..\obj\TextStrings.o
                                0x298 (size before relaxing)
 .debug_str     0x00002f5f      0x540 ..\obj\stm32f4xx_rcc.o
                                0x7bf (size before relaxing)
 .debug_str     0x0000349f      0x1e2 ..\obj\codec.o
                                0x4bd (size before relaxing)
 .debug_str     0x00003681       0x41 ..\obj\teen.o
                                 0xf7 (size before relaxing)
 .debug_str     0x000036c2       0x43 ..\obj\second.o
                                 0xfb (size before relaxing)
 .debug_str     0x00003705       0x40 ..\obj\ten.o
                                 0xf5 (size before relaxing)
 .debug_str     0x00003745      0x55d ..\obj\stm32f4xx_adc.o
                                0x773 (size before relaxing)
 .debug_str     0x00003ca2      0x4a7 ..\obj\printf.o
                                0x600 (size before relaxing)
 .debug_str     0x00004149       0x4c ..\obj\WatchTheGate24k.o
                                0x10a (size before relaxing)
 .debug_str     0x00004195       0x4c ..\obj\Square1150Hz48k.o
                                0x10a (size before relaxing)
 .debug_str     0x000041e1       0x49 ..\obj\MilesPerHour.o
                                0x107 (size before relaxing)
 .debug_str     0x0000422a       0x40 ..\obj\one.o
                                 0xf5 (size before relaxing)
 .debug_str     0x0000426a       0x3f ..\obj\At.o
                                 0xf3 (size before relaxing)
 .debug_str     0x000042a9       0x44 ..\obj\seventy.o
                                 0xfd (size before relaxing)
 .debug_str     0x000042ed       0x41 ..\obj\five.o
                                 0xf7 (size before relaxing)
 .debug_str     0x0000432e       0x4b ..\obj\Square632Hz48k.o
                                0x108 (size before relaxing)
 .debug_str     0x00004379      0x1af ..\obj\stm32f4xx_gpio.o
                                0x412 (size before relaxing)
 .debug_str     0x00004528      0x341 ..\obj\stm32f4xx_flash.o
                                0x4f6 (size before relaxing)
 .debug_str     0x00004869      0x10e ..\obj\system_stm32f4xx.o
                                0x319 (size before relaxing)
 .debug_str     0x00004977      0x156 ..\obj\syscalls.o
                                0x280 (size before relaxing)
 .debug_str     0x00004acd       0x43 ..\obj\ninety.o
                                 0xfb (size before relaxing)
 .debug_str     0x00004b10       0x42 ..\obj\forty.o
                                 0xf9 (size before relaxing)
 .debug_str     0x00004b52       0x42 ..\obj\point.o
                                 0xf9 (size before relaxing)
 .debug_str     0x00004b94       0x4b ..\obj\Square680Hz48k.o
                                0x108 (size before relaxing)
 .debug_str     0x00004bdf       0x41 ..\obj\nine.o
                                 0xf7 (size before relaxing)
 .debug_str     0x00004c20       0x48 ..\obj\LastTimeWas.o
                                0x105 (size before relaxing)
 .debug_str     0x00004c68       0x41 ..\obj\four.o
                                 0xf7 (size before relaxing)
 .debug_str     0x00004ca9       0x52 ..\obj\VolumeAt.o
                                 0xff (size before relaxing)
 .debug_str     0x00004cfb      0x2ad ..\obj\stm32f4xx_spi.o
                                0x5f9 (size before relaxing)
 .debug_str     0x00004fa8       0x41 ..\obj\thir.o
                                 0xf7 (size before relaxing)
 .debug_str     0x00004fe9      0x352 ..\obj\stm32f4xx_i2c.o
                                0x5d4 (size before relaxing)
 .debug_str     0x0000533b       0xe5 ..\obj\stm32f4xx_rng.o
                                0x1f3 (size before relaxing)
 .debug_str     0x00005420      0x1df ..\obj\stm32f4xx_exti.o
                                0x2dd (size before relaxing)
 .debug_str     0x000055ff       0x42 ..\obj\fifty.o
                                 0xf9 (size before relaxing)
 .debug_str     0x00005641       0x42 ..\obj\sixty.o
                                 0xf9 (size before relaxing)
 .debug_str     0x00005683      0x1ac ..\obj\misc.o
                                0x348 (size before relaxing)
 .debug_str     0x0000582f       0x54 ..\obj\BatteryAt.o
                                0x101 (size before relaxing)
 .debug_str     0x00005883       0x43 ..\obj\thirty.o
                                 0xfb (size before relaxing)
 .debug_str     0x000058c6       0x42 ..\obj\seven.o
                                 0xf9 (size before relaxing)
 .debug_str     0x00005908       0x43 ..\obj\twelve.o
                                 0xfb (size before relaxing)
 .debug_str     0x0000594b      0xb01 ..\obj\stm32f4xx_tim.o
                                0xd3f (size before relaxing)
 .debug_str     0x0000644c       0x43 ..\obj\eighty.o
                                 0xfb (size before relaxing)

.comment        0x00000000       0x11
 .comment       0x00000000       0x11 ..\obj\hundred.o
                                 0x12 (size before relaxing)
 .comment       0x00000000       0x12 ..\obj\stm32f4xx_syscfg.o
 .comment       0x00000000       0x12 ..\obj\OkRiders24k.o
 .comment       0x00000000       0x12 ..\obj\eleven.o
 .comment       0x00000000       0x12 ..\obj\FlashMemoryReserve.o
 .comment       0x00000000       0x12 ..\obj\percent.o
 .comment       0x00000000       0x12 ..\obj\three.o
 .comment       0x00000000       0x12 ..\obj\six.o
 .comment       0x00000000       0x12 ..\obj\zero.o
 .comment       0x00000000       0x12 ..\obj\two.o
 .comment       0x00000000       0x12 ..\obj\StartupSound.o
 .comment       0x00000000       0x12 ..\obj\minute.o
 .comment       0x00000000       0x12 ..\obj\fif.o
 .comment       0x00000000       0x12 ..\obj\RandomStart24k.o
 .comment       0x00000000       0x12 ..\obj\minutes.o
 .comment       0x00000000       0x12 ..\obj\seconds.o
 .comment       0x00000000       0x12 ..\obj\twenty.o
 .comment       0x00000000       0x12 ..\obj\startup_stm32f4xx.o
 .comment       0x00000000       0x12 ..\obj\eight.o
 .comment       0x00000000       0x12 ..\obj\Square740Hz48k.o
 .comment       0x00000000       0x12 ..\obj\RidersReady24k.o
 .comment       0x00000000       0x12 ..\obj\main.o
 .comment       0x00000000       0x12 ..\obj\TextStrings.o
 .comment       0x00000000       0x12 ..\obj\stm32f4xx_rcc.o
 .comment       0x00000000       0x12 ..\obj\codec.o
 .comment       0x00000000       0x12 ..\obj\teen.o
 .comment       0x00000000       0x12 ..\obj\second.o
 .comment       0x00000000       0x12 ..\obj\ten.o
 .comment       0x00000000       0x12 ..\obj\stm32f4xx_adc.o
 .comment       0x00000000       0x12 ..\obj\printf.o
 .comment       0x00000000       0x12 ..\obj\WatchTheGate24k.o
 .comment       0x00000000       0x12 ..\obj\Square1150Hz48k.o
 .comment       0x00000000       0x12 ..\obj\MilesPerHour.o
 .comment       0x00000000       0x12 ..\obj\one.o
 .comment       0x00000000       0x12 ..\obj\At.o
 .comment       0x00000000       0x12 ..\obj\seventy.o
 .comment       0x00000000       0x12 ..\obj\five.o
 .comment       0x00000000       0x12 ..\obj\Square632Hz48k.o
 .comment       0x00000000       0x12 ..\obj\stm32f4xx_gpio.o
 .comment       0x00000000       0x12 ..\obj\stm32f4xx_flash.o
 .comment       0x00000000       0x12 ..\obj\system_stm32f4xx.o
 .comment       0x00000000       0x12 ..\obj\syscalls.o
 .comment       0x00000000       0x12 ..\obj\ninety.o
 .comment       0x00000000       0x12 ..\obj\forty.o
 .comment       0x00000000       0x12 ..\obj\point.o
 .comment       0x00000000       0x12 ..\obj\Square680Hz48k.o
 .comment       0x00000000       0x12 ..\obj\nine.o
 .comment       0x00000000       0x12 ..\obj\LastTimeWas.o
 .comment       0x00000000       0x12 ..\obj\four.o
 .comment       0x00000000       0x12 ..\obj\VolumeAt.o
 .comment       0x00000000       0x12 ..\obj\stm32f4xx_spi.o
 .comment       0x00000000       0x12 ..\obj\thir.o
 .comment       0x00000000       0x12 ..\obj\stm32f4xx_i2c.o
 .comment       0x00000000       0x12 ..\obj\stm32f4xx_rng.o
 .comment       0x00000000       0x12 ..\obj\stm32f4xx_exti.o
 .comment       0x00000000       0x12 ..\obj\fifty.o
 .comment       0x00000000       0x12 ..\obj\sixty.o
 .comment       0x00000000       0x12 ..\obj\misc.o
 .comment       0x00000000       0x12 ..\obj\BatteryAt.o
 .comment       0x00000000       0x12 ..\obj\thirty.o
 .comment       0x00000000       0x12 ..\obj\seven.o
 .comment       0x00000000       0x12 ..\obj\twelve.o
 .comment       0x00000000       0x12 ..\obj\stm32f4xx_tim.o
 .comment       0x00000000       0x12 ..\obj\eighty.o

.ARM.attributes
                0x00000000       0x31
 .ARM.attributes
                0x00000000       0x31 ..\obj\hundred.o
 .ARM.attributes
                0x00000031       0x31 ..\obj\stm32f4xx_syscfg.o
 .ARM.attributes
                0x00000062       0x31 ..\obj\OkRiders24k.o
 .ARM.attributes
                0x00000093       0x31 ..\obj\eleven.o
 .ARM.attributes
                0x000000c4       0x31 ..\obj\FlashMemoryReserve.o
 .ARM.attributes
                0x000000f5       0x31 ..\obj\percent.o
 .ARM.attributes
                0x00000126       0x31 ..\obj\three.o
 .ARM.attributes
                0x00000157       0x31 ..\obj\six.o
 .ARM.attributes
                0x00000188       0x31 ..\obj\zero.o
 .ARM.attributes
                0x000001b9       0x31 ..\obj\two.o
 .ARM.attributes
                0x000001ea       0x31 ..\obj\StartupSound.o
 .ARM.attributes
                0x0000021b       0x31 ..\obj\minute.o
 .ARM.attributes
                0x0000024c       0x31 ..\obj\fif.o
 .ARM.attributes
                0x0000027d       0x31 ..\obj\RandomStart24k.o
 .ARM.attributes
                0x000002ae       0x31 ..\obj\minutes.o
 .ARM.attributes
                0x000002df       0x31 ..\obj\seconds.o
 .ARM.attributes
                0x00000310       0x31 ..\obj\twenty.o
 .ARM.attributes
                0x00000341       0x31 ..\obj\startup_stm32f4xx.o
 .ARM.attributes
                0x00000372       0x31 ..\obj\eight.o
 .ARM.attributes
                0x000003a3       0x31 ..\obj\Square740Hz48k.o
 .ARM.attributes
                0x000003d4       0x31 ..\obj\RidersReady24k.o
 .ARM.attributes
                0x00000405       0x31 ..\obj\main.o
 .ARM.attributes
                0x00000436       0x31 ..\obj\TextStrings.o
 .ARM.attributes
                0x00000467       0x31 ..\obj\stm32f4xx_rcc.o
 .ARM.attributes
                0x00000498       0x31 ..\obj\codec.o
 .ARM.attributes
                0x000004c9       0x31 ..\obj\teen.o
 .ARM.attributes
                0x000004fa       0x31 ..\obj\second.o
 .ARM.attributes
                0x0000052b       0x31 ..\obj\ten.o
 .ARM.attributes
                0x0000055c       0x31 ..\obj\stm32f4xx_adc.o
 .ARM.attributes
                0x0000058d       0x31 ..\obj\printf.o
 .ARM.attributes
                0x000005be       0x31 ..\obj\WatchTheGate24k.o
 .ARM.attributes
                0x000005ef       0x31 ..\obj\Square1150Hz48k.o
 .ARM.attributes
                0x00000620       0x31 ..\obj\MilesPerHour.o
 .ARM.attributes
                0x00000651       0x31 ..\obj\one.o
 .ARM.attributes
                0x00000682       0x31 ..\obj\At.o
 .ARM.attributes
                0x000006b3       0x31 ..\obj\seventy.o
 .ARM.attributes
                0x000006e4       0x31 ..\obj\five.o
 .ARM.attributes
                0x00000715       0x31 ..\obj\Square632Hz48k.o
 .ARM.attributes
                0x00000746       0x31 ..\obj\stm32f4xx_gpio.o
 .ARM.attributes
                0x00000777       0x31 ..\obj\stm32f4xx_flash.o
 .ARM.attributes
                0x000007a8       0x31 ..\obj\system_stm32f4xx.o
 .ARM.attributes
                0x000007d9       0x31 ..\obj\syscalls.o
 .ARM.attributes
                0x0000080a       0x31 ..\obj\ninety.o
 .ARM.attributes
                0x0000083b       0x31 ..\obj\forty.o
 .ARM.attributes
                0x0000086c       0x31 ..\obj\point.o
 .ARM.attributes
                0x0000089d       0x31 ..\obj\Square680Hz48k.o
 .ARM.attributes
                0x000008ce       0x31 ..\obj\nine.o
 .ARM.attributes
                0x000008ff       0x31 ..\obj\LastTimeWas.o
 .ARM.attributes
                0x00000930       0x31 ..\obj\four.o
 .ARM.attributes
                0x00000961       0x31 ..\obj\VolumeAt.o
 .ARM.attributes
                0x00000992       0x31 ..\obj\stm32f4xx_spi.o
 .ARM.attributes
                0x000009c3       0x31 ..\obj\thir.o
 .ARM.attributes
                0x000009f4       0x31 ..\obj\stm32f4xx_i2c.o
 .ARM.attributes
                0x00000a25       0x31 ..\obj\stm32f4xx_rng.o
 .ARM.attributes
                0x00000a56       0x31 ..\obj\stm32f4xx_exti.o
 .ARM.attributes
                0x00000a87       0x31 ..\obj\fifty.o
 .ARM.attributes
                0x00000ab8       0x31 ..\obj\sixty.o
 .ARM.attributes
                0x00000ae9       0x31 ..\obj\misc.o
 .ARM.attributes
                0x00000b1a       0x31 ..\obj\BatteryAt.o
 .ARM.attributes
                0x00000b4b       0x31 ..\obj\thirty.o
 .ARM.attributes
                0x00000b7c       0x31 ..\obj\seven.o
 .ARM.attributes
                0x00000bad       0x31 ..\obj\twelve.o
 .ARM.attributes
                0x00000bde       0x31 ..\obj\stm32f4xx_tim.o
 .ARM.attributes
                0x00000c0f       0x31 ..\obj\eighty.o
 .ARM.attributes
                0x00000c40       0x29 c:/coocox/coide/bin/arm-2011.03-coocox/bin/../lib/gcc/arm-none-eabi/4.5.2/../../../../arm-none-eabi/lib/thumb2\libm.a(lib_a-s_sin.o)
 .ARM.attributes
                0x00000c69       0x29 c:/coocox/coide/bin/arm-2011.03-coocox/bin/../lib/gcc/arm-none-eabi/4.5.2/../../../../arm-none-eabi/lib/thumb2\libm.a(lib_a-e_rem_pio2.o)
 .ARM.attributes
                0x00000c92       0x29 c:/coocox/coide/bin/arm-2011.03-coocox/bin/../lib/gcc/arm-none-eabi/4.5.2/../../../../arm-none-eabi/lib/thumb2\libm.a(lib_a-k_cos.o)
 .ARM.attributes
                0x00000cbb       0x29 c:/coocox/coide/bin/arm-2011.03-coocox/bin/../lib/gcc/arm-none-eabi/4.5.2/../../../../arm-none-eabi/lib/thumb2\libm.a(lib_a-k_rem_pio2.o)
 .ARM.attributes
                0x00000ce4       0x29 c:/coocox/coide/bin/arm-2011.03-coocox/bin/../lib/gcc/arm-none-eabi/4.5.2/../../../../arm-none-eabi/lib/thumb2\libm.a(lib_a-k_sin.o)
 .ARM.attributes
                0x00000d0d       0x29 c:/coocox/coide/bin/arm-2011.03-coocox/bin/../lib/gcc/arm-none-eabi/4.5.2/../../../../arm-none-eabi/lib/thumb2\libm.a(lib_a-s_fabs.o)
 .ARM.attributes
                0x00000d36       0x29 c:/coocox/coide/bin/arm-2011.03-coocox/bin/../lib/gcc/arm-none-eabi/4.5.2/../../../../arm-none-eabi/lib/thumb2\libm.a(lib_a-s_floor.o)
 .ARM.attributes
                0x00000d5f       0x29 c:/coocox/coide/bin/arm-2011.03-coocox/bin/../lib/gcc/arm-none-eabi/4.5.2/../../../../arm-none-eabi/lib/thumb2\libm.a(lib_a-s_scalbn.o)
 .ARM.attributes
                0x00000d88       0x29 c:/coocox/coide/bin/arm-2011.03-coocox/bin/../lib/gcc/arm-none-eabi/4.5.2/../../../../arm-none-eabi/lib/thumb2\libm.a(lib_a-s_copysign.o)
 .ARM.attributes
                0x00000db1       0x1b c:/coocox/coide/bin/arm-2011.03-coocox/bin/../lib/gcc/arm-none-eabi/4.5.2/thumb2\libgcc.a(_divsi3.o)
 .ARM.attributes
                0x00000dcc       0x1b c:/coocox/coide/bin/arm-2011.03-coocox/bin/../lib/gcc/arm-none-eabi/4.5.2/thumb2\libgcc.a(_dvmd_tls.o)
 .ARM.attributes
                0x00000de7       0x1b c:/coocox/coide/bin/arm-2011.03-coocox/bin/../lib/gcc/arm-none-eabi/4.5.2/thumb2\libgcc.a(_arm_addsubdf3.o)
 .ARM.attributes
                0x00000e02       0x1b c:/coocox/coide/bin/arm-2011.03-coocox/bin/../lib/gcc/arm-none-eabi/4.5.2/thumb2\libgcc.a(_arm_muldivdf3.o)
 .ARM.attributes
                0x00000e1d       0x1b c:/coocox/coide/bin/arm-2011.03-coocox/bin/../lib/gcc/arm-none-eabi/4.5.2/thumb2\libgcc.a(_arm_cmpdf2.o)
 .ARM.attributes
                0x00000e38       0x1b c:/coocox/coide/bin/arm-2011.03-coocox/bin/../lib/gcc/arm-none-eabi/4.5.2/thumb2\libgcc.a(_arm_fixdfsi.o)
 .ARM.attributes
                0x00000e53       0x1b c:/coocox/coide/bin/arm-2011.03-coocox/bin/../lib/gcc/arm-none-eabi/4.5.2/thumb2\libgcc.a(_arm_truncdfsf2.o)
 .ARM.attributes
                0x00000e6e       0x1b c:/coocox/coide/bin/arm-2011.03-coocox/bin/../lib/gcc/arm-none-eabi/4.5.2/thumb2\libgcc.a(_arm_addsubsf3.o)
 .ARM.attributes
                0x00000e89       0x1b c:/coocox/coide/bin/arm-2011.03-coocox/bin/../lib/gcc/arm-none-eabi/4.5.2/thumb2\libgcc.a(_arm_muldivsf3.o)
 .ARM.attributes
                0x00000ea4       0x1b c:/coocox/coide/bin/arm-2011.03-coocox/bin/../lib/gcc/arm-none-eabi/4.5.2/thumb2\libgcc.a(_arm_cmpsf2.o)
 .ARM.attributes
                0x00000ebf       0x1b c:/coocox/coide/bin/arm-2011.03-coocox/bin/../lib/gcc/arm-none-eabi/4.5.2/thumb2\libgcc.a(_arm_fixsfsi.o)
 .ARM.attributes
                0x00000eda       0x1b c:/coocox/coide/bin/arm-2011.03-coocox/bin/../lib/gcc/arm-none-eabi/4.5.2/thumb2\libgcc.a(_arm_fixunssfsi.o)
 .ARM.attributes
                0x00000ef5       0x29 c:/coocox/coide/bin/arm-2011.03-coocox/bin/../lib/gcc/arm-none-eabi/4.5.2/../../../../arm-none-eabi/lib/thumb2\libc.a(lib_a-memcpy.o)
 .ARM.attributes
                0x00000f1e       0x29 c:/coocox/coide/bin/arm-2011.03-coocox/bin/../lib/gcc/arm-none-eabi/4.5.2/../../../../arm-none-eabi/lib/thumb2\libc.a(lib_a-memset.o)
 .ARM.attributes
                0x00000f47       0x29 c:/coocox/coide/bin/arm-2011.03-coocox/bin/../lib/gcc/arm-none-eabi/4.5.2/../../../../arm-none-eabi/lib/thumb2\libc.a(lib_a-strcpy.o)
 .ARM.attributes
                0x00000f70       0x29 c:/coocox/coide/bin/arm-2011.03-coocox/bin/../lib/gcc/arm-none-eabi/4.5.2/../../../../arm-none-eabi/lib/thumb2\libc.a(lib_a-strlen.o)

.debug_loc      0x00000000     0x57cb
 .debug_loc     0x00000000      0x144 ..\obj\stm32f4xx_syscfg.o
 .debug_loc     0x00000144       0x64 ..\obj\startup_stm32f4xx.o
 .debug_loc     0x000001a8      0xe41 ..\obj\main.o
 .debug_loc     0x00000fe9       0x64 ..\obj\TextStrings.o
 .debug_loc     0x0000104d      0x97c ..\obj\stm32f4xx_rcc.o
 .debug_loc     0x000019c9       0xe0 ..\obj\codec.o
 .debug_loc     0x00001aa9      0x838 ..\obj\stm32f4xx_adc.o
 .debug_loc     0x000022e1      0x3ea ..\obj\printf.o
 .debug_loc     0x000026cb      0x310 ..\obj\stm32f4xx_gpio.o
 .debug_loc     0x000029db      0x624 ..\obj\stm32f4xx_flash.o
 .debug_loc     0x00002fff       0x9c ..\obj\system_stm32f4xx.o
 .debug_loc     0x0000309b      0x1ec ..\obj\syscalls.o
 .debug_loc     0x00003287      0x578 ..\obj\stm32f4xx_spi.o
 .debug_loc     0x000037ff      0x738 ..\obj\stm32f4xx_i2c.o
 .debug_loc     0x00003f37      0x1a8 ..\obj\stm32f4xx_rng.o
 .debug_loc     0x000040df      0x1b4 ..\obj\stm32f4xx_exti.o
 .debug_loc     0x00004293      0x118 ..\obj\misc.o
 .debug_loc     0x000043ab     0x1420 ..\obj\stm32f4xx_tim.o

.debug_pubnames
                0x00000000     0x250e
 .debug_pubnames
                0x00000000       0xc3 ..\obj\stm32f4xx_syscfg.o
 .debug_pubnames
                0x000000c3       0x4a ..\obj\startup_stm32f4xx.o
 .debug_pubnames
                0x0000010d      0x5db ..\obj\main.o
 .debug_pubnames
                0x000006e8      0x10b ..\obj\TextStrings.o
 .debug_pubnames
                0x000007f3      0x417 ..\obj\stm32f4xx_rcc.o
 .debug_pubnames
                0x00000c0a       0x61 ..\obj\codec.o
 .debug_pubnames
                0x00000c6b      0x446 ..\obj\stm32f4xx_adc.o
 .debug_pubnames
                0x000010b1      0x101 ..\obj\printf.o
 .debug_pubnames
                0x000011b2      0x12d ..\obj\stm32f4xx_gpio.o
 .debug_pubnames
                0x000012df      0x2bd ..\obj\stm32f4xx_flash.o
 .debug_pubnames
                0x0000159c       0x61 ..\obj\system_stm32f4xx.o
 .debug_pubnames
                0x000015fd       0x71 ..\obj\syscalls.o
 .debug_pubnames
                0x0000166e      0x221 ..\obj\stm32f4xx_spi.o
 .debug_pubnames
                0x0000188f      0x2cb ..\obj\stm32f4xx_i2c.o
 .debug_pubnames
                0x00001b5a       0xac ..\obj\stm32f4xx_rng.o
 .debug_pubnames
                0x00001c06       0xbb ..\obj\stm32f4xx_exti.o
 .debug_pubnames
                0x00001cc1       0x89 ..\obj\misc.o
 .debug_pubnames
                0x00001d4a      0x7c4 ..\obj\stm32f4xx_tim.o

.debug_aranges  0x00000000      0xe68
 .debug_aranges
                0x00000000       0x48 ..\obj\stm32f4xx_syscfg.o
 .debug_aranges
                0x00000048       0x28 ..\obj\startup_stm32f4xx.o
 .debug_aranges
                0x00000070      0x230 ..\obj\main.o
 .debug_aranges
                0x000002a0       0x28 ..\obj\TextStrings.o
 .debug_aranges
                0x000002c8      0x178 ..\obj\stm32f4xx_rcc.o
 .debug_aranges
                0x00000440       0x38 ..\obj\codec.o
 .debug_aranges
                0x00000478      0x148 ..\obj\stm32f4xx_adc.o
 .debug_aranges
                0x000005c0       0xa0 ..\obj\printf.o
 .debug_aranges
                0x00000660       0x88 ..\obj\stm32f4xx_gpio.o
 .debug_aranges
                0x000006e8      0x108 ..\obj\stm32f4xx_flash.o
 .debug_aranges
                0x000007f0       0x30 ..\obj\system_stm32f4xx.o
 .debug_aranges
                0x00000820       0x60 ..\obj\syscalls.o
 .debug_aranges
                0x00000880       0xe0 ..\obj\stm32f4xx_spi.o
 .debug_aranges
                0x00000960      0x120 ..\obj\stm32f4xx_i2c.o
 .debug_aranges
                0x00000a80       0x58 ..\obj\stm32f4xx_rng.o
 .debug_aranges
                0x00000ad8       0x58 ..\obj\stm32f4xx_exti.o
 .debug_aranges
                0x00000b30       0x40 ..\obj\misc.o
 .debug_aranges
                0x00000b70      0x2f8 ..\obj\stm32f4xx_tim.o

.debug_ranges   0x00000000      0xe58
 .debug_ranges  0x00000000       0x38 ..\obj\stm32f4xx_syscfg.o
 .debug_ranges  0x00000038       0x18 ..\obj\startup_stm32f4xx.o
 .debug_ranges  0x00000050      0x330 ..\obj\main.o
 .debug_ranges  0x00000380       0x18 ..\obj\TextStrings.o
 .debug_ranges  0x00000398      0x168 ..\obj\stm32f4xx_rcc.o
 .debug_ranges  0x00000500       0x28 ..\obj\codec.o
 .debug_ranges  0x00000528      0x138 ..\obj\stm32f4xx_adc.o
 .debug_ranges  0x00000660       0x90 ..\obj\printf.o
 .debug_ranges  0x000006f0       0x78 ..\obj\stm32f4xx_gpio.o
 .debug_ranges  0x00000768       0xf8 ..\obj\stm32f4xx_flash.o
 .debug_ranges  0x00000860       0x20 ..\obj\system_stm32f4xx.o
 .debug_ranges  0x00000880       0x50 ..\obj\syscalls.o
 .debug_ranges  0x000008d0       0xd0 ..\obj\stm32f4xx_spi.o
 .debug_ranges  0x000009a0      0x110 ..\obj\stm32f4xx_i2c.o
 .debug_ranges  0x00000ab0       0x48 ..\obj\stm32f4xx_rng.o
 .debug_ranges  0x00000af8       0x48 ..\obj\stm32f4xx_exti.o
 .debug_ranges  0x00000b40       0x30 ..\obj\misc.o
 .debug_ranges  0x00000b70      0x2e8 ..\obj\stm32f4xx_tim.o

.debug_frame    0x00000000     0x3184
 .debug_frame   0x00000000       0xbc ..\obj\stm32f4xx_syscfg.o
 .debug_frame   0x000000bc       0x48 ..\obj\startup_stm32f4xx.o
 .debug_frame   0x00000104      0x830 ..\obj\main.o
 .debug_frame   0x00000934       0x4c ..\obj\TextStrings.o
 .debug_frame   0x00000980      0x4d8 ..\obj\stm32f4xx_rcc.o
 .debug_frame   0x00000e58       0x90 ..\obj\codec.o
 .debug_frame   0x00000ee8      0x434 ..\obj\stm32f4xx_adc.o
 .debug_frame   0x0000131c      0x244 ..\obj\printf.o
 .debug_frame   0x00001560      0x19c ..\obj\stm32f4xx_gpio.o
 .debug_frame   0x000016fc      0x360 ..\obj\stm32f4xx_flash.o
 .debug_frame   0x00001a5c       0x64 ..\obj\system_stm32f4xx.o
 .debug_frame   0x00001ac0      0x108 ..\obj\syscalls.o
 .debug_frame   0x00001bc8      0x2d0 ..\obj\stm32f4xx_spi.o
 .debug_frame   0x00001e98      0x3b4 ..\obj\stm32f4xx_i2c.o
 .debug_frame   0x0000224c       0xec ..\obj\stm32f4xx_rng.o
 .debug_frame   0x00002338       0xec ..\obj\stm32f4xx_exti.o
 .debug_frame   0x00002424       0x9c ..\obj\misc.o
 .debug_frame   0x000024c0      0xa3c ..\obj\stm32f4xx_tim.o
 .debug_frame   0x00002efc       0x30 c:/coocox/coide/bin/arm-2011.03-coocox/bin/../lib/gcc/arm-none-eabi/4.5.2/../../../../arm-none-eabi/lib/thumb2\libm.a(lib_a-s_sin.o)
 .debug_frame   0x00002f2c       0x3c c:/coocox/coide/bin/arm-2011.03-coocox/bin/../lib/gcc/arm-none-eabi/4.5.2/../../../../arm-none-eabi/lib/thumb2\libm.a(lib_a-e_rem_pio2.o)
 .debug_frame   0x00002f68       0x3c c:/coocox/coide/bin/arm-2011.03-coocox/bin/../lib/gcc/arm-none-eabi/4.5.2/../../../../arm-none-eabi/lib/thumb2\libm.a(lib_a-k_cos.o)
 .debug_frame   0x00002fa4       0x3c c:/coocox/coide/bin/arm-2011.03-coocox/bin/../lib/gcc/arm-none-eabi/4.5.2/../../../../arm-none-eabi/lib/thumb2\libm.a(lib_a-k_rem_pio2.o)
 .debug_frame   0x00002fe0       0x3c c:/coocox/coide/bin/arm-2011.03-coocox/bin/../lib/gcc/arm-none-eabi/4.5.2/../../../../arm-none-eabi/lib/thumb2\libm.a(lib_a-k_sin.o)
 .debug_frame   0x0000301c       0x20 c:/coocox/coide/bin/arm-2011.03-coocox/bin/../lib/gcc/arm-none-eabi/4.5.2/../../../../arm-none-eabi/lib/thumb2\libm.a(lib_a-s_fabs.o)
 .debug_frame   0x0000303c       0x34 c:/coocox/coide/bin/arm-2011.03-coocox/bin/../lib/gcc/arm-none-eabi/4.5.2/../../../../arm-none-eabi/lib/thumb2\libm.a(lib_a-s_floor.o)
 .debug_frame   0x00003070       0x30 c:/coocox/coide/bin/arm-2011.03-coocox/bin/../lib/gcc/arm-none-eabi/4.5.2/../../../../arm-none-eabi/lib/thumb2\libm.a(lib_a-s_scalbn.o)
 .debug_frame   0x000030a0       0x28 c:/coocox/coide/bin/arm-2011.03-coocox/bin/../lib/gcc/arm-none-eabi/4.5.2/../../../../arm-none-eabi/lib/thumb2\libm.a(lib_a-s_copysign.o)
 .debug_frame   0x000030c8       0x20 c:/coocox/coide/bin/arm-2011.03-coocox/bin/../lib/gcc/arm-none-eabi/4.5.2/thumb2\libgcc.a(_divsi3.o)
 .debug_frame   0x000030e8       0x30 c:/coocox/coide/bin/arm-2011.03-coocox/bin/../lib/gcc/arm-none-eabi/4.5.2/../../../../arm-none-eabi/lib/thumb2\libc.a(lib_a-memcpy.o)
 .debug_frame   0x00003118       0x2c c:/coocox/coide/bin/arm-2011.03-coocox/bin/../lib/gcc/arm-none-eabi/4.5.2/../../../../arm-none-eabi/lib/thumb2\libc.a(lib_a-memset.o)
 .debug_frame   0x00003144       0x20 c:/coocox/coide/bin/arm-2011.03-coocox/bin/../lib/gcc/arm-none-eabi/4.5.2/../../../../arm-none-eabi/lib/thumb2\libc.a(lib_a-strcpy.o)
 .debug_frame   0x00003164       0x20 c:/coocox/coide/bin/arm-2011.03-coocox/bin/../lib/gcc/arm-none-eabi/4.5.2/../../../../arm-none-eabi/lib/thumb2\libc.a(lib_a-strlen.o)
